D/NetworkController_dual(  520): getNumberOfActiveSim() numberOfSim=0
E/WifiP2pStateTracker(  421): getNetworkInfo : NetworkInfo: type: WIFI_P2P[], state: UNKNOWN/IDLE, reason: (unspecified), extra: (none), roaming: false, failover: false, isAvailable: true
E/WifiP2pStateTracker(  421): getNetworkInfo : NetworkInfo: type: WIFI_P2P[], state: UNKNOWN/IDLE, reason: (unspecified), extra: (none), roaming: false, failover: false, isAvailable: true
D/STATUSBAR-StatusBarManagerService(  421): manageDisableList what=0x0 pkg=android
D/PowerManagerService(  421): releaseDVFSLockLocked : all DVFS_MIN_LIMIT are released 
W/ActivityManager(  421): mDVFSLock.release()
W/InputMethodManagerService(  421): Window already focused, ignoring focus gain of: com.android.internal.view.IInputMethodClient$Stub$Proxy@41ffbd10 attribute=android.view.inputmethod.EditorInfo@42c70b38
V/WindowManager(  421): rotationForOrientationLw(orient=0, last=1); user=0  mLidState=-1 mCoverState=-1 mDockMode=0 mHdmiPlugged=false mAccelerometerDefault=false sensorRotation=-1
D/BatteryService(  421): update start
D/BatteryService(  421): level:100 scale:100 status:5 health:2 present:true voltage: 4353 temperature: 272 technology: Li-ion AC powered:false USB powered:true icon:17303267 invalid charger:0 online:0 charge type:0 current avg:0
W/PowerManagerService(  421): Timer 0x3->0x3|0x3
D/STATUSBAR-BatteryController(  520): onReceive() - ACTION_BATTERY_CHANGED
D/STATUSBAR-BatteryController(  520): onReceive() - level:100
D/STATUSBAR-BatteryController(  520): onReceive() - plugged:2
D/STATUSBAR-BatteryController(  520): onReceive() - BATTERY_STATUS_FULL:
D/STATUSBAR-PhoneStatusBar(  520): ACTION_BATTERY_CHANGED
D/STATUSBAR-PhoneStatusBar(  520): NORMAL_BATTERY
D/WifiService(  421): ACTION_BATTERY_CHANGED pluggedType: 2
V/AlarmManager(  421):  remove] PendingIntent{41dbdb18: PendingIntentRecord{42c25d20 broadcastIntent Key{broadcastIntent pkg=com.google.android.apps.maps intent=act=com.google.android.apps.maps.nlp.ALARM_WAKEUP_BURST_COLLECTION_TRIGGER flags=0x0}}}
I/ActivityManager(  421): Applications Memory Usage (kB):
I/ActivityManager(  421): Uptime: 3243456 Realtime: 3243446
I/ActivityManager(  421): Total PSS by OOM adjustment:
I/ActivityManager(  421):     45053 kB: System
I/ActivityManager(  421):                45053 kB: system (pid 421)
I/ActivityManager(  421):     52235 kB: Persistent
I/ActivityManager(  421):                17583 kB: com.android.systemui (pid 520)
I/ActivityManager(  421):                15386 kB: com.android.phone (pid 653)
I/ActivityManager(  421):                 4794 kB: com.sec.android.app.sysscope (pid 668)
I/ActivityManager(  421):                 4232 kB: com.sec.android.app.FlashBarService (pid 693)
I/ActivityManager(  421):                 3644 kB: com.samsung.android.providers.context (pid 699)
I/ActivityManager(  421):                 3446 kB: com.sec.android.provider.logsprovider (pid 664)
I/ActivityManager(  421):                 3150 kB: com.sec.android.app.twdvfs (pid 559)
I/ActivityManager(  421):     13378 kB: Foreground
I/ActivityManager(  421):                13378 kB: com.sec.android.app.camera (pid 3517)
I/ActivityManager(  421):     33428 kB: Visible
I/ActivityManager(  421):                14536 kB: com.sec.chaton (pid 4226)
I/ActivityManager(  421):                10806 kB: com.android.email (pid 1092)
I/ActivityManager(  421):                 2853 kB: com.android.server.vpn.enterprise:remote (pid 1087)
I/ActivityManager(  421):                 2681 kB: com.android.smspush (pid 903)
I/ActivityManager(  421):                 2552 kB: com.android.server.device.enterprise:remote (pid 735)
I/ActivityManager(  421):     29361 kB: Perceptible
I/ActivityManager(  421):                20009 kB: com.sec.android.inputmethod (pid 606)
I/ActivityManager(  421):                 5311 kB: com.android.MtpApplication (pid 2647)
I/ActivityManager(  421):                 4041 kB: com.tgrape.android.radar (pid 1887)
I/ActivityManager(  421):     21516 kB: A Services
I/ActivityManager(  421):                 9352 kB: com.google.process.gapps (pid 780)
I/ActivityManager(  421):                 7118 kB: com.google.android.apps.maps:GoogleLocationService (pid 3889)
I/ActivityManager(  421):                 5046 kB: com.samsung.videohub (pid 3825)
I/ActivityManager(  421):     28288 kB: Home
I/ActivityManager(  421):                25421 kB: com.sec.android.app.launcher (pid 709)
I/ActivityManager(  421):                 2867 kB: com.sec.android.widgetapp.ap.hero.accuweather.widget:remote (pid 1270)
I/ActivityManager(  421):     50065 kB: B Services
I/ActivityManager(  421):                10978 kB: com.android.mms (pid 1063)
I/ActivityManager(  421):                 8343 kB: android.process.acore (pid 1011)
I/ActivityManager(  421):                 7710 kB: com.google.android.apps.maps (pid 2610)
I/ActivityManager(  421):                 7371 kB: com.android.contacts (pid 1437)
I/ActivityManager(  421):                 6134 kB: com.vlingo.midas (pid 4017)
I/ActivityManager(  421):                 3583 kB: com.sec.android.widgetapp.alarmclock (pid 3984)
I/ActivityManager(  421):                 3060 kB: com.android.pagebuddynotisvc (pid 3953)
I/ActivityManager(  421):                 2886 kB: com.sec.phone (pid 3856)
I/ActivityManager(  421):    130333 kB: Background
I/ActivityManager(  421):                12386 kB: com.google.android.apps.plus (pid 2320)
I/ActivityManager(  421):                 8370 kB: android.process.media (pid 622)
I/ActivityManager(  421):                 7503 kB: com.google.android.music:main (pid 2755)
I/ActivityManager(  421):                 7145 kB: com.sec.android.gallery3d (pid 2935)
I/ActivityManager(  421):                 6945 kB: com.android.vending (pid 1764)
I/ActivityManager(  421):                 6695 kB: com.android.settings (pid 2057)
I/ActivityManager(  421):                 5407 kB: com.google.android.gm (pid 2689)
I/ActivityManager(  421):                 5371 kB: com.sec.android.app.clockpackage (pid 3250)
I/ActivityManager(  421):                 5305 kB: com.google.android.apps.maps:LocationFriendService (pid 3937)
I/ActivityManager(  421):                 4987 kB: com.wssyncmldm (pid 3120)
I/ActivityManager(  421):                 4810 kB: com.sec.factory (pid 3156)
I/ActivityManager(  421):                 4603 kB: com.google.android.apps.maps:FriendService (pid 3922)
I/ActivityManager(  421):                 4335 kB: com.sec.android.app.music:service (pid 2402)
I/ActivityManager(  421):                 4302 kB: com.sec.android.widgetapp.ap.hero.accuweather (pid 3291)
I/ActivityManager(  421):                 3841 kB: com.samsung.helphub (pid 3386)
I/ActivityManager(  421):                 3555 kB: com.sec.android.app.samsungapps.una2 (pid 3407)
I/ActivityManager(  421):                 3467 kB: com.sec.android.daemonapp.ap.yahoostock.stockclock (pid 2984)
I/ActivityManager(  421):                 3431 kB: com.sec.android.daemonapp.ap.yahoonews (pid 2971)
I/ActivityManager(  421):                 3407 kB: com.wssnps (pid 2252)
I/ActivityManager(  421):                 3387 kB: com.sec.android.provider.badge (pid 3372)
I/ActivityManager(  421):                 3311 kB: com.sec.android.widgetapp.favoriteswidget (pid 3332)
I/ActivityManager(  421):                 3239 kB: com.sec.android.daemonapp.ap.accuweather (pid 3276)
I/ActivityManager(  421):                 3139 kB: com.sec.android.app.controlpanel (pid 3319)
I/ActivityManager(  421):                 3110 kB: com.sec.android.widgetapp.programmonitorwidget (pid 3061)
I/ActivityManager(  421):                 3020 kB: com.sec.android.sCloudRelayData (pid 2674)
I/ActivityManager(  421):                 2678 kB: com.sec.android.favoriteappwidget (pid 3305)
I/ActivityManager(  421):                 2584 kB: com.sec.android.Kies (pid 2921)
I/ActivityManager(  421): 
I/ActivityManager(  421): Total PSS: 403657 kB
I/ActivityManager(  421):       KSM: 0 
D/BatteryService(  421): update start
D/BatteryService(  421): level:100 scale:100 status:5 health:2 present:true voltage: 4348 temperature: 272 technology: Li-ion AC powered:false USB powered:true icon:17303267 invalid charger:0 online:0 charge type:0 current avg:0
D/STATUSBAR-BatteryController(  520): onReceive() - ACTION_BATTERY_CHANGED
D/STATUSBAR-BatteryController(  520): onReceive() - level:100
D/STATUSBAR-BatteryController(  520): onReceive() - plugged:2
D/STATUSBAR-BatteryController(  520): onReceive() - BATTERY_STATUS_FULL:
D/WifiService(  421): ACTION_BATTERY_CHANGED pluggedType: 2
D/STATUSBAR-PhoneStatusBar(  520): ACTION_BATTERY_CHANGED
D/STATUSBAR-PhoneStatusBar(  520): NORMAL_BATTERY
V/AlarmManager(  421):  remove] PendingIntent{422fe5d0: PendingIntentRecord{42c25d20 broadcastIntent Key{broadcastIntent pkg=com.google.android.apps.maps intent=act=com.google.android.apps.maps.nlp.ALARM_WAKEUP_BURST_COLLECTION_TRIGGER flags=0x0}}}
D/BatteryService(  421): update start
D/BatteryService(  421): level:100 scale:100 status:5 health:2 present:true voltage: 4342 temperature: 272 technology: Li-ion AC powered:false USB powered:true icon:17303267 invalid charger:0 online:0 charge type:0 current avg:0
D/STATUSBAR-BatteryController(  520): onReceive() - ACTION_BATTERY_CHANGED
D/STATUSBAR-BatteryController(  520): onReceive() - level:100
D/STATUSBAR-BatteryController(  520): onReceive() - plugged:2
D/STATUSBAR-BatteryController(  520): onReceive() - BATTERY_STATUS_FULL:
D/STATUSBAR-PhoneStatusBar(  520): ACTION_BATTERY_CHANGED
D/WifiService(  421): ACTION_BATTERY_CHANGED pluggedType: 2
D/STATUSBAR-PhoneStatusBar(  520): NORMAL_BATTERY
V/AlarmManager(  421):  remove] PendingIntent{42320128: PendingIntentRecord{42c25d20 broadcastIntent Key{broadcastIntent pkg=com.google.android.apps.maps intent=act=com.google.android.apps.maps.nlp.ALARM_WAKEUP_BURST_COLLECTION_TRIGGER flags=0x0}}}
D/BatteryService(  421): update start
D/BatteryService(  421): level:100 scale:100 status:5 health:2 present:true voltage: 4336 temperature: 272 technology: Li-ion AC powered:false USB powered:true icon:17303267 invalid charger:0 online:0 charge type:0 current avg:0
D/WifiService(  421): ACTION_BATTERY_CHANGED pluggedType: 2
D/STATUSBAR-BatteryController(  520): onReceive() - ACTION_BATTERY_CHANGED
D/STATUSBAR-BatteryController(  520): onReceive() - level:100
D/STATUSBAR-BatteryController(  520): onReceive() - plugged:2
D/STATUSBAR-BatteryController(  520): onReceive() - BATTERY_STATUS_FULL:
D/STATUSBAR-PhoneStatusBar(  520): ACTION_BATTERY_CHANGED
D/STATUSBAR-PhoneStatusBar(  520): NORMAL_BATTERY
V/AlarmManager(  421):  remove] PendingIntent{42c54cc0: PendingIntentRecord{42c25d20 broadcastIntent Key{broadcastIntent pkg=com.google.android.apps.maps intent=act=com.google.android.apps.maps.nlp.ALARM_WAKEUP_BURST_COLLECTION_TRIGGER flags=0x0}}}
D/BatteryService(  421): update start
D/BatteryService(  421): level:100 scale:100 status:5 health:2 present:true voltage: 4332 temperature: 272 technology: Li-ion AC powered:false USB powered:true icon:17303267 invalid charger:0 online:0 charge type:0 current avg:0
D/STATUSBAR-BatteryController(  520): onReceive() - ACTION_BATTERY_CHANGED
D/STATUSBAR-BatteryController(  520): onReceive() - level:100
D/STATUSBAR-BatteryController(  520): onReceive() - plugged:2
D/STATUSBAR-BatteryController(  520): onReceive() - BATTERY_STATUS_FULL:
D/STATUSBAR-PhoneStatusBar(  520): ACTION_BATTERY_CHANGED
D/STATUSBAR-PhoneStatusBar(  520): NORMAL_BATTERY
D/WifiService(  421): ACTION_BATTERY_CHANGED pluggedType: 2
V/AlarmManager(  421):  remove] PendingIntent{42240d10: PendingIntentRecord{42c25d20 broadcastIntent Key{broadcastIntent pkg=com.google.android.apps.maps intent=act=com.google.android.apps.maps.nlp.ALARM_WAKEUP_BURST_COLLECTION_TRIGGER flags=0x0}}}
W/PowerManagerService(  421): Timer 0x3->0x1|0x3
D/BatteryService(  421): update start
D/BatteryService(  421): level:100 scale:100 status:5 health:2 present:true voltage: 4326 temperature: 272 technology: Li-ion AC powered:false USB powered:true icon:17303267 invalid charger:0 online:0 charge type:0 current avg:0
D/STATUSBAR-BatteryController(  520): onReceive() - ACTION_BATTERY_CHANGED
D/STATUSBAR-BatteryController(  520): onReceive() - level:100
D/STATUSBAR-BatteryController(  520): onReceive() - plugged:2
D/STATUSBAR-BatteryController(  520): onReceive() - BATTERY_STATUS_FULL:
D/WifiService(  421): ACTION_BATTERY_CHANGED pluggedType: 2
D/STATUSBAR-PhoneStatusBar(  520): ACTION_BATTERY_CHANGED
D/STATUSBAR-PhoneStatusBar(  520): NORMAL_BATTERY
V/AlarmManager(  421):  remove] PendingIntent{42e7ca00: PendingIntentRecord{42c25d20 broadcastIntent Key{broadcastIntent pkg=com.google.android.apps.maps intent=act=com.google.android.apps.maps.nlp.ALARM_WAKEUP_BURST_COLLECTION_TRIGGER flags=0x0}}}
W/PowerManagerService(  421): Timer 0x3->0x0|0x3
E/PowerManagerService(  421): CurLock p:3 mPS:3
W/PowerManagerService(  421): type=SCREEN_BRIGHT_WAKE_LOCK        'AbstractCameraActivity' active (minState=3) activeT=29331  uid=10088  pid=3517
D/BatteryService(  421): update start
D/BatteryService(  421): level:100 scale:100 status:5 health:2 present:true voltage: 4320 temperature: 272 technology: Li-ion AC powered:false USB powered:true icon:17303267 invalid charger:0 online:0 charge type:0 current avg:0
D/WifiService(  421): ACTION_BATTERY_CHANGED pluggedType: 2
D/STATUSBAR-BatteryController(  520): onReceive() - ACTION_BATTERY_CHANGED
D/STATUSBAR-BatteryController(  520): onReceive() - level:100
D/STATUSBAR-BatteryController(  520): onReceive() - plugged:2
D/STATUSBAR-BatteryController(  520): onReceive() - BATTERY_STATUS_FULL:
D/STATUSBAR-PhoneStatusBar(  520): ACTION_BATTERY_CHANGED
D/STATUSBAR-PhoneStatusBar(  520): NORMAL_BATTERY
V/AlarmManager(  421):  remove] PendingIntent{424159f8: PendingIntentRecord{42c25d20 broadcastIntent Key{broadcastIntent pkg=com.google.android.apps.maps intent=act=com.google.android.apps.maps.nlp.ALARM_WAKEUP_BURST_COLLECTION_TRIGGER flags=0x0}}}
D/PowerManagerService(  421): userActivity : mUserState 0x3
D/VoIPInterfaceManager(  421): isVoIPIdle()...
D/VoIPInterfaceManager(  421):     Not exist call session
D/VoIPInterfaceManager(  421):     isVoIPIdle() : No session in db 
W/PowerManagerService(  421): Timer 0x3->0x3|0x3
D/BatteryService(  421): update start
D/BatteryService(  421): level:100 scale:100 status:5 health:2 present:true voltage: 4317 temperature: 272 technology: Li-ion AC powered:false USB powered:true icon:17303267 invalid charger:0 online:0 charge type:0 current avg:0
D/STATUSBAR-BatteryController(  520): onReceive() - ACTION_BATTERY_CHANGED
D/STATUSBAR-BatteryController(  520): onReceive() - level:100
D/STATUSBAR-BatteryController(  520): onReceive() - plugged:2
D/STATUSBAR-BatteryController(  520): onReceive() - BATTERY_STATUS_FULL:
D/STATUSBAR-PhoneStatusBar(  520): ACTION_BATTERY_CHANGED
D/WifiService(  421): ACTION_BATTERY_CHANGED pluggedType: 2
D/STATUSBAR-PhoneStatusBar(  520): NORMAL_BATTERY
V/AlarmManager(  421):  remove] PendingIntent{42281e20: PendingIntentRecord{42c25d20 broadcastIntent Key{broadcastIntent pkg=com.google.android.apps.maps intent=act=com.google.android.apps.maps.nlp.ALARM_WAKEUP_BURST_COLLECTION_TRIGGER flags=0x0}}}
V/AlarmManager(  421): waitForAlarm result :8
V/AlarmManager(  421): AlarmManager_setLocked to type=3 as =3645 ans=331000000
V/AlarmManager(  421): sending alarm Alarm{42ccbc38 type 3 PendingIntent{42122ad8: PendingIntentRecord{41fe0018 broadcastIntent Key{broadcastIntent pkg=android intent=act=android.intent.action.TIME_TICK flg=0x40000000 flags=0x0}}}}
V/AlarmManager(  421): ClockReceiver onReceive() ACTION_TIME_TICK
W/AlarmManager(  421): Set alarm: type= 3 triggerAtTime= 3339303
W/AlarmManager(  421): FACTORY_ON= 0
V/AlarmManager(  421): setRepeating (T:3)20120101T070700 android (3339303,INT:0)
V/AlarmManager(  421): Adding alarm (T:3 at 0) 20120101T070700 PendingIntent{42122ad8: PendingIntentRecord{41fe0018 broadcastIntent Key{broadcastIntent pkg=android intent=act=android.intent.action.TIME_TICK flg=0x40000000 flags=0x0}}} (3339303,INT:0)
V/AlarmManager(  421): AlarmManager_setLocked to type=3 as =3339 ans=303000000
D/STATUSBAR-Clock(  520): onReceive() - ACTION_TIME_TICK
D/STATUSBAR-Clock(  520): onReceive() - ACTION_TIME_TICK
D/BatteryService(  421): update start
D/BatteryService(  421): level:100 scale:100 status:5 health:2 present:true voltage: 4313 temperature: 272 technology: Li-ion AC powered:false USB powered:true icon:17303267 invalid charger:0 online:0 charge type:0 current avg:0
D/WifiService(  421): ACTION_BATTERY_CHANGED pluggedType: 2
D/STATUSBAR-BatteryController(  520): onReceive() - ACTION_BATTERY_CHANGED
D/STATUSBAR-BatteryController(  520): onReceive() - level:100
D/STATUSBAR-BatteryController(  520): onReceive() - plugged:2
D/STATUSBAR-BatteryController(  520): onReceive() - BATTERY_STATUS_FULL:
D/STATUSBAR-PhoneStatusBar(  520): ACTION_BATTERY_CHANGED
D/STATUSBAR-PhoneStatusBar(  520): NORMAL_BATTERY
V/AlarmManager(  421):  remove] PendingIntent{42db0420: PendingIntentRecord{42c25d20 broadcastIntent Key{broadcastIntent pkg=com.google.android.apps.maps intent=act=com.google.android.apps.maps.nlp.ALARM_WAKEUP_BURST_COLLECTION_TRIGGER flags=0x0}}}
D/BatteryService(  421): update start
D/BatteryService(  421): level:100 scale:100 status:5 health:2 present:true voltage: 4308 temperature: 272 technology: Li-ion AC powered:false USB powered:true icon:17303267 invalid charger:0 online:0 charge type:0 current avg:0
D/STATUSBAR-BatteryController(  520): onReceive() - ACTION_BATTERY_CHANGED
D/STATUSBAR-BatteryController(  520): onReceive() - level:100
D/STATUSBAR-BatteryController(  520): onReceive() - plugged:2
D/STATUSBAR-BatteryController(  520): onReceive() - BATTERY_STATUS_FULL:
D/STATUSBAR-PhoneStatusBar(  520): ACTION_BATTERY_CHANGED
D/WifiService(  421): ACTION_BATTERY_CHANGED pluggedType: 2
D/STATUSBAR-PhoneStatusBar(  520): NORMAL_BATTERY
V/AlarmManager(  421):  remove] PendingIntent{4301eab0: PendingIntentRecord{42c25d20 broadcastIntent Key{broadcastIntent pkg=com.google.android.apps.maps intent=act=com.google.android.apps.maps.nlp.ALARM_WAKEUP_BURST_COLLECTION_TRIGGER flags=0x0}}}
D/BatteryService(  421): update start
D/BatteryService(  421): level:100 scale:100 status:5 health:2 present:true voltage: 4303 temperature: 272 technology: Li-ion AC powered:false USB powered:true icon:17303267 invalid charger:0 online:0 charge type:0 current avg:0
D/WifiService(  421): ACTION_BATTERY_CHANGED pluggedType: 2
D/STATUSBAR-BatteryController(  520): onReceive() - ACTION_BATTERY_CHANGED
D/STATUSBAR-BatteryController(  520): onReceive() - level:100
D/STATUSBAR-BatteryController(  520): onReceive() - plugged:2
D/STATUSBAR-BatteryController(  520): onReceive() - BATTERY_STATUS_FULL:
D/STATUSBAR-PhoneStatusBar(  520): ACTION_BATTERY_CHANGED
D/STATUSBAR-PhoneStatusBar(  520): NORMAL_BATTERY
V/AlarmManager(  421):  remove] PendingIntent{42e7f3c0: PendingIntentRecord{42c25d20 broadcastIntent Key{broadcastIntent pkg=com.google.android.apps.maps intent=act=com.google.android.apps.maps.nlp.ALARM_WAKEUP_BURST_COLLECTION_TRIGGER flags=0x0}}}
W/PowerManagerService(  421): Timer 0x3->0x1|0x3
D/BatteryService(  421): update start
D/BatteryService(  421): level:100 scale:100 status:5 health:2 present:true voltage: 4299 temperature: 272 technology: Li-ion AC powered:false USB powered:true icon:17303267 invalid charger:0 online:0 charge type:0 current avg:0
D/STATUSBAR-BatteryController(  520): onReceive() - ACTION_BATTERY_CHANGED
D/STATUSBAR-BatteryController(  520): onReceive() - level:100
D/STATUSBAR-BatteryController(  520): onReceive() - plugged:2
D/STATUSBAR-BatteryController(  520): onReceive() - BATTERY_STATUS_FULL:
D/STATUSBAR-PhoneStatusBar(  520): ACTION_BATTERY_CHANGED
D/STATUSBAR-PhoneStatusBar(  520): NORMAL_BATTERY
D/BatteryService(  421): update start
V/AlarmManager(  421):  remove] PendingIntent{42c9bce8: PendingIntentRecord{42c25d20 broadcastIntent Key{broadcastIntent pkg=com.google.android.apps.maps intent=act=com.google.android.apps.maps.nlp.ALARM_WAKEUP_BURST_COLLECTION_TRIGGER flags=0x0}}}
D/WifiService(  421): ACTION_BATTERY_CHANGED pluggedType: 2
D/BatteryService(  421): update start
D/BatteryService(  421): level:100 scale:100 status:5 health:2 present:true voltage: 4294 temperature: 272 technology: Li-ion AC powered:false USB powered:true icon:17303267 invalid charger:0 online:0 charge type:0 current avg:0
D/STATUSBAR-BatteryController(  520): onReceive() - ACTION_BATTERY_CHANGED
D/STATUSBAR-BatteryController(  520): onReceive() - level:100
D/STATUSBAR-BatteryController(  520): onReceive() - plugged:2
D/STATUSBAR-BatteryController(  520): onReceive() - BATTERY_STATUS_FULL:
D/STATUSBAR-PhoneStatusBar(  520): ACTION_BATTERY_CHANGED
D/STATUSBAR-PhoneStatusBar(  520): NORMAL_BATTERY
D/WifiService(  421): ACTION_BATTERY_CHANGED pluggedType: 2
V/AlarmManager(  421):  remove] PendingIntent{4301d608: PendingIntentRecord{42c25d20 broadcastIntent Key{broadcastIntent pkg=com.google.android.apps.maps intent=act=com.google.android.apps.maps.nlp.ALARM_WAKEUP_BURST_COLLECTION_TRIGGER flags=0x0}}}
D/BatteryService(  421): update start
D/BatteryService(  421): level:100 scale:100 status:5 health:2 present:true voltage: 4289 temperature: 272 technology: Li-ion AC powered:false USB powered:true icon:17303267 invalid charger:0 online:0 charge type:0 current avg:0
D/WifiService(  421): ACTION_BATTERY_CHANGED pluggedType: 2
D/STATUSBAR-BatteryController(  520): onReceive() - ACTION_BATTERY_CHANGED
D/STATUSBAR-BatteryController(  520): onReceive() - level:100
D/STATUSBAR-BatteryController(  520): onReceive() - plugged:2
D/STATUSBAR-BatteryController(  520): onReceive() - BATTERY_STATUS_FULL:
D/STATUSBAR-PhoneStatusBar(  520): ACTION_BATTERY_CHANGED
D/STATUSBAR-PhoneStatusBar(  520): NORMAL_BATTERY
V/AlarmManager(  421):  remove] PendingIntent{42f73390: PendingIntentRecord{42c25d20 broadcastIntent Key{broadcastIntent pkg=com.google.android.apps.maps intent=act=com.google.android.apps.maps.nlp.ALARM_WAKEUP_BURST_COLLECTION_TRIGGER flags=0x0}}}
W/PowerManagerService(  421): Timer 0x3->0x0|0x3
E/PowerManagerService(  421): CurLock p:3 mPS:3
W/PowerManagerService(  421): type=SCREEN_BRIGHT_WAKE_LOCK        'AbstractCameraActivity' active (minState=3) activeT=62747  uid=10088  pid=3517
D/BatteryService(  421): update start
D/BatteryService(  421): level:100 scale:100 status:5 health:2 present:true voltage: 4283 temperature: 273 technology: Li-ion AC powered:false USB powered:true icon:17303267 invalid charger:0 online:0 charge type:0 current avg:0
D/WifiService(  421): ACTION_BATTERY_CHANGED pluggedType: 2
D/STATUSBAR-BatteryController(  520): onReceive() - ACTION_BATTERY_CHANGED
D/STATUSBAR-BatteryController(  520): onReceive() - level:100
D/STATUSBAR-BatteryController(  520): onReceive() - plugged:2
D/STATUSBAR-BatteryController(  520): onReceive() - BATTERY_STATUS_FULL:
D/STATUSBAR-PhoneStatusBar(  520): ACTION_BATTERY_CHANGED
D/STATUSBAR-PhoneStatusBar(  520): NORMAL_BATTERY
V/AlarmManager(  421):  remove] PendingIntent{42d9bbe8: PendingIntentRecord{42c25d20 broadcastIntent Key{broadcastIntent pkg=com.google.android.apps.maps intent=act=com.google.android.apps.maps.nlp.ALARM_WAKEUP_BURST_COLLECTION_TRIGGER flags=0x0}}}
D/BatteryService(  421): update start
D/BatteryService(  421): level:100 scale:100 status:5 health:2 present:true voltage: 4280 temperature: 273 technology: Li-ion AC powered:false USB powered:true icon:17303267 invalid charger:0 online:0 charge type:0 current avg:0
D/WifiService(  421): ACTION_BATTERY_CHANGED pluggedType: 2
D/STATUSBAR-BatteryController(  520): onReceive() - ACTION_BATTERY_CHANGED
D/STATUSBAR-BatteryController(  520): onReceive() - level:100
D/STATUSBAR-BatteryController(  520): onReceive() - plugged:2
D/STATUSBAR-BatteryController(  520): onReceive() - BATTERY_STATUS_FULL:
D/STATUSBAR-PhoneStatusBar(  520): ACTION_BATTERY_CHANGED
D/STATUSBAR-PhoneStatusBar(  520): NORMAL_BATTERY
V/AlarmManager(  421):  remove] PendingIntent{42cd4890: PendingIntentRecord{42c25d20 broadcastIntent Key{broadcastIntent pkg=com.google.android.apps.maps intent=act=com.google.android.apps.maps.nlp.ALARM_WAKEUP_BURST_COLLECTION_TRIGGER flags=0x0}}}
D/BatteryService(  421): update start
D/BatteryService(  421): level:100 scale:100 status:5 health:2 present:true voltage: 4283 temperature: 273 technology: Li-ion AC powered:false USB powered:true icon:17303267 invalid charger:0 online:0 charge type:0 current avg:0
D/STATUSBAR-BatteryController(  520): onReceive() - ACTION_BATTERY_CHANGED
D/STATUSBAR-BatteryController(  520): onReceive() - level:100
D/STATUSBAR-BatteryController(  520): onReceive() - plugged:2
D/STATUSBAR-BatteryController(  520): onReceive() - BATTERY_STATUS_FULL:
D/STATUSBAR-PhoneStatusBar(  520): ACTION_BATTERY_CHANGED
D/STATUSBAR-PhoneStatusBar(  520): NORMAL_BATTERY
D/WifiService(  421): ACTION_BATTERY_CHANGED pluggedType: 2
V/AlarmManager(  421):  remove] PendingIntent{42c760d0: PendingIntentRecord{42c25d20 broadcastIntent Key{broadcastIntent pkg=com.google.android.apps.maps intent=act=com.google.android.apps.maps.nlp.ALARM_WAKEUP_BURST_COLLECTION_TRIGGER flags=0x0}}}
D/BatteryService(  421): update start
D/BatteryService(  421): level:100 scale:100 status:5 health:2 present:true voltage: 4285 temperature: 273 technology: Li-ion AC powered:false USB powered:true icon:17303267 invalid charger:0 online:0 charge type:0 current avg:0
D/WifiService(  421): ACTION_BATTERY_CHANGED pluggedType: 2
V/AlarmManager(  421):  remove] PendingIntent{41f6a8a8: PendingIntentRecord{42c25d20 broadcastIntent Key{broadcastIntent pkg=com.google.android.apps.maps intent=act=com.google.android.apps.maps.nlp.ALARM_WAKEUP_BURST_COLLECTION_TRIGGER flags=0x0}}}
D/STATUSBAR-BatteryController(  520): onReceive() - ACTION_BATTERY_CHANGED
D/STATUSBAR-BatteryController(  520): onReceive() - level:100
D/STATUSBAR-BatteryController(  520): onReceive() - plugged:2
D/STATUSBAR-BatteryController(  520): onReceive() - BATTERY_STATUS_FULL:
D/STATUSBAR-PhoneStatusBar(  520): ACTION_BATTERY_CHANGED
D/STATUSBAR-PhoneStatusBar(  520): NORMAL_BATTERY
D/BatteryService(  421): update start
D/BatteryService(  421): level:100 scale:100 status:5 health:2 present:true voltage: 4288 temperature: 272 technology: Li-ion AC powered:false USB powered:true icon:17303267 invalid charger:0 online:0 charge type:0 current avg:0
D/STATUSBAR-BatteryController(  520): onReceive() - ACTION_BATTERY_CHANGED
D/STATUSBAR-BatteryController(  520): onReceive() - level:100
D/STATUSBAR-BatteryController(  520): onReceive() - plugged:2
D/STATUSBAR-BatteryController(  520): onReceive() - BATTERY_STATUS_FULL:
D/STATUSBAR-PhoneStatusBar(  520): ACTION_BATTERY_CHANGED
D/STATUSBAR-PhoneStatusBar(  520): NORMAL_BATTERY
D/WifiService(  421): ACTION_BATTERY_CHANGED pluggedType: 2
V/AlarmManager(  421):  remove] PendingIntent{420974e0: PendingIntentRecord{42c25d20 broadcastIntent Key{broadcastIntent pkg=com.google.android.apps.maps intent=act=com.google.android.apps.maps.nlp.ALARM_WAKEUP_BURST_COLLECTION_TRIGGER flags=0x0}}}
D/BatteryService(  421): update start
D/BatteryService(  421): level:100 scale:100 status:5 health:2 present:true voltage: 4289 temperature: 272 technology: Li-ion AC powered:false USB powered:true icon:17303267 invalid charger:0 online:0 charge type:0 current avg:0
D/WifiService(  421): ACTION_BATTERY_CHANGED pluggedType: 2
V/AlarmManager(  421):  remove] PendingIntent{42170b90: PendingIntentRecord{42c25d20 broadcastIntent Key{broadcastIntent pkg=com.google.android.apps.maps intent=act=com.google.android.apps.maps.nlp.ALARM_WAKEUP_BURST_COLLECTION_TRIGGER flags=0x0}}}
D/STATUSBAR-BatteryController(  520): onReceive() - ACTION_BATTERY_CHANGED
D/STATUSBAR-BatteryController(  520): onReceive() - level:100
D/STATUSBAR-BatteryController(  520): onReceive() - plugged:2
D/STATUSBAR-BatteryController(  520): onReceive() - BATTERY_STATUS_FULL:
D/STATUSBAR-PhoneStatusBar(  520): ACTION_BATTERY_CHANGED
D/STATUSBAR-PhoneStatusBar(  520): NORMAL_BATTERY
V/AlarmManager(  421): waitForAlarm result :8
V/AlarmManager(  421): AlarmManager_setLocked to type=3 as =3645 ans=331000000
V/AlarmManager(  421): sending alarm Alarm{42ee0048 type 3 PendingIntent{42122ad8: PendingIntentRecord{41fe0018 broadcastIntent Key{broadcastIntent pkg=android intent=act=android.intent.action.TIME_TICK flg=0x40000000 flags=0x0}}}}
V/AlarmManager(  421): ClockReceiver onReceive() ACTION_TIME_TICK
W/AlarmManager(  421): Set alarm: type= 3 triggerAtTime= 3399303
W/AlarmManager(  421): FACTORY_ON= 0
V/AlarmManager(  421): setRepeating (T:3)20120101T070800 android (3399303,INT:0)
V/AlarmManager(  421): Adding alarm (T:3 at 0) 20120101T070800 PendingIntent{42122ad8: PendingIntentRecord{41fe0018 broadcastIntent Key{broadcastIntent pkg=android intent=act=android.intent.action.TIME_TICK flg=0x40000000 flags=0x0}}} (3399303,INT:0)
V/AlarmManager(  421): AlarmManager_setLocked to type=3 as =3399 ans=303000000
D/STATUSBAR-Clock(  520): onReceive() - ACTION_TIME_TICK
D/STATUSBAR-Clock(  520): onReceive() - ACTION_TIME_TICK
D/BatteryService(  421): update start
D/BatteryService(  421): level:100 scale:100 status:3 health:2 present:true voltage: 4289 temperature: 272 technology: Li-ion AC powered:false USB powered:false icon:17303251 invalid charger:0 online:0 charge type:0 current avg:0
D/PowerManagerService(  421): userActivity : mUserState 0x3
D/STATUSBAR-BatteryController(  520): onReceive() - ACTION_BATTERY_CHANGED
D/STATUSBAR-BatteryController(  520): onReceive() - level:100
D/STATUSBAR-BatteryController(  520): onReceive() - plugged:0
D/STATUSBAR-BatteryController(  520): onReceive() - BATTERY_STATUS_DISCHARGING: stat_sys_battery
D/WifiService(  421): ACTION_BATTERY_CHANGED pluggedType: 0
D/UsbDeviceManager(  421): received ACTION_POWER_DISCONNECTED = -1
D/STATUSBAR-PhoneStatusBar(  520): ACTION_BATTERY_CHANGED
D/STATUSBAR-PhoneStatusBar(  520): NORMAL_BATTERY
D/STATUSBAR-NotificationService(  421): updateLightsLocked() : Turn off notification light
D/BatteryService(  421): update start
D/BatteryService(  421): update start
V/UsbDeviceManager(  421): USB UEVENT: {USB_STATE=DISCONNECTED, SUBSYSTEM=android_usb, DEVPATH=/devices/virtual/android_usb/android0, SEQNUM=2428, ACTION=change}
D/StatusBar(  520): expanding top notification at 3entry.userCollapsed() = false
D/NetworkController_dual(  520): getNumberOfActiveSim() SIM0:systemSimState=0, simActive=1, mSimState=ABSENT
D/NetworkController_dual(  520): getNumberOfActiveSim() SIM1:systemSimState=0, simActive=1, mSimState=ABSENT
D/NetworkController_dual(  520): getNumberOfActiveSim() numberOfSim=0
D/UsbDeviceManager(  421): handleMessage -> MSG_POWER_STATE = 0
D/NetworkController_dual(  520): getNumberOfActiveSim() SIM0:systemSimState=0, simActive=1, mSimState=ABSENT
D/NetworkController_dual(  520): getNumberOfActiveSim() SIM1:systemSimState=0, simActive=1, mSimState=ABSENT
D/NetworkController_dual(  520): getNumberOfActiveSim() numberOfSim=0
I/ActivityManager(  421): Start proc com.sec.android.cloudagent for broadcast com.sec.android.cloudagent/.detector.DetectorReceiver: pid=4482 uid=10022 gids={3003, 1015, 1023, 1028}
D/UsbDeviceManager(  421): sending intent : ACTION_USB_CABLE_STATE : connected = false
D/PowerManagerService(  421): setScreenOffTimeouts mKeylightDelay=1500 mDimDelay=21500 mScreenOffDelay=7000 mDimScreen=true
D/STATUSBAR-NotificationService(  421): updateLightsLocked() : Turn off notification light
V/AlarmManager(  421):  remove] PendingIntent{42cf9788: PendingIntentRecord{42c25d20 broadcastIntent Key{broadcastIntent pkg=com.google.android.apps.maps intent=act=com.google.android.apps.maps.nlp.ALARM_WAKEUP_BURST_COLLECTION_TRIGGER flags=0x0}}}
I/ActivityManager(  421): Process com.android.MtpApplication (pid 2647) (adj 0) has died.
D/BatteryService(  421): update start
D/BatteryService(  421): level:100 scale:100 status:3 health:2 present:true voltage: 4283 temperature: 272 technology: Li-ion AC powered:false USB powered:false icon:17303251 invalid charger:0 online:0 charge type:0 current avg:0
D/STATUSBAR-BatteryController(  520): onReceive() - ACTION_BATTERY_CHANGED
D/STATUSBAR-BatteryController(  520): onReceive() - level:100
D/STATUSBAR-BatteryController(  520): onReceive() - plugged:0
D/STATUSBAR-BatteryController(  520): onReceive() - BATTERY_STATUS_DISCHARGING: stat_sys_battery
D/STATUSBAR-PhoneStatusBar(  520): ACTION_BATTERY_CHANGED
D/STATUSBAR-PhoneStatusBar(  520): NORMAL_BATTERY
D/WifiService(  421): ACTION_BATTERY_CHANGED pluggedType: 0
V/AlarmManager(  421):  remove] PendingIntent{42dba3f8: PendingIntentRecord{42c25d20 broadcastIntent Key{broadcastIntent pkg=com.google.android.apps.maps intent=act=com.google.android.apps.maps.nlp.ALARM_WAKEUP_BURST_COLLECTION_TRIGGER flags=0x0}}}
D/UsbDeviceManager(  421): handleMessage -> MSG_UPDATE_STATE connected = 0,configured = 0
D/UsbDeviceManager(  421): updateUsbNotification : mConnected = false, mConfigured = false, mCurrentFunctions = mtp,acm,adb
D/STATUSBAR-NotificationService(  421): updateLightsLocked() : Turn off notification light
D/UsbDeviceManager(  421): updateUsbNotification : cancel id = 17040805, title = Connected as a media device
D/StatusBar(  520): expanding top notification at 2entry.userCollapsed() = false
D/UsbDeviceManager(  421): sending intent : ACTION_USB_STATE : connected = false, configured = false, functions = mtp,acm,adb
D/NetworkController_dual(  520): getNumberOfActiveSim() SIM0:systemSimState=0, simActive=1, mSimState=ABSENT
D/NetworkController_dual(  520): getNumberOfActiveSim() SIM1:systemSimState=0, simActive=1, mSimState=ABSENT
D/NetworkController_dual(  520): getNumberOfActiveSim() numberOfSim=0
D/NetworkController_dual(  520): getNumberOfActiveSim() SIM0:systemSimState=0, simActive=1, mSimState=ABSENT
D/NetworkController_dual(  520): getNumberOfActiveSim() SIM1:systemSimState=0, simActive=1, mSimState=ABSENT
D/NetworkController_dual(  520): getNumberOfActiveSim() numberOfSim=0
W/PowerManagerService(  421): Timer 0x3->0x3|0x3
I/ActivityManager(  421): Start proc com.google.android.apps.uploader for broadcast com.google.android.apps.uploader/com.google.android.picasasync.BatteryReceiver: pid=4501 uid=10060 gids={3003, 1015, 1023, 1028}
I/ActivityManager(  421): Start proc com.samsung.music for broadcast com.samsung.music/com.mspot.android.aria.store.sync.DownloadNowBroadcastReceiver: pid=4515 uid=10064 gids={3003, 1015, 1023, 1028}
D/STATUSBAR-NotificationService(  421): cancelAllNotifications()
I/ActivityManager(  421): Start proc com.sec.android.app.videoplayer for broadcast com.sec.android.app.videoplayer/.videowall.TranscodeReceiver: pid=4533 uid=10123 gids={3003, 3002, 1015, 1023, 1028}
I/ActivityManager(  421): No longer want com.sec.android.daemonapp.ap.yahoonews (pid 2971) (adj 13) : hidden #30
D/MediaScannerReceiver(  622): action: android.intent.action.MTP_FILE_SCAN
I/ActivityManager(  421): Start proc com.android.MtpApplication for broadcast com.android.MtpApplication/.MtpReceiver: pid=4550 uid=1000 gids={3003, 1015, 1023, 1028, 3001, 3002, 1006, 1007, 2001, 1001, 3007}
I/ActivityManager(  421): No longer want com.sec.android.daemonapp.ap.yahoostock.stockclock (pid 2984) (adj 12) : hidden #30
D/MediaScannerService(  622): start scanning volume external: [/storage/sdcard0, /storage/extSdCard, /storage/UsbDriveA, /storage/UsbDriveB, /storage/UsbDriveC, /storage/UsbDriveD, /storage/UsbDriveE, /storage/UsbDriveF]
W/AlarmManager(  421): Set alarm: type= 0 triggerAtTime= 1325401636135
W/AlarmManager(  421): FACTORY_ON= 0
V/AlarmManager(  421): setRepeating (T:0)20120101T070716 com.google.android.apps.plus (1325401636135,INT:0)
V/AlarmManager(  421): Adding alarm (T:0 at 0) 20120101T070716 PendingIntent{42e85ad0: PendingIntentRecord{42e858f8 broadcastIntent Key{broadcastIntent pkg=com.google.android.apps.plus intent=act=com.google.android.apps.plus.NEW_PICTURE flags=0x0}}} (1325401636135,INT:0)
V/AlarmManager(  421): AlarmManager_setLocked to type=0 as =1325401636 ans=135000000
W/AlarmManager(  421): Set alarm: type= 0 triggerAtTime= 1325401636156
W/AlarmManager(  421): FACTORY_ON= 0
V/AlarmManager(  421): setRepeating (T:0)20120101T070716 com.google.android.apps.plus (1325401636156,INT:0)
V/AlarmManager(  421): Adding alarm (T:0 at 0) 20120101T070716 PendingIntent{42ec1970: PendingIntentRecord{42e858f8 broadcastIntent Key{broadcastIntent pkg=com.google.android.apps.plus intent=act=com.google.android.apps.plus.NEW_PICTURE flags=0x0}}} (1325401636156,INT:0)
V/AlarmManager(  421): AlarmManager_setLocked to type=0 as =1325401636 ans=156000000
W/AlarmManager(  421): Set alarm: type= 0 triggerAtTime= 1325401636160
W/AlarmManager(  421): FACTORY_ON= 0
V/AlarmManager(  421): setRepeating (T:0)20120101T070716 com.google.android.apps.plus (1325401636160,INT:0)
V/AlarmManager(  421): Adding alarm (T:0 at 0) 20120101T070716 PendingIntent{42ec1a80: PendingIntentRecord{42e858f8 broadcastIntent Key{broadcastIntent pkg=com.google.android.apps.plus intent=act=com.google.android.apps.plus.NEW_PICTURE flags=0x0}}} (1325401636160,INT:0)
V/AlarmManager(  421): AlarmManager_setLocked to type=0 as =1325401636 ans=160000000
W/AlarmManager(  421): Set alarm: type= 0 triggerAtTime= 1325401636162
W/AlarmManager(  421): FACTORY_ON= 0
V/AlarmManager(  421): setRepeating (T:0)20120101T070716 com.google.android.apps.plus (1325401636162,INT:0)
V/AlarmManager(  421): Adding alarm (T:0 at 0) 20120101T070716 PendingIntent{42c56158: PendingIntentRecord{42e858f8 broadcastIntent Key{broadcastIntent pkg=com.google.android.apps.plus intent=act=com.google.android.apps.plus.NEW_PICTURE flags=0x0}}} (1325401636162,INT:0)
V/AlarmManager(  421): AlarmManager_setLocked to type=0 as =1325401636 ans=162000000
W/AlarmManager(  421): Set alarm: type= 0 triggerAtTime= 1325401636164
W/AlarmManager(  421): FACTORY_ON= 0
V/AlarmManager(  421): setRepeating (T:0)20120101T070716 com.google.android.apps.plus (1325401636164,INT:0)
V/AlarmManager(  421): Adding alarm (T:0 at 0) 20120101T070716 PendingIntent{43046a00: PendingIntentRecord{42e858f8 broadcastIntent Key{broadcastIntent pkg=com.google.android.apps.plus intent=act=com.google.android.apps.plus.NEW_PICTURE flags=0x0}}} (1325401636164,INT:0)
V/AlarmManager(  421): AlarmManager_setLocked to type=0 as =1325401636 ans=164000000
W/AlarmManager(  421): Set alarm: type= 0 triggerAtTime= 1325401636167
W/AlarmManager(  421): FACTORY_ON= 0
V/AlarmManager(  421): setRepeating (T:0)20120101T070716 com.google.android.apps.plus (1325401636167,INT:0)
V/AlarmManager(  421): Adding alarm (T:0 at 0) 20120101T070716 PendingIntent{42edf1b8: PendingIntentRecord{42e858f8 broadcastIntent Key{broadcastIntent pkg=com.google.android.apps.plus intent=act=com.google.android.apps.plus.NEW_PICTURE flags=0x0}}} (1325401636167,INT:0)
V/AlarmManager(  421): AlarmManager_setLocked to type=0 as =1325401636 ans=167000000
I/ActivityManager(  421): Start proc com.sec.android.app.tmserver for broadcast com.sec.android.app.tmserver/.TMNetworkReceiver: pid=4563 uid=1000 gids={3003, 1015, 1023, 1028, 3001, 3002, 1006, 1007, 2001, 1001, 3007}
D/BatteryService(  421): update start
D/BatteryService(  421): level:100 scale:100 status:3 health:2 present:true voltage: 4283 temperature: 272 technology: Li-ion AC powered:false USB powered:true icon:17303251 invalid charger:0 online:0 charge type:0 current avg:0
D/UsbDeviceManager(  421): handleMessage -> MSG_POWER_STATE = 1
D/WifiService(  421): ACTION_BATTERY_CHANGED pluggedType: 2
D/BatteryService(  421): update start
D/BatteryService(  421): level:100 scale:100 status:2 health:2 present:true voltage: 4283 temperature: 272 technology: Li-ion AC powered:false USB powered:true icon:17303267 invalid charger:0 online:0 charge type:0 current avg:0
D/STATUSBAR-BatteryController(  520): onReceive() - ACTION_BATTERY_CHANGED
D/STATUSBAR-BatteryController(  520): onReceive() - level:100
D/STATUSBAR-BatteryController(  520): onReceive() - plugged:2
D/STATUSBAR-BatteryController(  520): onReceive() - BATTERY_STATUS_DISCHARGING: stat_sys_battery
D/STATUSBAR-PhoneStatusBar(  520): ACTION_BATTERY_CHANGED
D/STATUSBAR-PhoneStatusBar(  520): NORMAL_BATTERY
D/PowerUI (  520): playSound : 1
D/WifiService(  421): ACTION_BATTERY_CHANGED pluggedType: 2
D/UsbDeviceManager(  421): sending intent : ACTION_USB_CABLE_STATE : connected = true
D/VibratorService(  421): JNI vibratorOff()
I/ActivityManager(  421): No longer want com.wssnps (pid 2252) (adj 12) : hidden #30
D/VibratorService(  421): JNI vibratorOn() : 100
D/PowerUI (  520): RINGER_MODE_VIBRATE
D/STATUSBAR-BatteryController(  520): onReceive() - ACTION_BATTERY_CHANGED
D/STATUSBAR-BatteryController(  520): onReceive() - level:100
D/STATUSBAR-BatteryController(  520): onReceive() - plugged:2
D/STATUSBAR-BatteryController(  520): onReceive() - BATTERY_STATUS_CHARGING:
D/STATUSBAR-PhoneStatusBar(  520): ACTION_BATTERY_CHANGED
D/STATUSBAR-PhoneStatusBar(  520): NORMAL_BATTERY
V/AlarmManager(  421):  remove] PendingIntent{43039668: PendingIntentRecord{42c25d20 broadcastIntent Key{broadcastIntent pkg=com.google.android.apps.maps intent=act=com.google.android.apps.maps.nlp.ALARM_WAKEUP_BURST_COLLECTION_TRIGGER flags=0x0}}}
D/VibratorService(  421): JNI vibratorOff()
V/AlarmManager(  421):  remove] PendingIntent{42feb878: PendingIntentRecord{42c25d20 broadcastIntent Key{broadcastIntent pkg=com.google.android.apps.maps intent=act=com.google.android.apps.maps.nlp.ALARM_WAKEUP_BURST_COLLECTION_TRIGGER flags=0x0}}}
D/BatteryService(  421): update start
D/BatteryService(  421): level:100 scale:100 status:2 health:2 present:true voltage: 4277 temperature: 272 technology: Li-ion AC powered:false USB powered:true icon:17303267 invalid charger:0 online:0 charge type:0 current avg:0
D/STATUSBAR-BatteryController(  520): onReceive() - ACTION_BATTERY_CHANGED
D/STATUSBAR-BatteryController(  520): onReceive() - level:100
D/STATUSBAR-BatteryController(  520): onReceive() - plugged:2
D/STATUSBAR-BatteryController(  520): onReceive() - BATTERY_STATUS_CHARGING:
D/STATUSBAR-PhoneStatusBar(  520): ACTION_BATTERY_CHANGED
D/STATUSBAR-PhoneStatusBar(  520): NORMAL_BATTERY
D/WifiService(  421): ACTION_BATTERY_CHANGED pluggedType: 2
V/AlarmManager(  421):  remove] PendingIntent{42e6c3f8: PendingIntentRecord{42c25d20 broadcastIntent Key{broadcastIntent pkg=com.google.android.apps.maps intent=act=com.google.android.apps.maps.nlp.ALARM_WAKEUP_BURST_COLLECTION_TRIGGER flags=0x0}}}
I/ActivityManager(  421): Start proc com.google.android.youtube for broadcast com.google.android.youtube/.app.prefetch.PrefetchService$DeviceStateReceiver: pid=4580 uid=10134 gids={3003, 1015, 1023, 1006, 1028}
V/UsbDeviceManager(  421): USB UEVENT: {USB_STATE=CONNECTED, SUBSYSTEM=android_usb, DEVPATH=/devices/virtual/android_usb/android0, SEQNUM=2433, ACTION=change}
D/UsbDeviceManager(  421): handleMessage -> MSG_UPDATE_STATE connected = 1,configured = 0
D/UsbDeviceManager(  421): updateUsbNotification : mConnected = true, mConfigured = false, mCurrentFunctions = mtp,acm,adb
V/UsbDeviceManager(  421): USB UEVENT: {USB_STATE=DISCONNECTED, SUBSYSTEM=android_usb, DEVPATH=/devices/virtual/android_usb/android0, SEQNUM=2434, ACTION=change}
D/STATUSBAR-NotificationService(  421): Noti Alert - mSystemReady:true, AlertEnabled:true
D/UsbDeviceManager(  421): updateUsbNotification : notify id = 17040805, title = Connected as a media device
D/PhoneStatusBar(  520): addNotification score=10
D/UsbDeviceManager(  421): sending intent : ACTION_USB_STATE : connected = true, configured = false, functions = mtp,acm,adb
D/StatusBar(  520): expanding top notification at 3entry.userCollapsed() = false
D/NetworkController_dual(  520): getNumberOfActiveSim() SIM0:systemSimState=0, simActive=1, mSimState=ABSENT
D/NetworkController_dual(  520): getNumberOfActiveSim() SIM1:systemSimState=0, simActive=1, mSimState=ABSENT
D/NetworkController_dual(  520): getNumberOfActiveSim() numberOfSim=0
D/NetworkController_dual(  520): getNumberOfActiveSim() SIM0:systemSimState=0, simActive=1, mSimState=ABSENT
D/NetworkController_dual(  520): getNumberOfActiveSim() SIM1:systemSimState=0, simActive=1, mSimState=ABSENT
D/NetworkController_dual(  520): getNumberOfActiveSim() numberOfSim=0
V/UsbDeviceManager(  421): USB UEVENT: {USB_STATE=CONNECTED, SUBSYSTEM=android_usb, DEVPATH=/devices/virtual/android_usb/android0, SEQNUM=2435, ACTION=change}
D/UsbDeviceManager(  421): handleMessage -> MSG_UPDATE_STATE connected = 1,configured = 0
D/UsbDeviceManager(  421): updateUsbNotification : mConnected = true, mConfigured = false, mCurrentFunctions = mtp,acm,adb
D/UsbDeviceManager(  421): sending intent : ACTION_USB_STATE : connected = true, configured = false, functions = mtp,acm,adb
V/UsbDeviceManager(  421): USB UEVENT: {USB_STATE=CONFIGURED, SUBSYSTEM=android_usb, DEVPATH=/devices/virtual/android_usb/android0, SEQNUM=2436, ACTION=change}
D/UsbDeviceManager(  421): handleMessage -> MSG_UPDATE_STATE connected = 1,configured = 1
D/UsbDeviceManager(  421): updateUsbNotification : mConnected = true, mConfigured = true, mCurrentFunctions = mtp,acm,adb
D/UsbDeviceManager(  421): sending intent : ACTION_USB_STATE : connected = true, configured = true, functions = mtp,acm,adb
D/PowerManagerService(  421): setScreenOffTimeouts mKeylightDelay=1500 mDimDelay=21500 mScreenOffDelay=7000 mDimScreen=true
W/PowerManagerService(  421): Timer 0x3->0x3|0x3
D/BatteryService(  421): update start
D/BatteryService(  421): level:100 scale:100 status:2 health:2 present:true voltage: 4273 temperature: 272 technology: Li-ion AC powered:false USB powered:true icon:17303267 invalid charger:0 online:0 charge type:0 current avg:0
D/STATUSBAR-BatteryController(  520): onReceive() - ACTION_BATTERY_CHANGED
D/STATUSBAR-BatteryController(  520): onReceive() - level:100
D/STATUSBAR-BatteryController(  520): onReceive() - plugged:2
D/STATUSBAR-BatteryController(  520): onReceive() - BATTERY_STATUS_CHARGING:
D/STATUSBAR-PhoneStatusBar(  520): ACTION_BATTERY_CHANGED
D/STATUSBAR-PhoneStatusBar(  520): NORMAL_BATTERY
D/WifiService(  421): ACTION_BATTERY_CHANGED pluggedType: 2
V/AlarmManager(  421):  remove] PendingIntent{42d0dd88: PendingIntentRecord{42c25d20 broadcastIntent Key{broadcastIntent pkg=com.google.android.apps.maps intent=act=com.google.android.apps.maps.nlp.ALARM_WAKEUP_BURST_COLLECTION_TRIGGER flags=0x0}}}
E/NotificationService(  421): Ignoring notification with icon==0: Notification(pri=0 contentView=null vibrate=null sound=null defaults=0x0 flags=0x62 kind=[null]) tickerText=null contactCharSeq=null when=1325401626174 threadId=0
D/STATUSBAR-NotificationService(  421): Noti Alert - mSystemReady:true, AlertEnabled:true
E/NotificationService(  421): Ignoring notification with icon==0: Notification(pri=0 contentView=null vibrate=null sound=null defaults=0x0 flags=0x62 kind=[null]) tickerText=null contactCharSeq=null when=1325401626179 threadId=0
D/STATUSBAR-NotificationService(  421): Noti Alert - mSystemReady:true, AlertEnabled:true
I/ActivityManager(  421): Start proc com.wssnps for broadcast com.wssnps/.smlNpsReceiver: pid=4637 uid=1000 gids={3003, 1015, 1023, 1028, 3001, 3002, 1006, 1007, 2001, 1001, 3007}
I/ActivityManager(  421): No longer want com.wssyncmldm (pid 3120) (adj 12) : hidden #30
V/MediaScanner(  622):  prescan time: 851ms
V/MediaScanner(  622):     scan time: 5453ms (makeEntry time: 4967ms ~91%),  (parsing time: 0ms ~0%),  (bitmapDecoding time: 0ms ~0%), (exifExtracting time : 0ms ~0%), (bulkInserter time : 0ms ~0%)
V/MediaScanner(  622): postscan time: 2ms (bulkDeleter : 0)
V/MediaScanner(  622):    total time: 6306ms
V/MediaScanner(  622): checked files: 408  directories : 28  (I: 0, U: 1)
D/MediaScannerService(  622): done scanning volume external
D/BatteryService(  421): update start
D/BatteryService(  421): level:100 scale:100 status:2 health:2 present:true voltage: 4270 temperature: 272 technology: Li-ion AC powered:false USB powered:true icon:17303267 invalid charger:0 online:0 charge type:0 current avg:0
D/STATUSBAR-BatteryController(  520): onReceive() - ACTION_BATTERY_CHANGED
D/STATUSBAR-BatteryController(  520): onReceive() - level:100
D/STATUSBAR-BatteryController(  520): onReceive() - plugged:2
D/STATUSBAR-BatteryController(  520): onReceive() - BATTERY_STATUS_CHARGING:
D/WifiService(  421): ACTION_BATTERY_CHANGED pluggedType: 2
D/STATUSBAR-PhoneStatusBar(  520): ACTION_BATTERY_CHANGED
D/STATUSBAR-PhoneStatusBar(  520): NORMAL_BATTERY
V/AlarmManager(  421):  remove] PendingIntent{422e9f28: PendingIntentRecord{42c25d20 broadcastIntent Key{broadcastIntent pkg=com.google.android.apps.maps intent=act=com.google.android.apps.maps.nlp.ALARM_WAKEUP_BURST_COLLECTION_TRIGGER flags=0x0}}}
D/BatteryService(  421): update start
D/BatteryService(  421): level:100 scale:100 status:2 health:2 present:true voltage: 4268 temperature: 272 technology: Li-ion AC powered:false USB powered:true icon:17303267 invalid charger:0 online:0 charge type:0 current avg:0
D/STATUSBAR-BatteryController(  520): onReceive() - ACTION_BATTERY_CHANGED
D/STATUSBAR-BatteryController(  520): onReceive() - level:100
D/STATUSBAR-BatteryController(  520): onReceive() - plugged:2
D/STATUSBAR-BatteryController(  520): onReceive() - BATTERY_STATUS_CHARGING:
D/STATUSBAR-PhoneStatusBar(  520): ACTION_BATTERY_CHANGED
D/STATUSBAR-PhoneStatusBar(  520): NORMAL_BATTERY
