--------- beginning of /dev/log/system
D/BatteryService(  421): update start
D/BatteryService(  421): update start
V/AlarmManager(  421): waitForAlarm result :8
V/AlarmManager(  421): AlarmManager_setLocked to type=3 as =3112 ans=903000000
V/AlarmManager(  421): sending alarm Alarm{42d215a8 type 3 PendingIntent{42122ad8: PendingIntentRecord{41fe0018 broadcastIntent Key{broadcastIntent pkg=android intent=act=android.intent.action.TIME_TICK flg=0x40000000 flags=0x0}}}}
V/AlarmManager(  421): ClockReceiver onReceive() ACTION_TIME_TICK
W/AlarmManager(  421): Set alarm: type= 3 triggerAtTime= 2799304
W/AlarmManager(  421): FACTORY_ON= 0
V/AlarmManager(  421): setRepeating (T:3)20120101T065800 android (2799304,INT:0)
V/AlarmManager(  421): Adding alarm (T:3 at 0) 20120101T065800 PendingIntent{42122ad8: PendingIntentRecord{41fe0018 broadcastIntent Key{broadcastIntent pkg=android intent=act=android.intent.action.TIME_TICK flg=0x40000000 flags=0x0}}} (2799304,INT:0)
V/AlarmManager(  421): AlarmManager_setLocked to type=3 as =2799 ans=304000000
D/STATUSBAR-Clock(  520): onReceive() - ACTION_TIME_TICK
D/STATUSBAR-Clock(  520): onReceive() - ACTION_TIME_TICK
D/BatteryService(  421): update start
D/BatteryService(  421): update start
D/BatteryService(  421): update start
D/BatteryService(  421): update start
D/BatteryService(  421): update start
D/BatteryService(  421): level:100 scale:100 status:5 health:2 present:true voltage: 4360 temperature: 278 technology: Li-ion AC powered:false USB powered:true icon:17303267 invalid charger:0 online:0 charge type:0 current avg:0
D/STATUSBAR-BatteryController(  520): onReceive() - ACTION_BATTERY_CHANGED
D/STATUSBAR-BatteryController(  520): onReceive() - level:100
D/STATUSBAR-BatteryController(  520): onReceive() - plugged:2
D/STATUSBAR-BatteryController(  520): onReceive() - BATTERY_STATUS_FULL:
D/BatteryService(  421): turn on LED for fully charged
D/STATUSBAR-PhoneStatusBar(  520): ACTION_BATTERY_CHANGED
D/STATUSBAR-PhoneStatusBar(  520): NORMAL_BATTERY
D/WifiService(  421): ACTION_BATTERY_CHANGED pluggedType: 2
V/AlarmManager(  421):  remove] PendingIntent{42c2c070: PendingIntentRecord{42c25d20 broadcastIntent Key{broadcastIntent pkg=com.google.android.apps.maps intent=act=com.google.android.apps.maps.nlp.ALARM_WAKEUP_BURST_COLLECTION_TRIGGER flags=0x0}}}
D/BatteryService(  421): update start
D/BatteryService(  421): update start
D/BatteryService(  421): update start
D/BatteryService(  421): update start
D/BatteryService(  421): update start
D/BatteryService(  421): update start
D/BatteryService(  421): level:100 scale:100 status:5 health:2 present:true voltage: 4359 temperature: 278 technology: Li-ion AC powered:false USB powered:true icon:17303267 invalid charger:0 online:0 charge type:0 current avg:0
D/STATUSBAR-BatteryController(  520): onReceive() - ACTION_BATTERY_CHANGED
D/STATUSBAR-BatteryController(  520): onReceive() - level:100
D/STATUSBAR-BatteryController(  520): onReceive() - plugged:2
D/STATUSBAR-BatteryController(  520): onReceive() - BATTERY_STATUS_FULL:
D/STATUSBAR-PhoneStatusBar(  520): ACTION_BATTERY_CHANGED
D/STATUSBAR-PhoneStatusBar(  520): NORMAL_BATTERY
D/WifiService(  421): ACTION_BATTERY_CHANGED pluggedType: 2
D/BatteryService(  421): turn on LED for fully charged
V/AlarmManager(  421):  remove] PendingIntent{4301eab0: PendingIntentRecord{42c25d20 broadcastIntent Key{broadcastIntent pkg=com.google.android.apps.maps intent=act=com.google.android.apps.maps.nlp.ALARM_WAKEUP_BURST_COLLECTION_TRIGGER flags=0x0}}}
D/BatteryService(  421): update start
V/AlarmManager(  421): waitForAlarm result :8
V/AlarmManager(  421): AlarmManager_setLocked to type=3 as =3112 ans=903000000
V/AlarmManager(  421): sending alarm Alarm{42d8ede8 type 3 PendingIntent{42122ad8: PendingIntentRecord{41fe0018 broadcastIntent Key{broadcastIntent pkg=android intent=act=android.intent.action.TIME_TICK flg=0x40000000 flags=0x0}}}}
V/AlarmManager(  421): ClockReceiver onReceive() ACTION_TIME_TICK
W/AlarmManager(  421): Set alarm: type= 3 triggerAtTime= 2859303
W/AlarmManager(  421): FACTORY_ON= 0
V/AlarmManager(  421): setRepeating (T:3)20120101T065900 android (2859303,INT:0)
V/AlarmManager(  421): Adding alarm (T:3 at 0) 20120101T065900 PendingIntent{42122ad8: PendingIntentRecord{41fe0018 broadcastIntent Key{broadcastIntent pkg=android intent=act=android.intent.action.TIME_TICK flg=0x40000000 flags=0x0}}} (2859303,INT:0)
V/AlarmManager(  421): AlarmManager_setLocked to type=3 as =2859 ans=303000000
D/STATUSBAR-Clock(  520): onReceive() - ACTION_TIME_TICK
D/STATUSBAR-Clock(  520): onReceive() - ACTION_TIME_TICK
D/BatteryService(  421): update start
D/BatteryService(  421): update start
D/BatteryService(  421): update start
D/BatteryService(  421): level:100 scale:100 status:5 health:2 present:true voltage: 4359 temperature: 277 technology: Li-ion AC powered:false USB powered:true icon:17303267 invalid charger:0 online:0 charge type:0 current avg:0
D/STATUSBAR-BatteryController(  520): onReceive() - ACTION_BATTERY_CHANGED
D/STATUSBAR-BatteryController(  520): onReceive() - level:100
D/STATUSBAR-BatteryController(  520): onReceive() - plugged:2
D/STATUSBAR-BatteryController(  520): onReceive() - BATTERY_STATUS_FULL:
D/STATUSBAR-PhoneStatusBar(  520): ACTION_BATTERY_CHANGED
D/STATUSBAR-PhoneStatusBar(  520): NORMAL_BATTERY
D/BatteryService(  421): turn on LED for fully charged
D/WifiService(  421): ACTION_BATTERY_CHANGED pluggedType: 2
V/AlarmManager(  421):  remove] PendingIntent{422883e0: PendingIntentRecord{42c25d20 broadcastIntent Key{broadcastIntent pkg=com.google.android.apps.maps intent=act=com.google.android.apps.maps.nlp.ALARM_WAKEUP_BURST_COLLECTION_TRIGGER flags=0x0}}}
D/BatteryService(  421): update start
D/BatteryService(  421): update start
D/BatteryService(  421): update start
D/BatteryService(  421): update start
D/BatteryService(  421): update start
D/BatteryService(  421): update start
D/BatteryService(  421): update start
D/BatteryService(  421): level:100 scale:100 status:5 health:2 present:true voltage: 4360 temperature: 277 technology: Li-ion AC powered:false USB powered:true icon:17303267 invalid charger:0 online:0 charge type:0 current avg:0
D/STATUSBAR-BatteryController(  520): onReceive() - ACTION_BATTERY_CHANGED
D/STATUSBAR-BatteryController(  520): onReceive() - level:100
D/STATUSBAR-BatteryController(  520): onReceive() - plugged:2
D/STATUSBAR-BatteryController(  520): onReceive() - BATTERY_STATUS_FULL:
D/STATUSBAR-PhoneStatusBar(  520): ACTION_BATTERY_CHANGED
D/STATUSBAR-PhoneStatusBar(  520): NORMAL_BATTERY
D/BatteryService(  421): turn on LED for fully charged
D/WifiService(  421): ACTION_BATTERY_CHANGED pluggedType: 2
V/AlarmManager(  421):  remove] PendingIntent{4223eab0: PendingIntentRecord{42c25d20 broadcastIntent Key{broadcastIntent pkg=com.google.android.apps.maps intent=act=com.google.android.apps.maps.nlp.ALARM_WAKEUP_BURST_COLLECTION_TRIGGER flags=0x0}}}
D/BatteryService(  421): update start
D/BatteryService(  421): update start
V/AlarmManager(  421): waitForAlarm result :8
V/AlarmManager(  421): AlarmManager_setLocked to type=3 as =3112 ans=903000000
V/AlarmManager(  421): sending alarm Alarm{43046970 type 3 PendingIntent{42122ad8: PendingIntentRecord{41fe0018 broadcastIntent Key{broadcastIntent pkg=android intent=act=android.intent.action.TIME_TICK flg=0x40000000 flags=0x0}}}}
V/AlarmManager(  421): ClockReceiver onReceive() ACTION_TIME_TICK
W/AlarmManager(  421): Set alarm: type= 3 triggerAtTime= 2919303
W/AlarmManager(  421): FACTORY_ON= 0
V/AlarmManager(  421): setRepeating (T:3)20120101T070000 android (2919303,INT:0)
V/AlarmManager(  421): Adding alarm (T:3 at 0) 20120101T070000 PendingIntent{42122ad8: PendingIntentRecord{41fe0018 broadcastIntent Key{broadcastIntent pkg=android intent=act=android.intent.action.TIME_TICK flg=0x40000000 flags=0x0}}} (2919303,INT:0)
V/AlarmManager(  421): AlarmManager_setLocked to type=3 as =2919 ans=303000000
D/STATUSBAR-Clock(  520): onReceive() - ACTION_TIME_TICK
D/STATUSBAR-Clock(  520): onReceive() - ACTION_TIME_TICK
D/BatteryService(  421): update start
D/BatteryService(  421): update start
D/BatteryService(  421): level:100 scale:100 status:5 health:2 present:true voltage: 4361 temperature: 277 technology: Li-ion AC powered:false USB powered:true icon:17303267 invalid charger:0 online:0 charge type:0 current avg:0
D/BatteryService(  421): turn on LED for fully charged
D/STATUSBAR-BatteryController(  520): onReceive() - ACTION_BATTERY_CHANGED
D/STATUSBAR-BatteryController(  520): onReceive() - level:100
D/STATUSBAR-BatteryController(  520): onReceive() - plugged:2
D/STATUSBAR-BatteryController(  520): onReceive() - BATTERY_STATUS_FULL:
D/STATUSBAR-PhoneStatusBar(  520): ACTION_BATTERY_CHANGED
D/STATUSBAR-PhoneStatusBar(  520): NORMAL_BATTERY
D/WifiService(  421): ACTION_BATTERY_CHANGED pluggedType: 2
V/AlarmManager(  421):  remove] PendingIntent{42da3470: PendingIntentRecord{42c25d20 broadcastIntent Key{broadcastIntent pkg=com.google.android.apps.maps intent=act=com.google.android.apps.maps.nlp.ALARM_WAKEUP_BURST_COLLECTION_TRIGGER flags=0x0}}}
D/BatteryService(  421): update start
D/BatteryService(  421): level:100 scale:100 status:5 health:2 present:true voltage: 4361 temperature: 276 technology: Li-ion AC powered:false USB powered:true icon:17303267 invalid charger:0 online:0 charge type:0 current avg:0
D/STATUSBAR-BatteryController(  520): onReceive() - ACTION_BATTERY_CHANGED
D/STATUSBAR-BatteryController(  520): onReceive() - level:100
D/STATUSBAR-BatteryController(  520): onReceive() - plugged:2
D/STATUSBAR-BatteryController(  520): onReceive() - BATTERY_STATUS_FULL:
D/BatteryService(  421): turn on LED for fully charged
D/STATUSBAR-PhoneStatusBar(  520): ACTION_BATTERY_CHANGED
D/STATUSBAR-PhoneStatusBar(  520): NORMAL_BATTERY
D/WifiService(  421): ACTION_BATTERY_CHANGED pluggedType: 2
V/AlarmManager(  421):  remove] PendingIntent{42d06df0: PendingIntentRecord{42c25d20 broadcastIntent Key{broadcastIntent pkg=com.google.android.apps.maps intent=act=com.google.android.apps.maps.nlp.ALARM_WAKEUP_BURST_COLLECTION_TRIGGER flags=0x0}}}
D/BatteryService(  421): update start
D/BatteryService(  421): update start
D/BatteryService(  421): update start
D/BatteryService(  421): update start
D/BatteryService(  421): update start
D/BatteryService(  421): update start
D/BatteryService(  421): update start
D/BatteryService(  421): level:100 scale:100 status:5 health:2 present:true voltage: 4360 temperature: 276 technology: Li-ion AC powered:false USB powered:true icon:17303267 invalid charger:0 online:0 charge type:0 current avg:0
D/STATUSBAR-BatteryController(  520): onReceive() - ACTION_BATTERY_CHANGED
D/STATUSBAR-BatteryController(  520): onReceive() - level:100
D/STATUSBAR-BatteryController(  520): onReceive() - plugged:2
D/STATUSBAR-BatteryController(  520): onReceive() - BATTERY_STATUS_FULL:
D/STATUSBAR-PhoneStatusBar(  520): ACTION_BATTERY_CHANGED
D/STATUSBAR-PhoneStatusBar(  520): NORMAL_BATTERY
D/BatteryService(  421): turn on LED for fully charged
D/WifiService(  421): ACTION_BATTERY_CHANGED pluggedType: 2
V/AlarmManager(  421):  remove] PendingIntent{41efd870: PendingIntentRecord{42c25d20 broadcastIntent Key{broadcastIntent pkg=com.google.android.apps.maps intent=act=com.google.android.apps.maps.nlp.ALARM_WAKEUP_BURST_COLLECTION_TRIGGER flags=0x0}}}
D/BatteryService(  421): update start
D/BatteryService(  421): level:100 scale:100 status:5 health:2 present:true voltage: 4361 temperature: 276 technology: Li-ion AC powered:false USB powered:true icon:17303267 invalid charger:0 online:0 charge type:0 current avg:0
D/BatteryService(  421): turn on LED for fully charged
D/STATUSBAR-BatteryController(  520): onReceive() - ACTION_BATTERY_CHANGED
D/STATUSBAR-BatteryController(  520): onReceive() - level:100
D/STATUSBAR-BatteryController(  520): onReceive() - plugged:2
D/STATUSBAR-BatteryController(  520): onReceive() - BATTERY_STATUS_FULL:
D/STATUSBAR-PhoneStatusBar(  520): ACTION_BATTERY_CHANGED
D/STATUSBAR-PhoneStatusBar(  520): NORMAL_BATTERY
D/WifiService(  421): ACTION_BATTERY_CHANGED pluggedType: 2
V/AlarmManager(  421):  remove] PendingIntent{4208d680: PendingIntentRecord{42c25d20 broadcastIntent Key{broadcastIntent pkg=com.google.android.apps.maps intent=act=com.google.android.apps.maps.nlp.ALARM_WAKEUP_BURST_COLLECTION_TRIGGER flags=0x0}}}
D/BatteryService(  421): update start
V/AlarmManager(  421): waitForAlarm result :8
V/AlarmManager(  421): AlarmManager_setLocked to type=3 as =3112 ans=903000000
V/AlarmManager(  421): sending alarm Alarm{42c85d38 type 3 PendingIntent{42122ad8: PendingIntentRecord{41fe0018 broadcastIntent Key{broadcastIntent pkg=android intent=act=android.intent.action.TIME_TICK flg=0x40000000 flags=0x0}}}}
V/AlarmManager(  421): ClockReceiver onReceive() ACTION_TIME_TICK
W/AlarmManager(  421): Set alarm: type= 3 triggerAtTime= 2979304
W/AlarmManager(  421): FACTORY_ON= 0
V/AlarmManager(  421): setRepeating (T:3)20120101T070100 android (2979304,INT:0)
V/AlarmManager(  421): Adding alarm (T:3 at 0) 20120101T070100 PendingIntent{42122ad8: PendingIntentRecord{41fe0018 broadcastIntent Key{broadcastIntent pkg=android intent=act=android.intent.action.TIME_TICK flg=0x40000000 flags=0x0}}} (2979304,INT:0)
V/AlarmManager(  421): AlarmManager_setLocked to type=3 as =2979 ans=304000000
D/STATUSBAR-Clock(  520): onReceive() - ACTION_TIME_TICK
D/STATUSBAR-Clock(  520): onReceive() - ACTION_TIME_TICK
D/BatteryService(  421): update start
D/BatteryService(  421): update start
D/BatteryService(  421): level:100 scale:100 status:5 health:2 present:true voltage: 4360 temperature: 276 technology: Li-ion AC powered:false USB powered:true icon:17303267 invalid charger:0 online:0 charge type:0 current avg:0
D/BatteryService(  421): turn on LED for fully charged
D/STATUSBAR-BatteryController(  520): onReceive() - ACTION_BATTERY_CHANGED
D/STATUSBAR-BatteryController(  520): onReceive() - level:100
D/STATUSBAR-BatteryController(  520): onReceive() - plugged:2
D/STATUSBAR-BatteryController(  520): onReceive() - BATTERY_STATUS_FULL:
D/STATUSBAR-PhoneStatusBar(  520): ACTION_BATTERY_CHANGED
D/STATUSBAR-PhoneStatusBar(  520): NORMAL_BATTERY
D/WifiService(  421): ACTION_BATTERY_CHANGED pluggedType: 2
V/AlarmManager(  421):  remove] PendingIntent{4206cbd0: PendingIntentRecord{42c25d20 broadcastIntent Key{broadcastIntent pkg=com.google.android.apps.maps intent=act=com.google.android.apps.maps.nlp.ALARM_WAKEUP_BURST_COLLECTION_TRIGGER flags=0x0}}}
D/BatteryService(  421): update start
D/BatteryService(  421): level:100 scale:100 status:5 health:2 present:true voltage: 4361 temperature: 276 technology: Li-ion AC powered:false USB powered:true icon:17303267 invalid charger:0 online:0 charge type:0 current avg:0
D/BatteryService(  421): turn on LED for fully charged
D/STATUSBAR-BatteryController(  520): onReceive() - ACTION_BATTERY_CHANGED
D/STATUSBAR-BatteryController(  520): onReceive() - level:100
D/STATUSBAR-BatteryController(  520): onReceive() - plugged:2
D/STATUSBAR-BatteryController(  520): onReceive() - BATTERY_STATUS_FULL:
D/STATUSBAR-PhoneStatusBar(  520): ACTION_BATTERY_CHANGED
D/WifiService(  421): ACTION_BATTERY_CHANGED pluggedType: 2
D/STATUSBAR-PhoneStatusBar(  520): NORMAL_BATTERY
V/AlarmManager(  421):  remove] PendingIntent{42f66b20: PendingIntentRecord{42c25d20 broadcastIntent Key{broadcastIntent pkg=com.google.android.apps.maps intent=act=com.google.android.apps.maps.nlp.ALARM_WAKEUP_BURST_COLLECTION_TRIGGER flags=0x0}}}
D/BatteryService(  421): update start
D/BatteryService(  421): update start
D/BatteryService(  421): update start
D/BatteryService(  421): level:100 scale:100 status:5 health:2 present:true voltage: 4360 temperature: 276 technology: Li-ion AC powered:false USB powered:true icon:17303267 invalid charger:0 online:0 charge type:0 current avg:0
D/BatteryService(  421): turn on LED for fully charged
D/STATUSBAR-BatteryController(  520): onReceive() - ACTION_BATTERY_CHANGED
D/STATUSBAR-BatteryController(  520): onReceive() - level:100
D/STATUSBAR-BatteryController(  520): onReceive() - plugged:2
D/STATUSBAR-BatteryController(  520): onReceive() - BATTERY_STATUS_FULL:
D/STATUSBAR-PhoneStatusBar(  520): ACTION_BATTERY_CHANGED
D/STATUSBAR-PhoneStatusBar(  520): NORMAL_BATTERY
D/WifiService(  421): ACTION_BATTERY_CHANGED pluggedType: 2
V/AlarmManager(  421):  remove] PendingIntent{42e3e5f0: PendingIntentRecord{42c25d20 broadcastIntent Key{broadcastIntent pkg=com.google.android.apps.maps intent=act=com.google.android.apps.maps.nlp.ALARM_WAKEUP_BURST_COLLECTION_TRIGGER flags=0x0}}}
D/BatteryService(  421): update start
D/BatteryService(  421): level:100 scale:100 status:5 health:2 present:true voltage: 4361 temperature: 276 technology: Li-ion AC powered:false USB powered:true icon:17303267 invalid charger:0 online:0 charge type:0 current avg:0
D/BatteryService(  421): turn on LED for fully charged
D/STATUSBAR-BatteryController(  520): onReceive() - ACTION_BATTERY_CHANGED
D/STATUSBAR-BatteryController(  520): onReceive() - level:100
D/STATUSBAR-BatteryController(  520): onReceive() - plugged:2
D/STATUSBAR-BatteryController(  520): onReceive() - BATTERY_STATUS_FULL:
D/STATUSBAR-PhoneStatusBar(  520): ACTION_BATTERY_CHANGED
D/STATUSBAR-PhoneStatusBar(  520): NORMAL_BATTERY
D/WifiService(  421): ACTION_BATTERY_CHANGED pluggedType: 2
V/AlarmManager(  421):  remove] PendingIntent{42c1d1c0: PendingIntentRecord{42c25d20 broadcastIntent Key{broadcastIntent pkg=com.google.android.apps.maps intent=act=com.google.android.apps.maps.nlp.ALARM_WAKEUP_BURST_COLLECTION_TRIGGER flags=0x0}}}
D/BatteryService(  421): update start
D/BatteryService(  421): update start
D/BatteryService(  421): update start
D/BatteryService(  421): update start
D/BatteryService(  421): update start
V/AlarmManager(  421): waitForAlarm result :8
V/AlarmManager(  421): AlarmManager_setLocked to type=3 as =3112 ans=903000000
V/AlarmManager(  421): sending alarm Alarm{42347458 type 3 PendingIntent{42122ad8: PendingIntentRecord{41fe0018 broadcastIntent Key{broadcastIntent pkg=android intent=act=android.intent.action.TIME_TICK flg=0x40000000 flags=0x0}}}}
V/AlarmManager(  421): ClockReceiver onReceive() ACTION_TIME_TICK
W/AlarmManager(  421): Set alarm: type= 3 triggerAtTime= 3039304
W/AlarmManager(  421): FACTORY_ON= 0
V/AlarmManager(  421): setRepeating (T:3)20120101T070200 android (3039304,INT:0)
V/AlarmManager(  421): Adding alarm (T:3 at 0) 20120101T070200 PendingIntent{42122ad8: PendingIntentRecord{41fe0018 broadcastIntent Key{broadcastIntent pkg=android intent=act=android.intent.action.TIME_TICK flg=0x40000000 flags=0x0}}} (3039304,INT:0)
V/AlarmManager(  421): AlarmManager_setLocked to type=3 as =3039 ans=304000000
D/STATUSBAR-Clock(  520): onReceive() - ACTION_TIME_TICK
D/STATUSBAR-Clock(  520): onReceive() - ACTION_TIME_TICK
D/BatteryService(  421): update start
D/BatteryService(  421): level:100 scale:100 status:5 health:2 present:true voltage: 4361 temperature: 275 technology: Li-ion AC powered:false USB powered:true icon:17303267 invalid charger:0 online:0 charge type:0 current avg:0
D/BatteryService(  421): turn on LED for fully charged
D/STATUSBAR-BatteryController(  520): onReceive() - ACTION_BATTERY_CHANGED
D/STATUSBAR-BatteryController(  520): onReceive() - level:100
D/STATUSBAR-BatteryController(  520): onReceive() - plugged:2
D/STATUSBAR-BatteryController(  520): onReceive() - BATTERY_STATUS_FULL:
D/STATUSBAR-PhoneStatusBar(  520): ACTION_BATTERY_CHANGED
D/STATUSBAR-PhoneStatusBar(  520): NORMAL_BATTERY
D/WifiService(  421): ACTION_BATTERY_CHANGED pluggedType: 2
V/AlarmManager(  421):  remove] PendingIntent{42c59978: PendingIntentRecord{42c25d20 broadcastIntent Key{broadcastIntent pkg=com.google.android.apps.maps intent=act=com.google.android.apps.maps.nlp.ALARM_WAKEUP_BURST_COLLECTION_TRIGGER flags=0x0}}}
D/BatteryService(  421): update start
D/BatteryService(  421): update start
D/BatteryService(  421): update start
D/BatteryService(  421): update start
D/BatteryService(  421): update start
D/BatteryService(  421): update start
D/BatteryService(  421): update start
D/BatteryService(  421): update start
D/BatteryService(  421): update start
D/BatteryService(  421): update start
D/BatteryService(  421): update start
V/AlarmManager(  421): waitForAlarm result :8
V/AlarmManager(  421): AlarmManager_setLocked to type=3 as =3112 ans=903000000
V/AlarmManager(  421): sending alarm Alarm{42dc70f8 type 3 PendingIntent{42122ad8: PendingIntentRecord{41fe0018 broadcastIntent Key{broadcastIntent pkg=android intent=act=android.intent.action.TIME_TICK flg=0x40000000 flags=0x0}}}}
V/AlarmManager(  421): ClockReceiver onReceive() ACTION_TIME_TICK
W/AlarmManager(  421): Set alarm: type= 3 triggerAtTime= 3099303
W/AlarmManager(  421): FACTORY_ON= 0
V/AlarmManager(  421): setRepeating (T:3)20120101T070300 android (3099303,INT:0)
V/AlarmManager(  421): Adding alarm (T:3 at 0) 20120101T070300 PendingIntent{42122ad8: PendingIntentRecord{41fe0018 broadcastIntent Key{broadcastIntent pkg=android intent=act=android.intent.action.TIME_TICK flg=0x40000000 flags=0x0}}} (3099303,INT:0)
V/AlarmManager(  421): AlarmManager_setLocked to type=3 as =3099 ans=303000000
D/STATUSBAR-Clock(  520): onReceive() - ACTION_TIME_TICK
D/STATUSBAR-Clock(  520): onReceive() - ACTION_TIME_TICK
D/BatteryService(  421): update start
D/BatteryService(  421): update start
D/BatteryService(  421): update start
D/BatteryService(  421): level:100 scale:100 status:5 health:2 present:true voltage: 4360 temperature: 275 technology: Li-ion AC powered:false USB powered:true icon:17303267 invalid charger:0 online:0 charge type:0 current avg:0
D/BatteryService(  421): turn on LED for fully charged
D/STATUSBAR-BatteryController(  520): onReceive() - ACTION_BATTERY_CHANGED
D/STATUSBAR-BatteryController(  520): onReceive() - level:100
D/STATUSBAR-BatteryController(  520): onReceive() - plugged:2
D/STATUSBAR-BatteryController(  520): onReceive() - BATTERY_STATUS_FULL:
D/STATUSBAR-PhoneStatusBar(  520): ACTION_BATTERY_CHANGED
D/STATUSBAR-PhoneStatusBar(  520): NORMAL_BATTERY
D/WifiService(  421): ACTION_BATTERY_CHANGED pluggedType: 2
V/AlarmManager(  421):  remove] PendingIntent{4226f468: PendingIntentRecord{42c25d20 broadcastIntent Key{broadcastIntent pkg=com.google.android.apps.maps intent=act=com.google.android.apps.maps.nlp.ALARM_WAKEUP_BURST_COLLECTION_TRIGGER flags=0x0}}}
D/BatteryService(  421): update start
D/BatteryService(  421): level:100 scale:100 status:5 health:2 present:true voltage: 4361 temperature: 275 technology: Li-ion AC powered:false USB powered:true icon:17303267 invalid charger:0 online:0 charge type:0 current avg:0
D/BatteryService(  421): turn on LED for fully charged
D/STATUSBAR-BatteryController(  520): onReceive() - ACTION_BATTERY_CHANGED
D/STATUSBAR-BatteryController(  520): onReceive() - level:100
D/STATUSBAR-BatteryController(  520): onReceive() - plugged:2
D/STATUSBAR-BatteryController(  520): onReceive() - BATTERY_STATUS_FULL:
D/STATUSBAR-PhoneStatusBar(  520): ACTION_BATTERY_CHANGED
D/STATUSBAR-PhoneStatusBar(  520): NORMAL_BATTERY
D/WifiService(  421): ACTION_BATTERY_CHANGED pluggedType: 2
V/AlarmManager(  421):  remove] PendingIntent{4224b708: PendingIntentRecord{42c25d20 broadcastIntent Key{broadcastIntent pkg=com.google.android.apps.maps intent=act=com.google.android.apps.maps.nlp.ALARM_WAKEUP_BURST_COLLECTION_TRIGGER flags=0x0}}}
D/BatteryService(  421): update start
D/BatteryService(  421): level:100 scale:100 status:5 health:2 present:true voltage: 4360 temperature: 275 technology: Li-ion AC powered:false USB powered:true icon:17303267 invalid charger:0 online:0 charge type:0 current avg:0
D/BatteryService(  421): turn on LED for fully charged
D/STATUSBAR-BatteryController(  520): onReceive() - ACTION_BATTERY_CHANGED
D/STATUSBAR-BatteryController(  520): onReceive() - level:100
D/STATUSBAR-BatteryController(  520): onReceive() - plugged:2
D/STATUSBAR-BatteryController(  520): onReceive() - BATTERY_STATUS_FULL:
D/STATUSBAR-PhoneStatusBar(  520): ACTION_BATTERY_CHANGED
D/STATUSBAR-PhoneStatusBar(  520): NORMAL_BATTERY
D/WifiService(  421): ACTION_BATTERY_CHANGED pluggedType: 2
V/AlarmManager(  421):  remove] PendingIntent{422c5de8: PendingIntentRecord{42c25d20 broadcastIntent Key{broadcastIntent pkg=com.google.android.apps.maps intent=act=com.google.android.apps.maps.nlp.ALARM_WAKEUP_BURST_COLLECTION_TRIGGER flags=0x0}}}
D/BatteryService(  421): update start
D/BatteryService(  421): update start
D/BatteryService(  421): level:100 scale:100 status:5 health:2 present:true voltage: 4361 temperature: 275 technology: Li-ion AC powered:false USB powered:true icon:17303267 invalid charger:0 online:0 charge type:0 current avg:0
D/BatteryService(  421): turn on LED for fully charged
D/STATUSBAR-BatteryController(  520): onReceive() - ACTION_BATTERY_CHANGED
D/STATUSBAR-BatteryController(  520): onReceive() - level:100
D/STATUSBAR-BatteryController(  520): onReceive() - plugged:2
D/STATUSBAR-BatteryController(  520): onReceive() - BATTERY_STATUS_FULL:
D/STATUSBAR-PhoneStatusBar(  520): ACTION_BATTERY_CHANGED
D/STATUSBAR-PhoneStatusBar(  520): NORMAL_BATTERY
D/WifiService(  421): ACTION_BATTERY_CHANGED pluggedType: 2
V/AlarmManager(  421):  remove] PendingIntent{422d4e18: PendingIntentRecord{42c25d20 broadcastIntent Key{broadcastIntent pkg=com.google.android.apps.maps intent=act=com.google.android.apps.maps.nlp.ALARM_WAKEUP_BURST_COLLECTION_TRIGGER flags=0x0}}}
D/BatteryService(  421): update start
D/BatteryService(  421): level:100 scale:100 status:5 health:2 present:true voltage: 4360 temperature: 274 technology: Li-ion AC powered:false USB powered:true icon:17303267 invalid charger:0 online:0 charge type:0 current avg:0
D/BatteryService(  421): turn on LED for fully charged
D/STATUSBAR-BatteryController(  520): onReceive() - ACTION_BATTERY_CHANGED
D/STATUSBAR-BatteryController(  520): onReceive() - level:100
D/STATUSBAR-BatteryController(  520): onReceive() - plugged:2
D/STATUSBAR-BatteryController(  520): onReceive() - BATTERY_STATUS_FULL:
D/STATUSBAR-PhoneStatusBar(  520): ACTION_BATTERY_CHANGED
D/STATUSBAR-PhoneStatusBar(  520): NORMAL_BATTERY
D/WifiService(  421): ACTION_BATTERY_CHANGED pluggedType: 2
V/AlarmManager(  421):  remove] PendingIntent{422e7568: PendingIntentRecord{42c25d20 broadcastIntent Key{broadcastIntent pkg=com.google.android.apps.maps intent=act=com.google.android.apps.maps.nlp.ALARM_WAKEUP_BURST_COLLECTION_TRIGGER flags=0x0}}}
D/BatteryService(  421): update start
D/BatteryService(  421): update start
D/BatteryService(  421): update start
D/BatteryService(  421): update start
V/AlarmManager(  421): waitForAlarm result :8
V/AlarmManager(  421): AlarmManager_setLocked to type=3 as =3112 ans=903000000
V/AlarmManager(  421): sending alarm Alarm{42f830b8 type 3 PendingIntent{42122ad8: PendingIntentRecord{41fe0018 broadcastIntent Key{broadcastIntent pkg=android intent=act=android.intent.action.TIME_TICK flg=0x40000000 flags=0x0}}}}
V/AlarmManager(  421): ClockReceiver onReceive() ACTION_TIME_TICK
W/AlarmManager(  421): Set alarm: type= 3 triggerAtTime= 3159304
W/AlarmManager(  421): FACTORY_ON= 0
V/AlarmManager(  421): setRepeating (T:3)20120101T070400 android (3159304,INT:0)
V/AlarmManager(  421): Adding alarm (T:3 at 1) 20120101T070400 PendingIntent{42122ad8: PendingIntentRecord{41fe0018 broadcastIntent Key{broadcastIntent pkg=android intent=act=android.intent.action.TIME_TICK flg=0x40000000 flags=0x0}}} (3159304,INT:0)
D/STATUSBAR-Clock(  520): onReceive() - ACTION_TIME_TICK
D/STATUSBAR-Clock(  520): onReceive() - ACTION_TIME_TICK
D/BatteryService(  421): update start
D/BatteryService(  421): level:100 scale:100 status:5 health:2 present:true voltage: 4359 temperature: 274 technology: Li-ion AC powered:false USB powered:true icon:17303267 invalid charger:0 online:0 charge type:0 current avg:0
D/BatteryService(  421): turn on LED for fully charged
D/STATUSBAR-BatteryController(  520): onReceive() - ACTION_BATTERY_CHANGED
D/STATUSBAR-BatteryController(  520): onReceive() - level:100
D/STATUSBAR-BatteryController(  520): onReceive() - plugged:2
D/STATUSBAR-BatteryController(  520): onReceive() - BATTERY_STATUS_FULL:
D/STATUSBAR-PhoneStatusBar(  520): ACTION_BATTERY_CHANGED
D/STATUSBAR-PhoneStatusBar(  520): NORMAL_BATTERY
D/WifiService(  421): ACTION_BATTERY_CHANGED pluggedType: 2
V/AlarmManager(  421):  remove] PendingIntent{42c71830: PendingIntentRecord{42c25d20 broadcastIntent Key{broadcastIntent pkg=com.google.android.apps.maps intent=act=com.google.android.apps.maps.nlp.ALARM_WAKEUP_BURST_COLLECTION_TRIGGER flags=0x0}}}
D/BatteryService(  421): update start
D/BatteryService(  421): level:100 scale:100 status:5 health:2 present:true voltage: 4360 temperature: 274 technology: Li-ion AC powered:false USB powered:true icon:17303267 invalid charger:0 online:0 charge type:0 current avg:0
D/BatteryService(  421): turn on LED for fully charged
D/STATUSBAR-BatteryController(  520): onReceive() - ACTION_BATTERY_CHANGED
D/STATUSBAR-BatteryController(  520): onReceive() - level:100
D/STATUSBAR-BatteryController(  520): onReceive() - plugged:2
D/STATUSBAR-BatteryController(  520): onReceive() - BATTERY_STATUS_FULL:
D/STATUSBAR-PhoneStatusBar(  520): ACTION_BATTERY_CHANGED
D/STATUSBAR-PhoneStatusBar(  520): NORMAL_BATTERY
D/WifiService(  421): ACTION_BATTERY_CHANGED pluggedType: 2
V/AlarmManager(  421):  remove] PendingIntent{42c3f348: PendingIntentRecord{42c25d20 broadcastIntent Key{broadcastIntent pkg=com.google.android.apps.maps intent=act=com.google.android.apps.maps.nlp.ALARM_WAKEUP_BURST_COLLECTION_TRIGGER flags=0x0}}}
V/AlarmManager(  421): waitForAlarm result :8
V/AlarmManager(  421): AlarmManager_setLocked to type=3 as =3159 ans=304000000
V/AlarmManager(  421): sending alarm Alarm{42e94240 type 3 PendingIntent{41f76510: PendingIntentRecord{42094128 broadcastIntent Key{broadcastIntent pkg=android intent=act=com.android.server.ThrottleManager.action.POLL flags=0x0}}}}
W/ThrottleService(  421): unable to find stats for iface rmnet0
V/AlarmManager(  421):  remove] PendingIntent{41f76510: PendingIntentRecord{42094128 broadcastIntent Key{broadcastIntent pkg=android intent=act=com.android.server.ThrottleManager.action.POLL flags=0x0}}}
W/AlarmManager(  421): Set alarm: type= 3 triggerAtTime= 3712911
W/AlarmManager(  421): FACTORY_ON= 0
V/AlarmManager(  421): setRepeating (T:3)20120101T071313 android (3712911,INT:0)
V/AlarmManager(  421): Adding alarm (T:3 at 2) 20120101T071313 PendingIntent{41f76510: PendingIntentRecord{42094128 broadcastIntent Key{broadcastIntent pkg=android intent=act=com.android.server.ThrottleManager.action.POLL flags=0x0}}} (3712911,INT:0)
D/BatteryService(  421): update start
D/BatteryService(  421): update start
D/BatteryService(  421): update start
D/BatteryService(  421): level:100 scale:100 status:5 health:2 present:true voltage: 4360 temperature: 273 technology: Li-ion AC powered:false USB powered:true icon:17303267 invalid charger:0 online:0 charge type:0 current avg:0
D/BatteryService(  421): turn on LED for fully charged
D/STATUSBAR-BatteryController(  520): onReceive() - ACTION_BATTERY_CHANGED
D/STATUSBAR-BatteryController(  520): onReceive() - level:100
D/STATUSBAR-BatteryController(  520): onReceive() - plugged:2
D/STATUSBAR-BatteryController(  520): onReceive() - BATTERY_STATUS_FULL:
D/WifiService(  421): ACTION_BATTERY_CHANGED pluggedType: 2
D/STATUSBAR-PhoneStatusBar(  520): ACTION_BATTERY_CHANGED
D/STATUSBAR-PhoneStatusBar(  520): NORMAL_BATTERY
V/AlarmManager(  421):  remove] PendingIntent{422d9970: PendingIntentRecord{42c25d20 broadcastIntent Key{broadcastIntent pkg=com.google.android.apps.maps intent=act=com.google.android.apps.maps.nlp.ALARM_WAKEUP_BURST_COLLECTION_TRIGGER flags=0x0}}}
D/BatteryService(  421): update start
D/BatteryService(  421): update start
D/BatteryService(  421): level:100 scale:100 status:5 health:2 present:true voltage: 4361 temperature: 273 technology: Li-ion AC powered:false USB powered:true icon:17303267 invalid charger:0 online:0 charge type:0 current avg:0
D/BatteryService(  421): turn on LED for fully charged
D/STATUSBAR-BatteryController(  520): onReceive() - ACTION_BATTERY_CHANGED
D/STATUSBAR-BatteryController(  520): onReceive() - level:100
D/STATUSBAR-BatteryController(  520): onReceive() - plugged:2
D/STATUSBAR-BatteryController(  520): onReceive() - BATTERY_STATUS_FULL:
D/STATUSBAR-PhoneStatusBar(  520): ACTION_BATTERY_CHANGED
D/STATUSBAR-PhoneStatusBar(  520): NORMAL_BATTERY
D/WifiService(  421): ACTION_BATTERY_CHANGED pluggedType: 2
V/AlarmManager(  421):  remove] PendingIntent{422af778: PendingIntentRecord{42c25d20 broadcastIntent Key{broadcastIntent pkg=com.google.android.apps.maps intent=act=com.google.android.apps.maps.nlp.ALARM_WAKEUP_BURST_COLLECTION_TRIGGER flags=0x0}}}
D/BatteryService(  421): update start
D/BatteryService(  421): update start
D/BatteryService(  421): update start
D/BatteryService(  421): update start
D/BatteryService(  421): level:100 scale:100 status:5 health:2 present:true voltage: 4360 temperature: 273 technology: Li-ion AC powered:false USB powered:true icon:17303267 invalid charger:0 online:0 charge type:0 current avg:0
D/BatteryService(  421): turn on LED for fully charged
D/STATUSBAR-BatteryController(  520): onReceive() - ACTION_BATTERY_CHANGED
D/STATUSBAR-BatteryController(  520): onReceive() - level:100
D/STATUSBAR-BatteryController(  520): onReceive() - plugged:2
D/STATUSBAR-BatteryController(  520): onReceive() - BATTERY_STATUS_FULL:
D/WifiService(  421): ACTION_BATTERY_CHANGED pluggedType: 2
D/STATUSBAR-PhoneStatusBar(  520): ACTION_BATTERY_CHANGED
D/STATUSBAR-PhoneStatusBar(  520): NORMAL_BATTERY
V/AlarmManager(  421):  remove] PendingIntent{42283e90: PendingIntentRecord{42c25d20 broadcastIntent Key{broadcastIntent pkg=com.google.android.apps.maps intent=act=com.google.android.apps.maps.nlp.ALARM_WAKEUP_BURST_COLLECTION_TRIGGER flags=0x0}}}
D/BatteryService(  421): update start
V/AlarmManager(  421): waitForAlarm result :8
V/AlarmManager(  421): AlarmManager_setLocked to type=3 as =3645 ans=331000000
V/AlarmManager(  421): sending alarm Alarm{43054570 type 3 PendingIntent{42122ad8: PendingIntentRecord{41fe0018 broadcastIntent Key{broadcastIntent pkg=android intent=act=android.intent.action.TIME_TICK flg=0x40000000 flags=0x0}}}}
V/AlarmManager(  421): ClockReceiver onReceive() ACTION_TIME_TICK
W/AlarmManager(  421): Set alarm: type= 3 triggerAtTime= 3219304
W/AlarmManager(  421): FACTORY_ON= 0
V/AlarmManager(  421): setRepeating (T:3)20120101T070500 android (3219304,INT:0)
V/AlarmManager(  421): Adding alarm (T:3 at 0) 20120101T070500 PendingIntent{42122ad8: PendingIntentRecord{41fe0018 broadcastIntent Key{broadcastIntent pkg=android intent=act=android.intent.action.TIME_TICK flg=0x40000000 flags=0x0}}} (3219304,INT:0)
V/AlarmManager(  421): AlarmManager_setLocked to type=3 as =3219 ans=304000000
D/STATUSBAR-Clock(  520): onReceive() - ACTION_TIME_TICK
D/STATUSBAR-Clock(  520): onReceive() - ACTION_TIME_TICK
D/BatteryService(  421): update start
D/BatteryService(  421): update start
D/BatteryService(  421): update start
D/BatteryService(  421): update start
D/BatteryService(  421): update start
D/BatteryService(  421): update start
D/BatteryService(  421): update start
D/BatteryService(  421): update start
D/BatteryService(  421): update start
D/BatteryService(  421): update start
D/BatteryService(  421): level:100 scale:100 status:5 health:2 present:true voltage: 4359 temperature: 273 technology: Li-ion AC powered:false USB powered:true icon:17303267 invalid charger:0 online:0 charge type:0 current avg:0
D/BatteryService(  421): turn on LED for fully charged
D/STATUSBAR-BatteryController(  520): onReceive() - ACTION_BATTERY_CHANGED
D/STATUSBAR-BatteryController(  520): onReceive() - level:100
D/STATUSBAR-BatteryController(  520): onReceive() - plugged:2
D/STATUSBAR-BatteryController(  520): onReceive() - BATTERY_STATUS_FULL:
D/WifiService(  421): ACTION_BATTERY_CHANGED pluggedType: 2
D/STATUSBAR-PhoneStatusBar(  520): ACTION_BATTERY_CHANGED
D/STATUSBAR-PhoneStatusBar(  520): NORMAL_BATTERY
V/AlarmManager(  421):  remove] PendingIntent{42daaac8: PendingIntentRecord{42c25d20 broadcastIntent Key{broadcastIntent pkg=com.google.android.apps.maps intent=act=com.google.android.apps.maps.nlp.ALARM_WAKEUP_BURST_COLLECTION_TRIGGER flags=0x0}}}
D/BatteryService(  421): update start
D/BatteryService(  421): level:100 scale:100 status:5 health:2 present:true voltage: 4359 temperature: 272 technology: Li-ion AC powered:false USB powered:true icon:17303267 invalid charger:0 online:0 charge type:0 current avg:0
D/BatteryService(  421): turn on LED for fully charged
D/STATUSBAR-BatteryController(  520): onReceive() - ACTION_BATTERY_CHANGED
D/STATUSBAR-BatteryController(  520): onReceive() - level:100
D/STATUSBAR-BatteryController(  520): onReceive() - plugged:2
D/STATUSBAR-BatteryController(  520): onReceive() - BATTERY_STATUS_FULL:
D/STATUSBAR-PhoneStatusBar(  520): ACTION_BATTERY_CHANGED
D/STATUSBAR-PhoneStatusBar(  520): NORMAL_BATTERY
D/WifiService(  421): ACTION_BATTERY_CHANGED pluggedType: 2
V/AlarmManager(  421):  remove] PendingIntent{42c67198: PendingIntentRecord{42c25d20 broadcastIntent Key{broadcastIntent pkg=com.google.android.apps.maps intent=act=com.google.android.apps.maps.nlp.ALARM_WAKEUP_BURST_COLLECTION_TRIGGER flags=0x0}}}
D/BatteryService(  421): update start
V/AlarmManager(  421): waitForAlarm result :8
V/AlarmManager(  421): AlarmManager_setLocked to type=3 as =3645 ans=331000000
V/AlarmManager(  421): sending alarm Alarm{42cb5670 type 3 PendingIntent{42122ad8: PendingIntentRecord{41fe0018 broadcastIntent Key{broadcastIntent pkg=android intent=act=android.intent.action.TIME_TICK flg=0x40000000 flags=0x0}}}}
V/AlarmManager(  421): ClockReceiver onReceive() ACTION_TIME_TICK
W/AlarmManager(  421): Set alarm: type= 3 triggerAtTime= 3279303
W/AlarmManager(  421): FACTORY_ON= 0
V/AlarmManager(  421): setRepeating (T:3)20120101T070600 android (3279303,INT:0)
V/AlarmManager(  421): Adding alarm (T:3 at 0) 20120101T070600 PendingIntent{42122ad8: PendingIntentRecord{41fe0018 broadcastIntent Key{broadcastIntent pkg=android intent=act=android.intent.action.TIME_TICK flg=0x40000000 flags=0x0}}} (3279303,INT:0)
V/AlarmManager(  421): AlarmManager_setLocked to type=3 as =3279 ans=303000000
D/STATUSBAR-Clock(  520): onReceive() - ACTION_TIME_TICK
D/STATUSBAR-Clock(  520): onReceive() - ACTION_TIME_TICK
D/BatteryService(  421): update start
D/BatteryService(  421): update start
D/BatteryService(  421): update start
D/BatteryService(  421): update start
D/PowerManagerService(  421): reactivateScreenLocksLocked mProxIgnoredBecauseScreenTurnedOff=false
D/PowerManagerService(  421): Screen__On : acquireWakeLock flags=0x1000001a tag=keyguard uid=1000 pid=421
D/PowerManagerService(  421): enableLightSensorLocked enable=true mLightSensorEnabled=false mAutoBrightessEnabled=true mWaitingForFirstLightSensor=true
D/PowerManagerService(  421): sendNotificationLocked on=true
I/PowerManagerService(  421): Ulight 0x0->0x4|0x0
D/PowerManagerService(  421): mNotificationTask : on
D/WindowOrientationListener(  421): enable register mbSContext: false
V/WindowOrientationListener(  421): WindowOrientationListener enabled
D/BatteryService(  421): turn off LED
D/STATUSBAR-NotificationService(  421): ACTION_SCREEN_ON
D/STATUSBAR-NotificationService(  421): updateLightsLocked() : Turn off notification light
I/WindowManager(  421): Lock screen displayed!
I/PowerManagerService(  421): Ulight 0x7->0x7|0x1
D/STATUSBAR-Clock(  520): onReceive() - ACTION_SCREEN_ON
D/STATUSBAR-Clock(  520): onReceive() - ACTION_SCREEN_ON
D/WifiService(  421): ACTION_SCREEN_ON
V/AlarmManager(  421):  remove] PendingIntent{420fef70: PendingIntentRecord{4220f648 broadcastIntent Key{broadcastIntent pkg=android intent=act=com.android.server.WifiManager.action.DEVICE_IDLE flags=0x0}}}
I/PowerManagerService(  421): Light Animator Finished currentValue=123
V/AlarmManager(  421):  remove] PendingIntent{43022ba8: PendingIntentRecord{42c25d20 broadcastIntent Key{broadcastIntent pkg=com.google.android.apps.maps intent=act=com.google.android.apps.maps.nlp.ALARM_WAKEUP_BURST_COLLECTION_TRIGGER flags=0x0}}}
D/STATUSBAR-NotificationService(  421): Noti Alert - mSystemReady:true, AlertEnabled:true
D/StatusBar(  520): expanding top notification at 4entry.userCollapsed() = false
D/NetworkController_dual(  520): getNumberOfActiveSim() SIM0:systemSimState=0, simActive=1, mSimState=ABSENT
D/NetworkController_dual(  520): getNumberOfActiveSim() SIM1:systemSimState=0, simActive=1, mSimState=ABSENT
D/NetworkController_dual(  520): getNumberOfActiveSim() numberOfSim=0
W/AlarmManager(  421): Set alarm: type= 2 triggerAtTime= 86432630
W/AlarmManager(  421): FACTORY_ON= 0
V/AlarmManager(  421): setRepeating (T:2)20120102T061153 com.google.android.location (86432630,INT:0)
V/AlarmManager(  421): Adding alarm (T:2 at 6) 20120102T061153 PendingIntent{42dc8c08: PendingIntentRecord{422b36d8 broadcastIntent Key{broadcastIntent pkg=com.google.android.location intent=act=com.google.android.location.nlp.ALARM_WAKEUP_LOCATOR flags=0x0}}} (86432630,INT:0)
W/AlarmManager(  421): Set alarm: type= 2 triggerAtTime= 2147485573009
W/AlarmManager(  421): FACTORY_ON= 0
V/AlarmManager(  421): setRepeating (T:2)19431214T042917 com.google.android.apps.maps (2147485573009,INT:0)
V/AlarmManager(  421): Adding alarm (T:2 at 7) 19431214T042917 PendingIntent{42c49a48: PendingIntentRecord{43014358 broadcastIntent Key{broadcastIntent pkg=com.google.android.apps.maps intent=act=com.google.android.apps.maps.nlp.ALARM_WAKEUP_LOCATOR flags=0x0}}} (2147485573009,INT:0)
D/PowerManagerService(  421): acquireWakeLock flags=0x1000001a tag=keyguard uid=1000 pid=421
D/PowerManagerService(  421): acquireWakeLock flags=0x1000001a tag=keyguard uid=1000 pid=421
D/PowerManagerService(  421): acquireWakeLock flags=0x1000001a tag=keyguard uid=1000 pid=421
D/PowerManagerService(  421): acquireWakeLock flags=0x1000001a tag=keyguard uid=1000 pid=421
D/PowerManagerService(  421): acquireWakeLock flags=0x1000001a tag=keyguard uid=1000 pid=421
D/PowerManagerService(  421): acquireWakeLock flags=0x1000001a tag=keyguard uid=1000 pid=421
D/PowerManagerService(  421): acquireWakeLock flags=0x1000001a tag=keyguard uid=1000 pid=421
D/PowerManagerService(  421): acquireWakeLock flags=0x1000001a tag=keyguard uid=1000 pid=421
D/PowerManagerService(  421): acquireWakeLock flags=0x1000001a tag=keyguard uid=1000 pid=421
D/PowerManagerService(  421): acquireWakeLock flags=0x1000001a tag=keyguard uid=1000 pid=421
D/PowerManagerService(  421): acquireWakeLock flags=0x1000001a tag=keyguard uid=1000 pid=421
D/PowerManagerService(  421): acquireWakeLock flags=0x1000001a tag=keyguard uid=1000 pid=421
D/PowerManagerService(  421): acquireWakeLock flags=0x1000001a tag=keyguard uid=1000 pid=421
D/PowerManagerService(  421): acquireDVFSLockLocked : type : DVFS_MIN_LIMIT  frequency : 800000  uid : 1000  pid : 421  tag : ActivityManager
W/ActivityManager(  421): mDVFSLock.acquire()
D/PowerManagerService(  421): enableUserActivity true
D/STATUSBAR-StatusBarManagerService(  421): manageDisableList what=0x0 pkg=android
D/PhoneStatusBar(  520): disable: < expand icons alerts ticker system_info BACK HOME recent* CLOCK >
D/VoIPInterfaceManager(  421): isVoIPIdle()...
D/VoIPInterfaceManager(  421):     Not exist call session
D/VoIPInterfaceManager(  421):     isVoIPIdle() : No session in db 
D/PowerManagerService(  421): userActivity : mUserState 0x3
D/PowerManagerService(  421): releaseWakeLockLocked flags=0x0 tag=keyguard
I/PowerManagerService(  421): Ulight 0x7->0x3|0x0
D/STATUSBAR-NotificationService(  421): ACTION_USER_PRESENT
E/MotionRecognitionService(  421):   mReceiver.onReceive : ACTION_USER_PRESENT  :: UNLOCK SCREEN
I/ActivityManager(  421): Start proc com.sec.pcw:CameraAutoUpload for broadcast com.sec.pcw/.uploader.UploaderReceiver: pid=4424 uid=10003 gids={3003, 1015, 1023, 1028}
V/WindowManager(  421): rotationForOrientationLw(orient=0, last=0); user=0  mLidState=-1 mCoverState=-1 mDockMode=0 mHdmiPlugged=false mAccelerometerDefault=false sensorRotation=-1
D/WindowManager(  421): mInputFocus is not null.
I/ActivityManager(  421): Config changed: {Rect(407, 0 - 431, 480) 1 0 1.0 0mcc0mnc en_GB sw320dp w533dp h294dp nrml long land finger -keyb/v/h -nav/h s.13}
D/STATUSBAR-QuickSettingPanel(  520): mDisplayButtonCnt : 9 mCurButtonNum : 8
W/STATUSBAR-QuickSettingPanel(  520): prepareTranslationXfalse  99
D/WindowManager(  421): mInputFocus is not null.
D/STATUSBAR-StatusBarManagerService(  421): setSystemUiVisibility(0x1)
D/STATUSBAR-StatusBarManagerService(  421): manageDisableList what=0x0 pkg=WindowManager.LayoutParams
D/VoIPInterfaceManager(  421): getState()...
D/VoIPInterfaceManager(  421):     Not exist call session
D/VoIPInterfaceManager(  421): getState()...
D/VoIPInterfaceManager(  421):     Not exist call session
D/NetworkController_dual(  520): onReceive() - ACTION_CONFIGURATION_CHANGED
D/NetworkController_dual(  520): refreshViews connected={ } level=4|?? combinedSignalIconId=0x7f020125/com.android.systemui:drawable/stat_sys_signal_4 combinedActivityIconId=0x0 mAirplaneMode=false mDataActivity1=0 mDataActivity2=0 mPhoneSignalIconId1=0x7f020125 mPhoneSignalIconId2=0x0 mLastPhoneSignalIconId1=0x7f020125 mLastPhoneSignalIconId2=0x0 mDataDirectionIconId1=0x7f020116 mDataDirectionIconId2=0x7f020116 mDataSignalIconId1=0x7f020125 mDataSignalIconId2=0x0 mDataTypeIconId1=0x0 mDataTypeIconId2=0x0 mWifiIconId=0x7f020143 mBluetoothTetherIconId=0x7f020135
D/NetworkController_dual(  520): refreshSignalCluster() : mBluetoothTethered = false
D/NetworkController_dual(  520): refreshSignalCluster() : mSim[0].mDataState=-1, mSim[1].mDataState=0
D/SignalClusterView_dual(  520): wifi: GONE sig=2130837827 act=0
D/SignalClusterView_dual(  520): apply() mSeparateMobileGroup=8
D/NetworkController_dual(  520): getNumberOfSim() SIM0:systemSimState=0, simActive=1, mSimState=ABSENT
D/NetworkController_dual(  520): getNumberOfSim() SIM1:systemSimState=0, simActive=1, mSimState=ABSENT
D/NetworkController_dual(  520): getNumberOfSim() numberOfSim=0
D/SignalClusterView_dual(  520): wifi: GONE sig=2130837827 act=0
D/SignalClusterView_dual(  520): apply() mSeparateMobileGroup=8
D/SignalClusterView_dual(  520): wifi: GONE sig=2130837827 act=0
D/SignalClusterView_dual(  520): apply() mSeparateMobileGroup=8
D/SignalClusterView_dual(  520): wifi: GONE sig=2130837827 act=0
D/SignalClusterView_dual(  520): apply() mSeparateMobileGroup=8
D/NetworkController_dual(  520): getNumberOfActiveSim() SIM0:systemSimState=0, simActive=1, mSimState=ABSENT
D/NetworkController_dual(  520): getNumberOfActiveSim() SIM1:systemSimState=0, simActive=1, mSimState=ABSENT
D/NetworkController_dual(  520): getNumberOfActiveSim() numberOfSim=0
D/NetworkController_dual(  520): getNumberOfActiveSim() SIM0:systemSimState=0, simActive=1, mSimState=ABSENT
D/NetworkController_dual(  520): getNumberOfActiveSim() SIM1:systemSimState=0, simActive=1, mSimState=ABSENT
D/NetworkController_dual(  520): getNumberOfActiveSim() numberOfSim=0
D/NetworkController_dual(  520): getNumberOfActiveSim() SIM0:systemSimState=0, simActive=1, mSimState=ABSENT
D/NetworkController_dual(  520): getNumberOfActiveSim() SIM1:systemSimState=0, simActive=1, mSimState=ABSENT
D/NetworkController_dual(  520): getNumberOfActiveSim() numberOfSim=0
D/NetworkController_dual(  520): mSingleMobileLabelViews set as slot1`s
D/STATUSBAR-Clock(  520): onReceive() - ACTION_CONFIGURATION_CHANGED
D/STATUSBAR-Clock(  520): onReceive() - ACTION_CONFIGURATION_CHANGED
D/NetworkController_dual(  520): getNumberOfActiveSim() SIM0:systemSimState=0, simActive=1, mSimState=ABSENT
D/NetworkController_dual(  520): getNumberOfActiveSim() SIM1:systemSimState=0, simActive=1, mSimState=ABSENT
D/NetworkController_dual(  520): getNumberOfActiveSim() numberOfSim=0
D/PhoneStatusBar(  520): disable: < expand icons alerts ticker system_info back* home* recent clock* >
D/NetworkController_dual(  520): getNumberOfSim() SIM0:systemSimState=0, simActive=1, mSimState=ABSENT
D/NetworkController_dual(  520): getNumberOfSim() SIM1:systemSimState=0, simActive=1, mSimState=ABSENT
D/NetworkController_dual(  520): getNumberOfSim() numberOfSim=0
D/NetworkController_dual(  520): setQuickPanelDualSimVisible() Only one SIM.. dualSimLayout GONE
I/ActivityManager(  421): Process com.sec.pcw:CameraAutoUpload (pid 4424) (adj 9) has died.
D/PowerManagerService(  421): acquireWakeLock flags=0x2000000a tag=AbstractCameraActivity uid=10088 pid=3517
D/PowerManagerService(  421): setAutoBrightnessLimit : lowerLimit 120   upperLimit : -1
D/PowerManagerService(  421): lightSensorChangedLocked value=-1 immediate=false
D/NetworkController_dual(  520): getNumberOfActiveSim() SIM0:systemSimState=0, simActive=1, mSimState=ABSENT
D/NetworkController_dual(  520): getNumberOfActiveSim() SIM1:systemSimState=0, simActive=1, mSimState=ABSENT
D/NetworkController_dual(  520): getNumberOfActiveSim() numberOfSim=0
D/MountService(  421):  :::: isUsbMassStorageEnabled :: ret = false
D/NetworkController_dual(  520): getNumberOfActiveSim() SIM0:systemSimState=0, simActive=1, mSimState=ABSENT
D/NetworkController_dual(  520): getNumberOfActiveSim() SIM1:systemSimState=0, simActive=1, mSimState=ABSENT
