D/WifiService(  421): ACTION_BATTERY_CHANGED pluggedType: 2
V/AlarmManager(  421):  remove] PendingIntent{42caed98: PendingIntentRecord{42c25d20 broadcastIntent Key{broadcastIntent pkg=com.google.android.apps.maps intent=act=com.google.android.apps.maps.nlp.ALARM_WAKEUP_BURST_COLLECTION_TRIGGER flags=0x0}}}
V/AlarmManager(  421): waitForAlarm result :1
V/AlarmManager(  421): AlarmManager_setLocked to type=0 as =1325402028 ans=628000000
V/AlarmManager(  421): sending alarm Alarm{42bc3058 type 0 PendingIntent{42edf1b8: PendingIntentRecord{42e858f8 broadcastIntent Key{broadcastIntent pkg=com.google.android.apps.plus intent=act=com.google.android.apps.plus.NEW_PICTURE flags=0x0}}}}
V/AlarmManager(  421): trigger ELAPSED_REALTIME_WAKEUP or RTC_WAKEUP: plus
V/AlarmManager(  421): !@trigger WAKEUP Alarm{42bc3058 type 0 PendingIntent{42edf1b8: PendingIntentRecord{42e858f8 broadcastIntent Key{broadcastIntent pkg=com.google.android.apps.plus intent=act=com.google.android.apps.plus.NEW_PICTURE flags=0x0}}}}
I/ActivityManager(  421): Process com.sec.factory (pid 3156) (adj 0) has died.
D/BatteryService(  421): update start
D/BatteryService(  421): level:100 scale:100 status:2 health:2 present:true voltage: 4266 temperature: 272 technology: Li-ion AC powered:false USB powered:true icon:17303267 invalid charger:0 online:0 charge type:0 current avg:0
D/STATUSBAR-BatteryController(  520): onReceive() - ACTION_BATTERY_CHANGED
D/STATUSBAR-BatteryController(  520): onReceive() - level:100
D/STATUSBAR-BatteryController(  520): onReceive() - plugged:2
D/STATUSBAR-BatteryController(  520): onReceive() - BATTERY_STATUS_CHARGING:
D/STATUSBAR-PhoneStatusBar(  520): ACTION_BATTERY_CHANGED
D/STATUSBAR-PhoneStatusBar(  520): NORMAL_BATTERY
D/WifiService(  421): ACTION_BATTERY_CHANGED pluggedType: 2
V/AlarmManager(  421):  remove] PendingIntent{41fe41e8: PendingIntentRecord{42c25d20 broadcastIntent Key{broadcastIntent pkg=com.google.android.apps.maps intent=act=com.google.android.apps.maps.nlp.ALARM_WAKEUP_BURST_COLLECTION_TRIGGER flags=0x0}}}
D/BatteryService(  421): update start
D/BatteryService(  421): level:100 scale:100 status:2 health:2 present:true voltage: 4263 temperature: 272 technology: Li-ion AC powered:false USB powered:true icon:17303267 invalid charger:0 online:0 charge type:0 current avg:0
D/STATUSBAR-BatteryController(  520): onReceive() - ACTION_BATTERY_CHANGED
D/STATUSBAR-BatteryController(  520): onReceive() - level:100
D/STATUSBAR-BatteryController(  520): onReceive() - plugged:2
D/STATUSBAR-BatteryController(  520): onReceive() - BATTERY_STATUS_CHARGING:
D/STATUSBAR-PhoneStatusBar(  520): ACTION_BATTERY_CHANGED
D/STATUSBAR-PhoneStatusBar(  520): NORMAL_BATTERY
D/WifiService(  421): ACTION_BATTERY_CHANGED pluggedType: 2
V/AlarmManager(  421):  remove] PendingIntent{420f8a10: PendingIntentRecord{42c25d20 broadcastIntent Key{broadcastIntent pkg=com.google.android.apps.maps intent=act=com.google.android.apps.maps.nlp.ALARM_WAKEUP_BURST_COLLECTION_TRIGGER flags=0x0}}}
W/PowerManagerService(  421): Timer 0x3->0x1|0x3
D/BatteryService(  421): update start
W/PowerManagerService(  421): Timer 0x3->0x0|0x3
E/PowerManagerService(  421): CurLock p:3 mPS:3
W/PowerManagerService(  421): type=SCREEN_BRIGHT_WAKE_LOCK        'AbstractCameraActivity' active (minState=3) activeT=130111  uid=10088  pid=3517
D/BatteryService(  421): update start
D/BatteryService(  421): level:100 scale:100 status:2 health:2 present:true voltage: 4262 temperature: 272 technology: Li-ion AC powered:false USB powered:true icon:17303267 invalid charger:0 online:0 charge type:0 current avg:0
D/STATUSBAR-BatteryController(  520): onReceive() - ACTION_BATTERY_CHANGED
D/STATUSBAR-BatteryController(  520): onReceive() - level:100
D/STATUSBAR-BatteryController(  520): onReceive() - plugged:2
D/STATUSBAR-BatteryController(  520): onReceive() - BATTERY_STATUS_CHARGING:
D/STATUSBAR-PhoneStatusBar(  520): ACTION_BATTERY_CHANGED
D/STATUSBAR-PhoneStatusBar(  520): NORMAL_BATTERY
D/WifiService(  421): ACTION_BATTERY_CHANGED pluggedType: 2
V/AlarmManager(  421):  remove] PendingIntent{420ecc48: PendingIntentRecord{42c25d20 broadcastIntent Key{broadcastIntent pkg=com.google.android.apps.maps intent=act=com.google.android.apps.maps.nlp.ALARM_WAKEUP_BURST_COLLECTION_TRIGGER flags=0x0}}}
D/PowerManagerService(  421): userActivity : mUserState 0x3
D/BatteryService(  421): update start
D/BatteryService(  421): level:100 scale:100 status:2 health:2 present:true voltage: 4263 temperature: 272 technology: Li-ion AC powered:false USB powered:true icon:17303267 invalid charger:0 online:0 charge type:0 current avg:0
D/STATUSBAR-BatteryController(  520): onReceive() - ACTION_BATTERY_CHANGED
D/STATUSBAR-BatteryController(  520): onReceive() - level:100
D/STATUSBAR-BatteryController(  520): onReceive() - plugged:2
D/STATUSBAR-BatteryController(  520): onReceive() - BATTERY_STATUS_CHARGING:
D/STATUSBAR-PhoneStatusBar(  520): ACTION_BATTERY_CHANGED
D/STATUSBAR-PhoneStatusBar(  520): NORMAL_BATTERY
D/WifiService(  421): ACTION_BATTERY_CHANGED pluggedType: 2
V/AlarmManager(  421):  remove] PendingIntent{42d97d28: PendingIntentRecord{42c25d20 broadcastIntent Key{broadcastIntent pkg=com.google.android.apps.maps intent=act=com.google.android.apps.maps.nlp.ALARM_WAKEUP_BURST_COLLECTION_TRIGGER flags=0x0}}}
W/PowerManagerService(  421): Timer 0x3->0x3|0x3
D/BatteryService(  421): update start
D/BatteryService(  421): level:100 scale:100 status:2 health:2 present:true voltage: 4262 temperature: 272 technology: Li-ion AC powered:false USB powered:true icon:17303267 invalid charger:0 online:0 charge type:0 current avg:0
D/STATUSBAR-BatteryController(  520): onReceive() - ACTION_BATTERY_CHANGED
D/STATUSBAR-BatteryController(  520): onReceive() - level:100
D/STATUSBAR-BatteryController(  520): onReceive() - plugged:2
D/STATUSBAR-BatteryController(  520): onReceive() - BATTERY_STATUS_CHARGING:
D/STATUSBAR-PhoneStatusBar(  520): ACTION_BATTERY_CHANGED
D/WifiService(  421): ACTION_BATTERY_CHANGED pluggedType: 2
D/STATUSBAR-PhoneStatusBar(  520): NORMAL_BATTERY
V/AlarmManager(  421):  remove] PendingIntent{420ca380: PendingIntentRecord{42c25d20 broadcastIntent Key{broadcastIntent pkg=com.google.android.apps.maps intent=act=com.google.android.apps.maps.nlp.ALARM_WAKEUP_BURST_COLLECTION_TRIGGER flags=0x0}}}
D/BatteryService(  421): update start
D/BatteryService(  421): level:100 scale:100 status:2 health:2 present:true voltage: 4258 temperature: 272 technology: Li-ion AC powered:false USB powered:true icon:17303267 invalid charger:0 online:0 charge type:0 current avg:0
D/WifiService(  421): ACTION_BATTERY_CHANGED pluggedType: 2
D/STATUSBAR-BatteryController(  520): onReceive() - ACTION_BATTERY_CHANGED
D/STATUSBAR-BatteryController(  520): onReceive() - level:100
D/STATUSBAR-BatteryController(  520): onReceive() - plugged:2
D/STATUSBAR-BatteryController(  520): onReceive() - BATTERY_STATUS_CHARGING:
D/STATUSBAR-PhoneStatusBar(  520): ACTION_BATTERY_CHANGED
D/STATUSBAR-PhoneStatusBar(  520): NORMAL_BATTERY
V/AlarmManager(  421):  remove] PendingIntent{420c0648: PendingIntentRecord{42c25d20 broadcastIntent Key{broadcastIntent pkg=com.google.android.apps.maps intent=act=com.google.android.apps.maps.nlp.ALARM_WAKEUP_BURST_COLLECTION_TRIGGER flags=0x0}}}
D/BatteryService(  421): update start
D/BatteryService(  421): level:100 scale:100 status:2 health:2 present:true voltage: 4256 temperature: 272 technology: Li-ion AC powered:false USB powered:true icon:17303267 invalid charger:0 online:0 charge type:0 current avg:0
D/STATUSBAR-BatteryController(  520): onReceive() - ACTION_BATTERY_CHANGED
D/STATUSBAR-BatteryController(  520): onReceive() - level:100
D/STATUSBAR-BatteryController(  520): onReceive() - plugged:2
D/STATUSBAR-BatteryController(  520): onReceive() - BATTERY_STATUS_CHARGING:
D/STATUSBAR-PhoneStatusBar(  520): ACTION_BATTERY_CHANGED
D/STATUSBAR-PhoneStatusBar(  520): NORMAL_BATTERY
D/WifiService(  421): ACTION_BATTERY_CHANGED pluggedType: 2
V/AlarmManager(  421):  remove] PendingIntent{42096878: PendingIntentRecord{42c25d20 broadcastIntent Key{broadcastIntent pkg=com.google.android.apps.maps intent=act=com.google.android.apps.maps.nlp.ALARM_WAKEUP_BURST_COLLECTION_TRIGGER flags=0x0}}}
V/AlarmManager(  421): waitForAlarm result :8
V/AlarmManager(  421): AlarmManager_setLocked to type=3 as =3645 ans=331000000
V/AlarmManager(  421): sending alarm Alarm{42d2f350 type 3 PendingIntent{42122ad8: PendingIntentRecord{41fe0018 broadcastIntent Key{broadcastIntent pkg=android intent=act=android.intent.action.TIME_TICK flg=0x40000000 flags=0x0}}}}
V/AlarmManager(  421): ClockReceiver onReceive() ACTION_TIME_TICK
W/AlarmManager(  421): Set alarm: type= 3 triggerAtTime= 3459304
W/AlarmManager(  421): FACTORY_ON= 0
V/AlarmManager(  421): setRepeating (T:3)20120101T070900 android (3459304,INT:0)
V/AlarmManager(  421): Adding alarm (T:3 at 0) 20120101T070900 PendingIntent{42122ad8: PendingIntentRecord{41fe0018 broadcastIntent Key{broadcastIntent pkg=android intent=act=android.intent.action.TIME_TICK flg=0x40000000 flags=0x0}}} (3459304,INT:0)
V/AlarmManager(  421): AlarmManager_setLocked to type=3 as =3459 ans=304000000
D/STATUSBAR-Clock(  520): onReceive() - ACTION_TIME_TICK
D/STATUSBAR-Clock(  520): onReceive() - ACTION_TIME_TICK
D/VoIPInterfaceManager(  421): isVoIPIdle()...
D/VoIPInterfaceManager(  421):     Not exist call session
D/VoIPInterfaceManager(  421):     isVoIPIdle() : No session in db 
W/PowerManagerService(  421): Timer 0x3->0x3|0x3
D/BatteryService(  421): update start
D/BatteryService(  421): update start
D/BatteryService(  421): level:100 scale:100 status:2 health:2 present:true voltage: 4254 temperature: 272 technology: Li-ion AC powered:false USB powered:true icon:17303267 invalid charger:0 online:0 charge type:0 current avg:0
D/STATUSBAR-BatteryController(  520): onReceive() - ACTION_BATTERY_CHANGED
D/STATUSBAR-BatteryController(  520): onReceive() - level:100
D/STATUSBAR-BatteryController(  520): onReceive() - plugged:2
D/STATUSBAR-BatteryController(  520): onReceive() - BATTERY_STATUS_CHARGING:
D/STATUSBAR-PhoneStatusBar(  520): ACTION_BATTERY_CHANGED
D/STATUSBAR-PhoneStatusBar(  520): NORMAL_BATTERY
D/WifiService(  421): ACTION_BATTERY_CHANGED pluggedType: 2
V/AlarmManager(  421):  remove] PendingIntent{4232b6a8: PendingIntentRecord{42c25d20 broadcastIntent Key{broadcastIntent pkg=com.google.android.apps.maps intent=act=com.google.android.apps.maps.nlp.ALARM_WAKEUP_BURST_COLLECTION_TRIGGER flags=0x0}}}
D/BatteryService(  421): update start
D/BatteryService(  421): update start
D/BatteryService(  421): level:100 scale:100 status:2 health:2 present:true voltage: 4259 temperature: 272 technology: Li-ion AC powered:false USB powered:true icon:17303267 invalid charger:0 online:0 charge type:0 current avg:0
D/STATUSBAR-BatteryController(  520): onReceive() - ACTION_BATTERY_CHANGED
D/STATUSBAR-BatteryController(  520): onReceive() - level:100
D/STATUSBAR-BatteryController(  520): onReceive() - plugged:2
D/STATUSBAR-BatteryController(  520): onReceive() - BATTERY_STATUS_CHARGING:
D/WifiService(  421): ACTION_BATTERY_CHANGED pluggedType: 2
D/STATUSBAR-PhoneStatusBar(  520): ACTION_BATTERY_CHANGED
D/STATUSBAR-PhoneStatusBar(  520): NORMAL_BATTERY
V/AlarmManager(  421):  remove] PendingIntent{430101d0: PendingIntentRecord{42c25d20 broadcastIntent Key{broadcastIntent pkg=com.google.android.apps.maps intent=act=com.google.android.apps.maps.nlp.ALARM_WAKEUP_BURST_COLLECTION_TRIGGER flags=0x0}}}
D/BatteryService(  421): update start
D/BatteryService(  421): level:100 scale:100 status:2 health:2 present:true voltage: 4264 temperature: 272 technology: Li-ion AC powered:false USB powered:true icon:17303267 invalid charger:0 online:0 charge type:0 current avg:0
D/WifiService(  421): ACTION_BATTERY_CHANGED pluggedType: 2
D/STATUSBAR-BatteryController(  520): onReceive() - ACTION_BATTERY_CHANGED
D/STATUSBAR-BatteryController(  520): onReceive() - level:100
D/STATUSBAR-BatteryController(  520): onReceive() - plugged:2
D/STATUSBAR-BatteryController(  520): onReceive() - BATTERY_STATUS_CHARGING:
D/STATUSBAR-PhoneStatusBar(  520): ACTION_BATTERY_CHANGED
D/STATUSBAR-PhoneStatusBar(  520): NORMAL_BATTERY
V/AlarmManager(  421):  remove] PendingIntent{42f78e08: PendingIntentRecord{42c25d20 broadcastIntent Key{broadcastIntent pkg=com.google.android.apps.maps intent=act=com.google.android.apps.maps.nlp.ALARM_WAKEUP_BURST_COLLECTION_TRIGGER flags=0x0}}}
W/PowerManagerService(  421): Timer 0x3->0x1|0x3
D/BatteryService(  421): update start
D/BatteryService(  421): level:100 scale:100 status:5 health:2 present:true voltage: 4264 temperature: 272 technology: Li-ion AC powered:false USB powered:true icon:17303267 invalid charger:0 online:0 charge type:0 current avg:0
D/STATUSBAR-BatteryController(  520): onReceive() - ACTION_BATTERY_CHANGED
D/STATUSBAR-BatteryController(  520): onReceive() - level:100
D/STATUSBAR-BatteryController(  520): onReceive() - plugged:2
D/STATUSBAR-BatteryController(  520): onReceive() - BATTERY_STATUS_FULL:
D/WifiService(  421): ACTION_BATTERY_CHANGED pluggedType: 2
V/AlarmManager(  421):  remove] PendingIntent{42dd24a0: PendingIntentRecord{42c25d20 broadcastIntent Key{broadcastIntent pkg=com.google.android.apps.maps intent=act=com.google.android.apps.maps.nlp.ALARM_WAKEUP_BURST_COLLECTION_TRIGGER flags=0x0}}}
D/STATUSBAR-PhoneStatusBar(  520): ACTION_BATTERY_CHANGED
D/STATUSBAR-PhoneStatusBar(  520): NORMAL_BATTERY
D/STATUSBAR-NotificationService(  421): Noti Alert - mSystemReady:true, AlertEnabled:true
D/PowerManagerService(  421): acquireWakeLock flags=0x10000006 tag=PowerUI uid=10116 pid=520
D/PhoneStatusBar(  520): addNotification score=0
D/StatusBar(  520): expanding top notification at 4entry.userCollapsed() = false
D/NetworkController_dual(  520): getNumberOfActiveSim() SIM0:systemSimState=0, simActive=1, mSimState=ABSENT
D/NetworkController_dual(  520): getNumberOfActiveSim() SIM1:systemSimState=0, simActive=1, mSimState=ABSENT
D/NetworkController_dual(  520): getNumberOfActiveSim() numberOfSim=0
D/NetworkController_dual(  520): getNumberOfActiveSim() SIM0:systemSimState=0, simActive=1, mSimState=ABSENT
D/NetworkController_dual(  520): getNumberOfActiveSim() SIM1:systemSimState=0, simActive=1, mSimState=ABSENT
D/NetworkController_dual(  520): getNumberOfActiveSim() numberOfSim=0
D/BatteryService(  421): update start
D/BatteryService(  421): level:100 scale:100 status:5 health:2 present:true voltage: 4271 temperature: 272 technology: Li-ion AC powered:false USB powered:true icon:17303267 invalid charger:0 online:0 charge type:0 current avg:0
D/BatteryService(  421): update start
D/WifiService(  421): ACTION_BATTERY_CHANGED pluggedType: 2
D/STATUSBAR-BatteryController(  520): onReceive() - ACTION_BATTERY_CHANGED
D/STATUSBAR-BatteryController(  520): onReceive() - level:100
D/STATUSBAR-BatteryController(  520): onReceive() - plugged:2
D/STATUSBAR-BatteryController(  520): onReceive() - BATTERY_STATUS_FULL:
D/STATUSBAR-PhoneStatusBar(  520): ACTION_BATTERY_CHANGED
D/STATUSBAR-PhoneStatusBar(  520): NORMAL_BATTERY
V/AlarmManager(  421):  remove] PendingIntent{42ce3d20: PendingIntentRecord{42c25d20 broadcastIntent Key{broadcastIntent pkg=com.google.android.apps.maps intent=act=com.google.android.apps.maps.nlp.ALARM_WAKEUP_BURST_COLLECTION_TRIGGER flags=0x0}}}
D/BatteryService(  421): update start
D/BatteryService(  421): level:100 scale:100 status:5 health:2 present:true voltage: 4272 temperature: 272 technology: Li-ion AC powered:false USB powered:true icon:17303267 invalid charger:0 online:0 charge type:0 current avg:0
D/STATUSBAR-BatteryController(  520): onReceive() - ACTION_BATTERY_CHANGED
D/STATUSBAR-BatteryController(  520): onReceive() - level:100
D/STATUSBAR-BatteryController(  520): onReceive() - plugged:2
D/STATUSBAR-BatteryController(  520): onReceive() - BATTERY_STATUS_FULL:
D/STATUSBAR-PhoneStatusBar(  520): ACTION_BATTERY_CHANGED
D/STATUSBAR-PhoneStatusBar(  520): NORMAL_BATTERY
D/WifiService(  421): ACTION_BATTERY_CHANGED pluggedType: 2
V/AlarmManager(  421):  remove] PendingIntent{42e3cb98: PendingIntentRecord{42c25d20 broadcastIntent Key{broadcastIntent pkg=com.google.android.apps.maps intent=act=com.google.android.apps.maps.nlp.ALARM_WAKEUP_BURST_COLLECTION_TRIGGER flags=0x0}}}
W/PowerManagerService(  421): Timer 0x3->0x0|0x3
E/PowerManagerService(  421): CurLock p:3 mPS:3
W/PowerManagerService(  421): type=SCREEN_BRIGHT_WAKE_LOCK        'AbstractCameraActivity' active (minState=3) activeT=185106  uid=10088  pid=3517
W/PowerManagerService(  421): type=SCREEN_DIM_WAKE_LOCK           'PowerUI' AW  active (minState=1) activeT=3538  uid=10116  pid=520
D/BatteryService(  421): update start
D/BatteryService(  421): level:100 scale:100 status:5 health:2 present:true voltage: 4273 temperature: 272 technology: Li-ion AC powered:false USB powered:true icon:17303267 invalid charger:0 online:0 charge type:0 current avg:0
D/WifiService(  421): ACTION_BATTERY_CHANGED pluggedType: 2
D/STATUSBAR-BatteryController(  520): onReceive() - ACTION_BATTERY_CHANGED
D/STATUSBAR-BatteryController(  520): onReceive() - level:100
D/STATUSBAR-BatteryController(  520): onReceive() - plugged:2
D/STATUSBAR-BatteryController(  520): onReceive() - BATTERY_STATUS_FULL:
D/STATUSBAR-PhoneStatusBar(  520): ACTION_BATTERY_CHANGED
D/STATUSBAR-PhoneStatusBar(  520): NORMAL_BATTERY
V/AlarmManager(  421):  remove] PendingIntent{4206a8c0: PendingIntentRecord{42c25d20 broadcastIntent Key{broadcastIntent pkg=com.google.android.apps.maps intent=act=com.google.android.apps.maps.nlp.ALARM_WAKEUP_BURST_COLLECTION_TRIGGER flags=0x0}}}
D/BatteryService(  421): update start
D/BatteryService(  421): level:100 scale:100 status:5 health:2 present:true voltage: 4276 temperature: 273 technology: Li-ion AC powered:false USB powered:true icon:17303267 invalid charger:0 online:0 charge type:0 current avg:0
D/STATUSBAR-BatteryController(  520): onReceive() - ACTION_BATTERY_CHANGED
D/STATUSBAR-BatteryController(  520): onReceive() - level:100
D/STATUSBAR-BatteryController(  520): onReceive() - plugged:2
D/STATUSBAR-BatteryController(  520): onReceive() - BATTERY_STATUS_FULL:
D/STATUSBAR-PhoneStatusBar(  520): ACTION_BATTERY_CHANGED
D/STATUSBAR-PhoneStatusBar(  520): NORMAL_BATTERY
D/WifiService(  421): ACTION_BATTERY_CHANGED pluggedType: 2
V/AlarmManager(  421):  remove] PendingIntent{4232cb80: PendingIntentRecord{42c25d20 broadcastIntent Key{broadcastIntent pkg=com.google.android.apps.maps intent=act=com.google.android.apps.maps.nlp.ALARM_WAKEUP_BURST_COLLECTION_TRIGGER flags=0x0}}}
D/BatteryService(  421): update start
D/BatteryService(  421): level:100 scale:100 status:5 health:2 present:true voltage: 4281 temperature: 273 technology: Li-ion AC powered:false USB powered:true icon:17303267 invalid charger:0 online:0 charge type:0 current avg:0
D/WifiService(  421): ACTION_BATTERY_CHANGED pluggedType: 2
D/STATUSBAR-BatteryController(  520): onReceive() - ACTION_BATTERY_CHANGED
D/STATUSBAR-BatteryController(  520): onReceive() - level:100
D/STATUSBAR-BatteryController(  520): onReceive() - plugged:2
D/STATUSBAR-BatteryController(  520): onReceive() - BATTERY_STATUS_FULL:
D/STATUSBAR-PhoneStatusBar(  520): ACTION_BATTERY_CHANGED
D/STATUSBAR-PhoneStatusBar(  520): NORMAL_BATTERY
V/AlarmManager(  421):  remove] PendingIntent{42dcf808: PendingIntentRecord{42c25d20 broadcastIntent Key{broadcastIntent pkg=com.google.android.apps.maps intent=act=com.google.android.apps.maps.nlp.ALARM_WAKEUP_BURST_COLLECTION_TRIGGER flags=0x0}}}
E/PowerManagerService(  421): CurLock p:2 mPS:3
W/PowerManagerService(  421): type=SCREEN_BRIGHT_WAKE_LOCK        'AbstractCameraActivity' active (minState=3) activeT=201573  uid=10088  pid=3517
D/PowerManagerService(  421): releaseWakeLockLocked flags=0x0 tag=PowerUI
D/BatteryService(  421): update start
D/BatteryService(  421): level:100 scale:100 status:5 health:2 present:true voltage: 4280 temperature: 273 technology: Li-ion AC powered:false USB powered:true icon:17303267 invalid charger:0 online:0 charge type:0 current avg:0
D/STATUSBAR-BatteryController(  520): onReceive() - ACTION_BATTERY_CHANGED
D/STATUSBAR-BatteryController(  520): onReceive() - level:100
D/STATUSBAR-BatteryController(  520): onReceive() - plugged:2
D/STATUSBAR-BatteryController(  520): onReceive() - BATTERY_STATUS_FULL:
D/STATUSBAR-PhoneStatusBar(  520): ACTION_BATTERY_CHANGED
D/STATUSBAR-PhoneStatusBar(  520): NORMAL_BATTERY
D/WifiService(  421): ACTION_BATTERY_CHANGED pluggedType: 2
V/AlarmManager(  421):  remove] PendingIntent{42cde620: PendingIntentRecord{42c25d20 broadcastIntent Key{broadcastIntent pkg=com.google.android.apps.maps intent=act=com.google.android.apps.maps.nlp.ALARM_WAKEUP_BURST_COLLECTION_TRIGGER flags=0x0}}}
D/BatteryService(  421): update start
D/BatteryService(  421): level:100 scale:100 status:5 health:2 present:true voltage: 4279 temperature: 273 technology: Li-ion AC powered:false USB powered:true icon:17303267 invalid charger:0 online:0 charge type:0 current avg:0
D/WifiService(  421): ACTION_BATTERY_CHANGED pluggedType: 2
D/STATUSBAR-BatteryController(  520): onReceive() - ACTION_BATTERY_CHANGED
D/STATUSBAR-BatteryController(  520): onReceive() - level:100
D/STATUSBAR-BatteryController(  520): onReceive() - plugged:2
D/STATUSBAR-BatteryController(  520): onReceive() - BATTERY_STATUS_FULL:
D/STATUSBAR-PhoneStatusBar(  520): ACTION_BATTERY_CHANGED
D/STATUSBAR-PhoneStatusBar(  520): NORMAL_BATTERY
V/AlarmManager(  421):  remove] PendingIntent{42f8f5f0: PendingIntentRecord{42c25d20 broadcastIntent Key{broadcastIntent pkg=com.google.android.apps.maps intent=act=com.google.android.apps.maps.nlp.ALARM_WAKEUP_BURST_COLLECTION_TRIGGER flags=0x0}}}
D/BatteryService(  421): update start
D/BatteryService(  421): level:100 scale:100 status:5 health:2 present:true voltage: 4280 temperature: 273 technology: Li-ion AC powered:false USB powered:true icon:17303267 invalid charger:0 online:0 charge type:0 current avg:0
D/STATUSBAR-BatteryController(  520): onReceive() - ACTION_BATTERY_CHANGED
D/STATUSBAR-BatteryController(  520): onReceive() - level:100
D/STATUSBAR-BatteryController(  520): onReceive() - plugged:2
D/STATUSBAR-BatteryController(  520): onReceive() - BATTERY_STATUS_FULL:
D/WifiService(  421): ACTION_BATTERY_CHANGED pluggedType: 2
D/STATUSBAR-PhoneStatusBar(  520): ACTION_BATTERY_CHANGED
D/STATUSBAR-PhoneStatusBar(  520): NORMAL_BATTERY
V/AlarmManager(  421):  remove] PendingIntent{42d97ec0: PendingIntentRecord{42c25d20 broadcastIntent Key{broadcastIntent pkg=com.google.android.apps.maps intent=act=com.google.android.apps.maps.nlp.ALARM_WAKEUP_BURST_COLLECTION_TRIGGER flags=0x0}}}
V/AlarmManager(  421): waitForAlarm result :8
V/AlarmManager(  421): AlarmManager_setLocked to type=3 as =3645 ans=331000000
V/AlarmManager(  421): sending alarm Alarm{42caa1a8 type 3 PendingIntent{42122ad8: PendingIntentRecord{41fe0018 broadcastIntent Key{broadcastIntent pkg=android intent=act=android.intent.action.TIME_TICK flg=0x40000000 flags=0x0}}}}
V/AlarmManager(  421): ClockReceiver onReceive() ACTION_TIME_TICK
W/AlarmManager(  421): Set alarm: type= 3 triggerAtTime= 3519303
W/AlarmManager(  421): FACTORY_ON= 0
V/AlarmManager(  421): setRepeating (T:3)20120101T071000 android (3519303,INT:0)
V/AlarmManager(  421): Adding alarm (T:3 at 0) 20120101T071000 PendingIntent{42122ad8: PendingIntentRecord{41fe0018 broadcastIntent Key{broadcastIntent pkg=android intent=act=android.intent.action.TIME_TICK flg=0x40000000 flags=0x0}}} (3519303,INT:0)
V/AlarmManager(  421): AlarmManager_setLocked to type=3 as =3519 ans=303000000
D/STATUSBAR-Clock(  520): onReceive() - ACTION_TIME_TICK
D/STATUSBAR-Clock(  520): onReceive() - ACTION_TIME_TICK
D/BatteryService(  421): update start
D/BatteryService(  421): level:100 scale:100 status:5 health:2 present:true voltage: 4284 temperature: 273 technology: Li-ion AC powered:false USB powered:true icon:17303267 invalid charger:0 online:0 charge type:0 current avg:0
D/WifiService(  421): ACTION_BATTERY_CHANGED pluggedType: 2
D/STATUSBAR-BatteryController(  520): onReceive() - ACTION_BATTERY_CHANGED
D/STATUSBAR-BatteryController(  520): onReceive() - level:100
D/STATUSBAR-BatteryController(  520): onReceive() - plugged:2
D/STATUSBAR-BatteryController(  520): onReceive() - BATTERY_STATUS_FULL:
D/STATUSBAR-PhoneStatusBar(  520): ACTION_BATTERY_CHANGED
D/STATUSBAR-PhoneStatusBar(  520): NORMAL_BATTERY
V/AlarmManager(  421):  remove] PendingIntent{42c61f38: PendingIntentRecord{42c25d20 broadcastIntent Key{broadcastIntent pkg=com.google.android.apps.maps intent=act=com.google.android.apps.maps.nlp.ALARM_WAKEUP_BURST_COLLECTION_TRIGGER flags=0x0}}}
D/BatteryService(  421): update start
D/BatteryService(  421): level:100 scale:100 status:5 health:2 present:true voltage: 4283 temperature: 273 technology: Li-ion AC powered:false USB powered:true icon:17303267 invalid charger:0 online:0 charge type:0 current avg:0
D/WifiService(  421): ACTION_BATTERY_CHANGED pluggedType: 2
D/STATUSBAR-BatteryController(  520): onReceive() - ACTION_BATTERY_CHANGED
D/STATUSBAR-BatteryController(  520): onReceive() - level:100
D/STATUSBAR-BatteryController(  520): onReceive() - plugged:2
D/STATUSBAR-BatteryController(  520): onReceive() - BATTERY_STATUS_FULL:
D/STATUSBAR-PhoneStatusBar(  520): ACTION_BATTERY_CHANGED
D/STATUSBAR-PhoneStatusBar(  520): NORMAL_BATTERY
V/AlarmManager(  421):  remove] PendingIntent{42cf9c58: PendingIntentRecord{42c25d20 broadcastIntent Key{broadcastIntent pkg=com.google.android.apps.maps intent=act=com.google.android.apps.maps.nlp.ALARM_WAKEUP_BURST_COLLECTION_TRIGGER flags=0x0}}}
D/BatteryService(  421): update start
D/BatteryService(  421): level:100 scale:100 status:5 health:2 present:true voltage: 4284 temperature: 273 technology: Li-ion AC powered:false USB powered:true icon:17303267 invalid charger:0 online:0 charge type:0 current avg:0
D/STATUSBAR-BatteryController(  520): onReceive() - ACTION_BATTERY_CHANGED
D/STATUSBAR-BatteryController(  520): onReceive() - level:100
D/STATUSBAR-BatteryController(  520): onReceive() - plugged:2
D/STATUSBAR-BatteryController(  520): onReceive() - BATTERY_STATUS_FULL:
D/WifiService(  421): ACTION_BATTERY_CHANGED pluggedType: 2
D/STATUSBAR-PhoneStatusBar(  520): ACTION_BATTERY_CHANGED
D/STATUSBAR-PhoneStatusBar(  520): NORMAL_BATTERY
V/AlarmManager(  421):  remove] PendingIntent{42e7ca00: PendingIntentRecord{42c25d20 broadcastIntent Key{broadcastIntent pkg=com.google.android.apps.maps intent=act=com.google.android.apps.maps.nlp.ALARM_WAKEUP_BURST_COLLECTION_TRIGGER flags=0x0}}}
D/BatteryService(  421): update start
D/BatteryService(  421): level:100 scale:100 status:5 health:2 present:true voltage: 4282 temperature: 273 technology: Li-ion AC powered:false USB powered:true icon:17303267 invalid charger:0 online:0 charge type:0 current avg:0
D/WifiService(  421): ACTION_BATTERY_CHANGED pluggedType: 2
D/STATUSBAR-BatteryController(  520): onReceive() - ACTION_BATTERY_CHANGED
D/STATUSBAR-BatteryController(  520): onReceive() - level:100
D/STATUSBAR-BatteryController(  520): onReceive() - plugged:2
D/STATUSBAR-BatteryController(  520): onReceive() - BATTERY_STATUS_FULL:
D/STATUSBAR-PhoneStatusBar(  520): ACTION_BATTERY_CHANGED
D/STATUSBAR-PhoneStatusBar(  520): NORMAL_BATTERY
V/AlarmManager(  421):  remove] PendingIntent{42bb4380: PendingIntentRecord{42c25d20 broadcastIntent Key{broadcastIntent pkg=com.google.android.apps.maps intent=act=com.google.android.apps.maps.nlp.ALARM_WAKEUP_BURST_COLLECTION_TRIGGER flags=0x0}}}
D/BatteryService(  421): update start
D/BatteryService(  421): update start
D/BatteryService(  421): level:100 scale:100 status:3 health:2 present:true voltage: 4282 temperature: 273 technology: Li-ion AC powered:false USB powered:false icon:17303251 invalid charger:0 online:0 charge type:0 current avg:0
D/PowerManagerService(  421): userActivity : mUserState 0x3
D/STATUSBAR-BatteryController(  520): onReceive() - ACTION_BATTERY_CHANGED
D/STATUSBAR-BatteryController(  520): onReceive() - level:100
D/STATUSBAR-BatteryController(  520): onReceive() - plugged:0
D/STATUSBAR-BatteryController(  520): onReceive() - BATTERY_STATUS_DISCHARGING: stat_sys_battery
D/STATUSBAR-PhoneStatusBar(  520): ACTION_BATTERY_CHANGED
D/STATUSBAR-PhoneStatusBar(  520): NORMAL_BATTERY
D/STATUSBAR-NotificationService(  421): updateLightsLocked() : Turn off notification light
D/WifiService(  421): ACTION_BATTERY_CHANGED pluggedType: 0
D/UsbDeviceManager(  421): handleMessage -> MSG_POWER_STATE = 0
D/UsbDeviceManager(  421): received ACTION_POWER_DISCONNECTED = -1
D/BatteryService(  421): update start
D/BatteryService(  421): update start
V/UsbDeviceManager(  421): USB UEVENT: {USB_STATE=DISCONNECTED, SUBSYSTEM=android_usb, DEVPATH=/devices/virtual/android_usb/android0, SEQNUM=2471, ACTION=change}
D/StatusBar(  520): expanding top notification at 3entry.userCollapsed() = false
D/NetworkController_dual(  520): getNumberOfActiveSim() SIM0:systemSimState=0, simActive=1, mSimState=ABSENT
D/NetworkController_dual(  520): getNumberOfActiveSim() SIM1:systemSimState=0, simActive=1, mSimState=ABSENT
D/NetworkController_dual(  520): getNumberOfActiveSim() numberOfSim=0
D/UsbDeviceManager(  421): sending intent : ACTION_USB_CABLE_STATE : connected = false
D/NetworkController_dual(  520): getNumberOfActiveSim() SIM0:systemSimState=0, simActive=1, mSimState=ABSENT
D/NetworkController_dual(  520): getNumberOfActiveSim() SIM1:systemSimState=0, simActive=1, mSimState=ABSENT
D/NetworkController_dual(  520): getNumberOfActiveSim() numberOfSim=0
D/PowerManagerService(  421): setScreenOffTimeouts mKeylightDelay=1500 mDimDelay=21500 mScreenOffDelay=7000 mDimScreen=true
V/AlarmManager(  421):  remove] PendingIntent{43045fd0: PendingIntentRecord{42c25d20 broadcastIntent Key{broadcastIntent pkg=com.google.android.apps.maps intent=act=com.google.android.apps.maps.nlp.ALARM_WAKEUP_BURST_COLLECTION_TRIGGER flags=0x0}}}
D/STATUSBAR-NotificationService(  421): updateLightsLocked() : Turn off notification light
I/ActivityManager(  421): Process com.android.MtpApplication (pid 4550) (adj 0) has died.
D/BatteryService(  421): update start
D/BatteryService(  421): level:100 scale:100 status:3 health:2 present:true voltage: 4280 temperature: 273 technology: Li-ion AC powered:false USB powered:false icon:17303251 invalid charger:0 online:0 charge type:0 current avg:0
D/STATUSBAR-BatteryController(  520): onReceive() - ACTION_BATTERY_CHANGED
D/STATUSBAR-BatteryController(  520): onReceive() - level:100
D/STATUSBAR-BatteryController(  520): onReceive() - plugged:0
D/STATUSBAR-BatteryController(  520): onReceive() - BATTERY_STATUS_DISCHARGING: stat_sys_battery
D/STATUSBAR-PhoneStatusBar(  520): ACTION_BATTERY_CHANGED
D/STATUSBAR-PhoneStatusBar(  520): NORMAL_BATTERY
D/WifiService(  421): ACTION_BATTERY_CHANGED pluggedType: 0
V/AlarmManager(  421):  remove] PendingIntent{42cd3198: PendingIntentRecord{42c25d20 broadcastIntent Key{broadcastIntent pkg=com.google.android.apps.maps intent=act=com.google.android.apps.maps.nlp.ALARM_WAKEUP_BURST_COLLECTION_TRIGGER flags=0x0}}}
D/UsbDeviceManager(  421): handleMessage -> MSG_UPDATE_STATE connected = 0,configured = 0
D/UsbDeviceManager(  421): updateUsbNotification : mConnected = false, mConfigured = false, mCurrentFunctions = mtp,acm,adb
D/StatusBar(  520): expanding top notification at 2entry.userCollapsed() = false
D/NetworkController_dual(  520): getNumberOfActiveSim() SIM0:systemSimState=0, simActive=1, mSimState=ABSENT
D/NetworkController_dual(  520): getNumberOfActiveSim() SIM1:systemSimState=0, simActive=1, mSimState=ABSENT
D/NetworkController_dual(  520): getNumberOfActiveSim() numberOfSim=0
D/STATUSBAR-NotificationService(  421): updateLightsLocked() : Turn off notification light
D/UsbDeviceManager(  421): updateUsbNotification : cancel id = 17040805, title = Connected as a media device
D/NetworkController_dual(  520): getNumberOfActiveSim() SIM0:systemSimState=0, simActive=1, mSimState=ABSENT
D/NetworkController_dual(  520): getNumberOfActiveSim() SIM1:systemSimState=0, simActive=1, mSimState=ABSENT
D/NetworkController_dual(  520): getNumberOfActiveSim() numberOfSim=0
D/UsbDeviceManager(  421): sending intent : ACTION_USB_STATE : connected = false, configured = false, functions = mtp,acm,adb
W/PowerManagerService(  421): Timer 0x3->0x3|0x3
D/MediaScannerReceiver(  622): action: android.intent.action.MTP_FILE_SCAN
I/ActivityManager(  421): Start proc com.android.MtpApplication for broadcast com.android.MtpApplication/.MtpReceiver: pid=4865 uid=1000 gids={3003, 1015, 1023, 1028, 3001, 3002, 1006, 1007, 2001, 1001, 3007}
D/MediaScannerService(  622): start scanning volume external: [/storage/sdcard0, /storage/extSdCard, /storage/UsbDriveA, /storage/UsbDriveB, /storage/UsbDriveC, /storage/UsbDriveD, /storage/UsbDriveE, /storage/UsbDriveF]
W/AlarmManager(  421): Set alarm: type= 0 triggerAtTime= 1325401777098
W/AlarmManager(  421): FACTORY_ON= 0
V/AlarmManager(  421): setRepeating (T:0)20120101T070937 com.google.android.apps.plus (1325401777098,INT:0)
V/AlarmManager(  421): Adding alarm (T:0 at 0) 20120101T070937 PendingIntent{420e4c10: PendingIntentRecord{42e858f8 broadcastIntent Key{broadcastIntent pkg=com.google.android.apps.plus intent=act=com.google.android.apps.plus.NEW_PICTURE flags=0x0}}} (1325401777098,INT:0)
V/AlarmManager(  421): AlarmManager_setLocked to type=0 as =1325401777 ans=98000000
W/AlarmManager(  421): Set alarm: type= 0 triggerAtTime= 1325401777100
W/AlarmManager(  421): FACTORY_ON= 0
V/AlarmManager(  421): setRepeating (T:0)20120101T070937 com.google.android.apps.plus (1325401777100,INT:0)
V/AlarmManager(  421): Adding alarm (T:0 at 0) 20120101T070937 PendingIntent{43025010: PendingIntentRecord{42e858f8 broadcastIntent Key{broadcastIntent pkg=com.google.android.apps.plus intent=act=com.google.android.apps.plus.NEW_PICTURE flags=0x0}}} (1325401777100,INT:0)
V/AlarmManager(  421): AlarmManager_setLocked to type=0 as =1325401777 ans=100000000
W/AlarmManager(  421): Set alarm: type= 0 triggerAtTime= 1325401777163
W/AlarmManager(  421): FACTORY_ON= 0
V/AlarmManager(  421): setRepeating (T:0)20120101T070937 com.google.android.apps.plus (1325401777163,INT:0)
V/AlarmManager(  421): Adding alarm (T:0 at 0) 20120101T070937 PendingIntent{42066ff0: PendingIntentRecord{42e858f8 broadcastIntent Key{broadcastIntent pkg=com.google.android.apps.plus intent=act=com.google.android.apps.plus.NEW_PICTURE flags=0x0}}} (1325401777163,INT:0)
V/AlarmManager(  421): AlarmManager_setLocked to type=0 as =1325401777 ans=163000000
W/AlarmManager(  421): Set alarm: type= 0 triggerAtTime= 1325401777168
W/AlarmManager(  421): FACTORY_ON= 0
V/AlarmManager(  421): setRepeating (T:0)20120101T070937 com.google.android.apps.plus (1325401777168,INT:0)
V/AlarmManager(  421): Adding alarm (T:0 at 0) 20120101T070937 PendingIntent{41ff9e50: PendingIntentRecord{42e858f8 broadcastIntent Key{broadcastIntent pkg=com.google.android.apps.plus intent=act=com.google.android.apps.plus.NEW_PICTURE flags=0x0}}} (1325401777168,INT:0)
V/AlarmManager(  421): AlarmManager_setLocked to type=0 as =1325401777 ans=168000000
W/AlarmManager(  421): Set alarm: type= 0 triggerAtTime= 1325401777173
W/AlarmManager(  421): FACTORY_ON= 0
V/AlarmManager(  421): setRepeating (T:0)20120101T070937 com.google.android.apps.plus (1325401777173,INT:0)
V/AlarmManager(  421): Adding alarm (T:0 at 0) 20120101T070937 PendingIntent{41f53f60: PendingIntentRecord{42e858f8 broadcastIntent Key{broadcastIntent pkg=com.google.android.apps.plus intent=act=com.google.android.apps.plus.NEW_PICTURE flags=0x0}}} (1325401777173,INT:0)
V/AlarmManager(  421): AlarmManager_setLocked to type=0 as =1325401777 ans=173000000
W/AlarmManager(  421): Set alarm: type= 0 triggerAtTime= 1325401777176
W/AlarmManager(  421): FACTORY_ON= 0
V/AlarmManager(  421): setRepeating (T:0)20120101T070937 com.google.android.apps.plus (1325401777176,INT:0)
V/AlarmManager(  421): Adding alarm (T:0 at 0) 20120101T070937 PendingIntent{42c7a5f8: PendingIntentRecord{42e858f8 broadcastIntent Key{broadcastIntent pkg=com.google.android.apps.plus intent=act=com.google.android.apps.plus.NEW_PICTURE flags=0x0}}} (1325401777176,INT:0)
V/AlarmManager(  421): AlarmManager_setLocked to type=0 as =1325401777 ans=176000000
D/BatteryService(  421): update start
D/BatteryService(  421): level:100 scale:100 status:3 health:2 present:true voltage: 4280 temperature: 273 technology: Li-ion AC powered:false USB powered:true icon:17303251 invalid charger:0 online:0 charge type:0 current avg:0
D/UsbDeviceManager(  421): handleMessage -> MSG_POWER_STATE = 1
D/WifiService(  421): ACTION_BATTERY_CHANGED pluggedType: 2
D/STATUSBAR-BatteryController(  520): onReceive() - ACTION_BATTERY_CHANGED
D/STATUSBAR-BatteryController(  520): onReceive() - level:100
D/STATUSBAR-BatteryController(  520): onReceive() - plugged:2
D/STATUSBAR-BatteryController(  520): onReceive() - BATTERY_STATUS_DISCHARGING: stat_sys_battery
D/STATUSBAR-PhoneStatusBar(  520): ACTION_BATTERY_CHANGED
D/STATUSBAR-PhoneStatusBar(  520): NORMAL_BATTERY
D/PowerUI (  520): playSound : 1
D/VibratorService(  421): JNI vibratorOff()
V/AlarmManager(  421):  remove] PendingIntent{422fd290: PendingIntentRecord{42c25d20 broadcastIntent Key{broadcastIntent pkg=com.google.android.apps.maps intent=act=com.google.android.apps.maps.nlp.ALARM_WAKEUP_BURST_COLLECTION_TRIGGER flags=0x0}}}
D/UsbDeviceManager(  421): sending intent : ACTION_USB_CABLE_STATE : connected = true
D/BatteryService(  421): update start
D/BatteryService(  421): level:100 scale:100 status:2 health:2 present:true voltage: 4280 temperature: 273 technology: Li-ion AC powered:false USB powered:true icon:17303267 invalid charger:0 online:0 charge type:0 current avg:0
D/WifiService(  421): ACTION_BATTERY_CHANGED pluggedType: 2
D/VibratorService(  421): JNI vibratorOn() : 100
D/PowerUI (  520): RINGER_MODE_VIBRATE
D/STATUSBAR-BatteryController(  520): onReceive() - ACTION_BATTERY_CHANGED
D/STATUSBAR-BatteryController(  520): onReceive() - level:100
D/STATUSBAR-BatteryController(  520): onReceive() - plugged:2
D/STATUSBAR-BatteryController(  520): onReceive() - BATTERY_STATUS_CHARGING:
V/AlarmManager(  421):  remove] PendingIntent{42299180: PendingIntentRecord{42c25d20 broadcastIntent Key{broadcastIntent pkg=com.google.android.apps.maps intent=act=com.google.android.apps.maps.nlp.ALARM_WAKEUP_BURST_COLLECTION_TRIGGER flags=0x0}}}
D/STATUSBAR-PhoneStatusBar(  520): ACTION_BATTERY_CHANGED
D/STATUSBAR-PhoneStatusBar(  520): NORMAL_BATTERY
D/VibratorService(  421): JNI vibratorOff()
V/UsbDeviceManager(  421): USB UEVENT: {USB_STATE=CONNECTED, SUBSYSTEM=android_usb, DEVPATH=/devices/virtual/android_usb/android0, SEQNUM=2475, ACTION=change}
V/UsbDeviceManager(  421): USB UEVENT: {USB_STATE=DISCONNECTED, SUBSYSTEM=android_usb, DEVPATH=/devices/virtual/android_usb/android0, SEQNUM=2476, ACTION=change}
V/UsbDeviceManager(  421): USB UEVENT: {USB_STATE=CONNECTED, SUBSYSTEM=android_usb, DEVPATH=/devices/virtual/android_usb/android0, SEQNUM=2477, ACTION=change}
D/UsbDeviceManager(  421): handleMessage -> MSG_UPDATE_STATE connected = 1,configured = 0
D/UsbDeviceManager(  421): updateUsbNotification : mConnected = true, mConfigured = false, mCurrentFunctions = mtp,acm,adb
V/UsbDeviceManager(  421): USB UEVENT: {USB_STATE=CONFIGURED, SUBSYSTEM=android_usb, DEVPATH=/devices/virtual/android_usb/android0, SEQNUM=2478, ACTION=change}
D/PhoneStatusBar(  520): addNotification score=10
D/STATUSBAR-NotificationService(  421): Noti Alert - mSystemReady:true, AlertEnabled:true
D/UsbDeviceManager(  421): updateUsbNotification : notify id = 17040805, title = Connected as a media device
D/StatusBar(  520): expanding top notification at 3entry.userCollapsed() = false
D/NetworkController_dual(  520): getNumberOfActiveSim() SIM0:systemSimState=0, simActive=1, mSimState=ABSENT
D/NetworkController_dual(  520): getNumberOfActiveSim() SIM1:systemSimState=0, simActive=1, mSimState=ABSENT
D/NetworkController_dual(  520): getNumberOfActiveSim() numberOfSim=0
D/NetworkController_dual(  520): getNumberOfActiveSim() SIM0:systemSimState=0, simActive=1, mSimState=ABSENT
D/NetworkController_dual(  520): getNumberOfActiveSim() SIM1:systemSimState=0, simActive=1, mSimState=ABSENT
D/NetworkController_dual(  520): getNumberOfActiveSim() numberOfSim=0
D/UsbDeviceManager(  421): sending intent : ACTION_USB_STATE : connected = true, configured = false, functions = mtp,acm,adb
D/UsbDeviceManager(  421): handleMessage -> MSG_UPDATE_STATE connected = 1,configured = 1
D/UsbDeviceManager(  421): updateUsbNotification : mConnected = true, mConfigured = true, mCurrentFunctions = mtp,acm,adb
D/UsbDeviceManager(  421): sending intent : ACTION_USB_STATE : connected = true, configured = true, functions = mtp,acm,adb
V/MediaScanner(  622):  prescan time: 184ms
V/MediaScanner(  622):     scan time: 4526ms (makeEntry time: 4131ms ~91%),  (parsing time: 0ms ~0%),  (bitmapDecoding time: 0ms ~0%), (exifExtracting time : 0ms ~0%), (bulkInserter time : 0ms ~0%)
V/MediaScanner(  622): postscan time: 2ms (bulkDeleter : 0)
V/MediaScanner(  622):    total time: 4712ms
V/MediaScanner(  622): checked files: 408  directories : 28  (I: 0, U: 0)
D/MediaScannerService(  622): done scanning volume external
W/PowerManagerService(  421): Timer 0x3->0x3|0x3
D/BatteryService(  421): update start
D/BatteryService(  421): level:100 scale:100 status:2 health:2 present:true voltage: 4279 temperature: 273 technology: Li-ion AC powered:false USB powered:true icon:17303267 invalid charger:0 online:0 charge type:0 current avg:0
D/WifiService(  421): ACTION_BATTERY_CHANGED pluggedType: 2
D/STATUSBAR-BatteryController(  520): onReceive() - ACTION_BATTERY_CHANGED
D/STATUSBAR-BatteryController(  520): onReceive() - level:100
D/STATUSBAR-BatteryController(  520): onReceive() - plugged:2
D/STATUSBAR-BatteryController(  520): onReceive() - BATTERY_STATUS_CHARGING:
D/STATUSBAR-PhoneStatusBar(  520): ACTION_BATTERY_CHANGED
D/STATUSBAR-PhoneStatusBar(  520): NORMAL_BATTERY
V/AlarmManager(  421):  remove] PendingIntent{42f73528: PendingIntentRecord{42c25d20 broadcastIntent Key{broadcastIntent pkg=com.google.android.apps.maps intent=act=com.google.android.apps.maps.nlp.ALARM_WAKEUP_BURST_COLLECTION_TRIGGER flags=0x0}}}
D/PowerManagerService(  421): setScreenOffTimeouts mKeylightDelay=1500 mDimDelay=21500 mScreenOffDelay=7000 mDimScreen=true
E/NotificationService(  421): Ignoring notification with icon==0: Notification(pri=0 contentView=null vibrate=null sound=null defaults=0x0 flags=0x62 kind=[null]) tickerText=null contactCharSeq=null when=1325401770730 threadId=0
D/STATUSBAR-NotificationService(  421): Noti Alert - mSystemReady:true, AlertEnabled:true
E/NotificationService(  421): Ignoring notification with icon==0: Notification(pri=0 contentView=null vibrate=null sound=null defaults=0x0 flags=0x62 kind=[null]) tickerText=null contactCharSeq=null when=1325401770747 threadId=0
D/STATUSBAR-NotificationService(  421): Noti Alert - mSystemReady:true, AlertEnabled:true
I/ActivityManager(  421): Start proc com.sec.factory for broadcast com.sec.factory/.entry.FactoryTestBroadcastReceiver: pid=4905 uid=1000 gids={3003, 1015, 1023, 1028, 3001, 3002, 1006, 1007, 2001, 1001, 3007}
W/ActivityThread( 4905): ClassLoader.getResources: The class loader returned by Thread.getContextClassLoader() may fail for processes that host multiple applications. You should explicitly specify a context class loader. For example: Thread.setContextClassLoader(getClass().getClassLoader());
D/BatteryService(  421): update start
D/BatteryService(  421): level:100 scale:100 status:2 health:2 present:true voltage: 4281 temperature: 273 technology: Li-ion AC powered:false USB powered:true icon:17303267 invalid charger:0 online:0 charge type:0 current avg:0
D/WifiService(  421): ACTION_BATTERY_CHANGED pluggedType: 2
D/STATUSBAR-BatteryController(  520): onReceive() - ACTION_BATTERY_CHANGED
D/STATUSBAR-BatteryController(  520): onReceive() - level:100
D/STATUSBAR-BatteryController(  520): onReceive() - plugged:2
D/STATUSBAR-BatteryController(  520): onReceive() - BATTERY_STATUS_CHARGING:
D/STATUSBAR-PhoneStatusBar(  520): ACTION_BATTERY_CHANGED
D/STATUSBAR-PhoneStatusBar(  520): NORMAL_BATTERY
V/AlarmManager(  421):  remove] PendingIntent{42bd6998: PendingIntentRecord{42c25d20 broadcastIntent Key{broadcastIntent pkg=com.google.android.apps.maps intent=act=com.google.android.apps.maps.nlp.ALARM_WAKEUP_BURST_COLLECTION_TRIGGER flags=0x0}}}
V/AlarmManager(  421): waitForAlarm result :1
V/AlarmManager(  421): AlarmManager_setLocked to type=0 as =1325402028 ans=628000000
V/AlarmManager(  421): sending alarm Alarm{42e9e248 type 0 PendingIntent{42c7a5f8: PendingIntentRecord{42e858f8 broadcastIntent Key{broadcastIntent pkg=com.google.android.apps.plus intent=act=com.google.android.apps.plus.NEW_PICTURE flags=0x0}}}}
V/AlarmManager(  421): trigger ELAPSED_REALTIME_WAKEUP or RTC_WAKEUP: plus
V/AlarmManager(  421): !@trigger WAKEUP Alarm{42e9e248 type 0 PendingIntent{42c7a5f8: PendingIntentRecord{42e858f8 broadcastIntent Key{broadcastIntent pkg=com.google.android.apps.plus intent=act=com.google.android.apps.plus.NEW_PICTURE flags=0x0}}}}
D/BatteryService(  421): update start
D/BatteryService(  421): level:100 scale:100 status:2 health:2 present:true voltage: 4278 temperature: 273 technology: Li-ion AC powered:false USB powered:true icon:17303267 invalid charger:0 online:0 charge type:0 current avg:0
D/STATUSBAR-BatteryController(  520): onReceive() - ACTION_BATTERY_CHANGED
D/STATUSBAR-BatteryController(  520): onReceive() - level:100
D/STATUSBAR-BatteryController(  520): onReceive() - plugged:2
D/STATUSBAR-BatteryController(  520): onReceive() - BATTERY_STATUS_CHARGING:
D/STATUSBAR-PhoneStatusBar(  520): ACTION_BATTERY_CHANGED
D/STATUSBAR-PhoneStatusBar(  520): NORMAL_BATTERY
D/WifiService(  421): ACTION_BATTERY_CHANGED pluggedType: 2
V/AlarmManager(  421):  remove] PendingIntent{42df32c8: PendingIntentRecord{42c25d20 broadcastIntent Key{broadcastIntent pkg=com.google.android.apps.maps intent=act=com.google.android.apps.maps.nlp.ALARM_WAKEUP_BURST_COLLECTION_TRIGGER flags=0x0}}}
D/BatteryService(  421): update start
D/BatteryService(  421): level:100 scale:100 status:2 health:2 present:true voltage: 4278 temperature: 274 technology: Li-ion AC powered:false USB powered:true icon:17303267 invalid charger:0 online:0 charge type:0 current avg:0
D/STATUSBAR-BatteryController(  520): onReceive() - ACTION_BATTERY_CHANGED
D/STATUSBAR-BatteryController(  520): onReceive() - level:100
D/STATUSBAR-BatteryController(  520): onReceive() - plugged:2
D/STATUSBAR-BatteryController(  520): onReceive() - BATTERY_STATUS_CHARGING:
D/STATUSBAR-PhoneStatusBar(  520): ACTION_BATTERY_CHANGED
D/STATUSBAR-PhoneStatusBar(  520): NORMAL_BATTERY
D/WifiService(  421): ACTION_BATTERY_CHANGED pluggedType: 2
V/AlarmManager(  421):  remove] PendingIntent{422f49e8: PendingIntentRecord{42c25d20 broadcastIntent Key{broadcastIntent pkg=com.google.android.apps.maps intent=act=com.google.android.apps.maps.nlp.ALARM_WAKEUP_BURST_COLLECTION_TRIGGER flags=0x0}}}
D/BatteryService(  421): update start
D/BatteryService(  421): level:100 scale:100 status:2 health:2 present:true voltage: 4280 temperature: 274 technology: Li-ion AC powered:false USB powered:true icon:17303267 invalid charger:0 online:0 charge type:0 current avg:0
D/STATUSBAR-BatteryController(  520): onReceive() - ACTION_BATTERY_CHANGED
D/STATUSBAR-BatteryController(  520): onReceive() - level:100
D/STATUSBAR-BatteryController(  520): onReceive() - plugged:2
D/STATUSBAR-BatteryController(  520): onReceive() - BATTERY_STATUS_CHARGING:
D/WifiService(  421): ACTION_BATTERY_CHANGED pluggedType: 2
D/STATUSBAR-PhoneStatusBar(  520): ACTION_BATTERY_CHANGED
D/STATUSBAR-PhoneStatusBar(  520): NORMAL_BATTERY
V/AlarmManager(  421):  remove] PendingIntent{42e17928: PendingIntentRecord{42c25d20 broadcastIntent Key{broadcastIntent pkg=com.google.android.apps.maps intent=act=com.google.android.apps.maps.nlp.ALARM_WAKEUP_BURST_COLLECTION_TRIGGER flags=0x0}}}
W/PowerManagerService(  421): Timer 0x3->0x1|0x3
D/BatteryService(  421): update start
D/BatteryService(  421): level:100 scale:100 status:2 health:2 present:true voltage: 4277 temperature: 274 technology: Li-ion AC powered:false USB powered:true icon:17303267 invalid charger:0 online:0 charge type:0 current avg:0
D/STATUSBAR-BatteryController(  520): onReceive() - ACTION_BATTERY_CHANGED
D/STATUSBAR-BatteryController(  520): onReceive() - level:100
D/STATUSBAR-BatteryController(  520): onReceive() - plugged:2
D/STATUSBAR-BatteryController(  520): onReceive() - BATTERY_STATUS_CHARGING:
D/STATUSBAR-PhoneStatusBar(  520): ACTION_BATTERY_CHANGED
D/STATUSBAR-PhoneStatusBar(  520): NORMAL_BATTERY
D/WifiService(  421): ACTION_BATTERY_CHANGED pluggedType: 2
V/AlarmManager(  421):  remove] PendingIntent{42d31ac0: PendingIntentRecord{42c25d20 broadcastIntent Key{broadcastIntent pkg=com.google.android.apps.maps intent=act=com.google.android.apps.maps.nlp.ALARM_WAKEUP_BURST_COLLECTION_TRIGGER flags=0x0}}}
W/PowerManagerService(  421): Timer 0x3->0x0|0x3
E/PowerManagerService(  421): CurLock p:3 mPS:3
W/PowerManagerService(  421): type=SCREEN_BRIGHT_WAKE_LOCK        'AbstractCameraActivity' active (minState=3) activeT=274471  uid=10088  pid=3517
