D/STATUSBAR-PhoneStatusBar(  520): ACTION_BATTERY_CHANGED
D/STATUSBAR-PhoneStatusBar(  520): NORMAL_BATTERY
D/WifiService(  421): ACTION_BATTERY_CHANGED pluggedType: 2
V/AlarmManager(  421):  remove] PendingIntent{422f83f0: PendingIntentRecord{42c25d20 broadcastIntent Key{broadcastIntent pkg=com.google.android.apps.maps intent=act=com.google.android.apps.maps.nlp.ALARM_WAKEUP_BURST_COLLECTION_TRIGGER flags=0x0}}}
D/BatteryService(  421): update start
D/BatteryService(  421): level:100 scale:100 status:5 health:2 present:true voltage: 4359 temperature: 278 technology: Li-ion AC powered:false USB powered:true icon:17303267 invalid charger:0 online:0 charge type:0 current avg:0
D/BatteryService(  421): turn on LED for fully charged
D/STATUSBAR-BatteryController(  520): onReceive() - ACTION_BATTERY_CHANGED
D/STATUSBAR-BatteryController(  520): onReceive() - level:100
D/STATUSBAR-BatteryController(  520): onReceive() - plugged:2
D/STATUSBAR-BatteryController(  520): onReceive() - BATTERY_STATUS_FULL:
D/STATUSBAR-PhoneStatusBar(  520): ACTION_BATTERY_CHANGED
D/STATUSBAR-PhoneStatusBar(  520): NORMAL_BATTERY
D/WifiService(  421): ACTION_BATTERY_CHANGED pluggedType: 2
V/AlarmManager(  421):  remove] PendingIntent{422ed690: PendingIntentRecord{42c25d20 broadcastIntent Key{broadcastIntent pkg=com.google.android.apps.maps intent=act=com.google.android.apps.maps.nlp.ALARM_WAKEUP_BURST_COLLECTION_TRIGGER flags=0x0}}}
V/AlarmManager(  421): waitForAlarm result :8
V/AlarmManager(  421): AlarmManager_setLocked to type=3 as =3645 ans=331000000
V/AlarmManager(  421): sending alarm Alarm{4303bf60 type 3 PendingIntent{42122ad8: PendingIntentRecord{41fe0018 broadcastIntent Key{broadcastIntent pkg=android intent=act=android.intent.action.TIME_TICK flg=0x40000000 flags=0x0}}}}
V/AlarmManager(  421): ClockReceiver onReceive() ACTION_TIME_TICK
W/AlarmManager(  421): Set alarm: type= 3 triggerAtTime= 3699303
W/AlarmManager(  421): FACTORY_ON= 0
V/AlarmManager(  421): setRepeating (T:3)20120101T071300 android (3699303,INT:0)
V/AlarmManager(  421): Adding alarm (T:3 at 1) 20120101T071300 PendingIntent{42122ad8: PendingIntentRecord{41fe0018 broadcastIntent Key{broadcastIntent pkg=android intent=act=android.intent.action.TIME_TICK flg=0x40000000 flags=0x0}}} (3699303,INT:0)
D/STATUSBAR-Clock(  520): onReceive() - ACTION_TIME_TICK
D/STATUSBAR-Clock(  520): onReceive() - ACTION_TIME_TICK
D/BatteryService(  421): update start
V/AlarmManager(  421): waitForAlarm result :8
V/AlarmManager(  421): Adding alarm (T:3 at 3) 20120101T081206 PendingIntent{42262770: PendingIntentRecord{422d7040 broadcastIntent Key{broadcastIntent pkg=com.tgrape.android.radar intent=act=com.tgrape.android.radar.alarm.background flags=0x0}}} (7245331,INT:3600000)
V/AlarmManager(  421): AlarmManager_setLocked to type=3 as =3699 ans=303000000
V/AlarmManager(  421): sending alarm Alarm{422395f8 type 3 PendingIntent{42262770: PendingIntentRecord{422d7040 broadcastIntent Key{broadcastIntent pkg=com.tgrape.android.radar intent=act=com.tgrape.android.radar.alarm.background flags=0x0}}}}
D/BatteryService(  421): update start
D/BatteryService(  421): level:100 scale:100 status:5 health:2 present:true voltage: 4360 temperature: 278 technology: Li-ion AC powered:false USB powered:true icon:17303267 invalid charger:0 online:0 charge type:0 current avg:0
D/BatteryService(  421): turn on LED for fully charged
D/STATUSBAR-BatteryController(  520): onReceive() - ACTION_BATTERY_CHANGED
D/STATUSBAR-BatteryController(  520): onReceive() - level:100
D/STATUSBAR-BatteryController(  520): onReceive() - plugged:2
D/STATUSBAR-BatteryController(  520): onReceive() - BATTERY_STATUS_FULL:
D/WifiService(  421): ACTION_BATTERY_CHANGED pluggedType: 2
D/STATUSBAR-PhoneStatusBar(  520): ACTION_BATTERY_CHANGED
D/STATUSBAR-PhoneStatusBar(  520): NORMAL_BATTERY
V/AlarmManager(  421):  remove] PendingIntent{4221e490: PendingIntentRecord{42c25d20 broadcastIntent Key{broadcastIntent pkg=com.google.android.apps.maps intent=act=com.google.android.apps.maps.nlp.ALARM_WAKEUP_BURST_COLLECTION_TRIGGER flags=0x0}}}
D/BatteryService(  421): update start
D/BatteryService(  421): update start
D/BatteryService(  421): level:100 scale:100 status:5 health:2 present:true voltage: 4361 temperature: 278 technology: Li-ion AC powered:false USB powered:true icon:17303267 invalid charger:0 online:0 charge type:0 current avg:0
D/BatteryService(  421): turn on LED for fully charged
D/STATUSBAR-BatteryController(  520): onReceive() - ACTION_BATTERY_CHANGED
D/STATUSBAR-BatteryController(  520): onReceive() - level:100
D/STATUSBAR-BatteryController(  520): onReceive() - plugged:2
D/STATUSBAR-BatteryController(  520): onReceive() - BATTERY_STATUS_FULL:
D/STATUSBAR-PhoneStatusBar(  520): ACTION_BATTERY_CHANGED
D/STATUSBAR-PhoneStatusBar(  520): NORMAL_BATTERY
D/WifiService(  421): ACTION_BATTERY_CHANGED pluggedType: 2
V/AlarmManager(  421):  remove] PendingIntent{42db5e20: PendingIntentRecord{42c25d20 broadcastIntent Key{broadcastIntent pkg=com.google.android.apps.maps intent=act=com.google.android.apps.maps.nlp.ALARM_WAKEUP_BURST_COLLECTION_TRIGGER flags=0x0}}}
D/BatteryService(  421): update start
D/BatteryService(  421): level:100 scale:100 status:5 health:2 present:true voltage: 4361 temperature: 279 technology: Li-ion AC powered:false USB powered:true icon:17303267 invalid charger:0 online:0 charge type:0 current avg:0
D/BatteryService(  421): turn on LED for fully charged
D/STATUSBAR-BatteryController(  520): onReceive() - ACTION_BATTERY_CHANGED
D/STATUSBAR-BatteryController(  520): onReceive() - level:100
D/STATUSBAR-BatteryController(  520): onReceive() - plugged:2
D/STATUSBAR-BatteryController(  520): onReceive() - BATTERY_STATUS_FULL:
D/WifiService(  421): ACTION_BATTERY_CHANGED pluggedType: 2
D/STATUSBAR-PhoneStatusBar(  520): ACTION_BATTERY_CHANGED
D/STATUSBAR-PhoneStatusBar(  520): NORMAL_BATTERY
V/AlarmManager(  421):  remove] PendingIntent{42c3df80: PendingIntentRecord{42c25d20 broadcastIntent Key{broadcastIntent pkg=com.google.android.apps.maps intent=act=com.google.android.apps.maps.nlp.ALARM_WAKEUP_BURST_COLLECTION_TRIGGER flags=0x0}}}
D/BatteryService(  421): update start
D/BatteryService(  421): update start
D/BatteryService(  421): update start
D/BatteryService(  421): update start
D/BatteryService(  421): update start
D/BatteryService(  421): level:100 scale:100 status:5 health:2 present:true voltage: 4361 temperature: 280 technology: Li-ion AC powered:false USB powered:true icon:17303267 invalid charger:0 online:0 charge type:0 current avg:0
D/BatteryService(  421): turn on LED for fully charged
D/STATUSBAR-BatteryController(  520): onReceive() - ACTION_BATTERY_CHANGED
D/STATUSBAR-BatteryController(  520): onReceive() - level:100
D/STATUSBAR-BatteryController(  520): onReceive() - plugged:2
D/STATUSBAR-BatteryController(  520): onReceive() - BATTERY_STATUS_FULL:
D/STATUSBAR-PhoneStatusBar(  520): ACTION_BATTERY_CHANGED
D/WifiService(  421): ACTION_BATTERY_CHANGED pluggedType: 2
D/STATUSBAR-PhoneStatusBar(  520): NORMAL_BATTERY
V/AlarmManager(  421):  remove] PendingIntent{42fc7ac0: PendingIntentRecord{42c25d20 broadcastIntent Key{broadcastIntent pkg=com.google.android.apps.maps intent=act=com.google.android.apps.maps.nlp.ALARM_WAKEUP_BURST_COLLECTION_TRIGGER flags=0x0}}}
D/BatteryService(  421): update start
D/BatteryService(  421): update start
V/AlarmManager(  421): waitForAlarm result :8
V/AlarmManager(  421): AlarmManager_setLocked to type=3 as =3712 ans=911000000
V/AlarmManager(  421): sending alarm Alarm{42e3dc18 type 3 PendingIntent{42122ad8: PendingIntentRecord{41fe0018 broadcastIntent Key{broadcastIntent pkg=android intent=act=android.intent.action.TIME_TICK flg=0x40000000 flags=0x0}}}}
V/AlarmManager(  421): ClockReceiver onReceive() ACTION_TIME_TICK
W/AlarmManager(  421): Set alarm: type= 3 triggerAtTime= 3759303
W/AlarmManager(  421): FACTORY_ON= 0
V/AlarmManager(  421): setRepeating (T:3)20120101T071400 android (3759303,INT:0)
V/AlarmManager(  421): Adding alarm (T:3 at 1) 20120101T071400 PendingIntent{42122ad8: PendingIntentRecord{41fe0018 broadcastIntent Key{broadcastIntent pkg=android intent=act=android.intent.action.TIME_TICK flg=0x40000000 flags=0x0}}} (3759303,INT:0)
D/STATUSBAR-Clock(  520): onReceive() - ACTION_TIME_TICK
D/STATUSBAR-Clock(  520): onReceive() - ACTION_TIME_TICK
D/BatteryService(  421): update start
D/BatteryService(  421): update start
D/BatteryService(  421): update start
V/AlarmManager(  421): waitForAlarm result :8
V/AlarmManager(  421): AlarmManager_setLocked to type=3 as =3759 ans=303000000
V/AlarmManager(  421): sending alarm Alarm{42cc62f8 type 3 PendingIntent{41f76510: PendingIntentRecord{42094128 broadcastIntent Key{broadcastIntent pkg=android intent=act=com.android.server.ThrottleManager.action.POLL flags=0x0}}}}
W/ThrottleService(  421): unable to find stats for iface rmnet0
V/AlarmManager(  421):  remove] PendingIntent{41f76510: PendingIntentRecord{42094128 broadcastIntent Key{broadcastIntent pkg=android intent=act=com.android.server.ThrottleManager.action.POLL flags=0x0}}}
W/AlarmManager(  421): Set alarm: type= 3 triggerAtTime= 4312919
W/AlarmManager(  421): FACTORY_ON= 0
V/AlarmManager(  421): setRepeating (T:3)20120101T072313 android (4312919,INT:0)
V/AlarmManager(  421): Adding alarm (T:3 at 1) 20120101T072313 PendingIntent{41f76510: PendingIntentRecord{42094128 broadcastIntent Key{broadcastIntent pkg=android intent=act=com.android.server.ThrottleManager.action.POLL flags=0x0}}} (4312919,INT:0)
D/BatteryService(  421): update start
D/BatteryService(  421): update start
D/BatteryService(  421): update start
D/BatteryService(  421): update start
D/BatteryService(  421): update start
D/BatteryService(  421): update start
D/BatteryService(  421): update start
D/BatteryService(  421): level:100 scale:100 status:5 health:2 present:true voltage: 4360 temperature: 281 technology: Li-ion AC powered:false USB powered:true icon:17303267 invalid charger:0 online:0 charge type:0 current avg:0
D/BatteryService(  421): turn on LED for fully charged
D/STATUSBAR-BatteryController(  520): onReceive() - ACTION_BATTERY_CHANGED
D/STATUSBAR-BatteryController(  520): onReceive() - level:100
D/STATUSBAR-BatteryController(  520): onReceive() - plugged:2
D/STATUSBAR-BatteryController(  520): onReceive() - BATTERY_STATUS_FULL:
D/STATUSBAR-PhoneStatusBar(  520): ACTION_BATTERY_CHANGED
D/STATUSBAR-PhoneStatusBar(  520): NORMAL_BATTERY
D/WifiService(  421): ACTION_BATTERY_CHANGED pluggedType: 2
V/AlarmManager(  421):  remove] PendingIntent{42c70808: PendingIntentRecord{42c25d20 broadcastIntent Key{broadcastIntent pkg=com.google.android.apps.maps intent=act=com.google.android.apps.maps.nlp.ALARM_WAKEUP_BURST_COLLECTION_TRIGGER flags=0x0}}}
V/AlarmManager(  421): waitForAlarm result :1
V/AlarmManager(  421): Adding alarm (T:0 at 0) 20120101T074348 PendingIntent{42cd6040: PendingIntentRecord{42fc4840 broadcastIntent Key{broadcastIntent pkg=com.google.android.gsf intent=cmp=com.google.android.gsf/.checkin.EventLogService$Receiver flags=0x0}}} (1325403828628,INT:1800000)
V/AlarmManager(  421): AlarmManager_setLocked to type=0 as =1325403828 ans=628000000
V/AlarmManager(  421): sending alarm Alarm{42e34de0 type 0 PendingIntent{42cd6040: PendingIntentRecord{42fc4840 broadcastIntent Key{broadcastIntent pkg=com.google.android.gsf intent=cmp=com.google.android.gsf/.checkin.EventLogService$Receiver flags=0x0}}}}
I/ActivityManager(  421): No longer want com.google.android.apps.maps:FriendService (pid 3922) (adj 13) : hidden #30
I/ActivityManager(  421): No longer want com.google.android.apps.maps:GoogleLocationService (pid 3889) (adj 13) : hidden #31
I/ActivityManager(  421): No longer want com.sec.android.app.samsungapps.una2 (pid 3407) (adj 13) : hidden #32
V/AlarmManager(  421): trigger ELAPSED_REALTIME_WAKEUP or RTC_WAKEUP: gsf
V/AlarmManager(  421): !@trigger WAKEUP Alarm{42e34de0 type 0 PendingIntent{42cd6040: PendingIntentRecord{42fc4840 broadcastIntent Key{broadcastIntent pkg=com.google.android.gsf intent=cmp=com.google.android.gsf/.checkin.EventLogService$Receiver flags=0x0}}}}
I/LocationManagerService(  421): remove passive (pid 421), next minTime = 0
W/ActivityManager(  421): Scheduling restart of crashed service com.google.android.apps.maps/com.google.android.location.internal.server.GoogleLocationService in 5000ms
W/AlarmManager(  421): Set alarm: type= 0 triggerAtTime= 1325403828721
W/AlarmManager(  421): FACTORY_ON= 0
V/AlarmManager(  421): setRepeating (T:0)20120101T074348 com.google.android.gsf (1325403828721,INT:1800000)
V/AlarmManager(  421): Adding alarm (T:0 at 0) 20120101T074348 PendingIntent{42e3e838: PendingIntentRecord{42fc4840 broadcastIntent Key{broadcastIntent pkg=com.google.android.gsf intent=cmp=com.google.android.gsf/.checkin.EventLogService$Receiver flags=0x0}}} (1325403828721,INT:1800000)
V/AlarmManager(  421): AlarmManager_setLocked to type=0 as =1325403828 ans=721000000
I/ActivityManager(  421): No longer want com.google.android.apps.maps:LocationFriendService (pid 3937) (adj 13) : hidden #30
I/ActivityManager(  421): Applications Memory Usage (kB):
I/ActivityManager(  421): Uptime: 3747997 Realtime: 3747986
I/ActivityManager(  421): Total PSS by OOM adjustment:
I/ActivityManager(  421):     43994 kB: System
I/ActivityManager(  421):                43994 kB: system (pid 421)
I/ActivityManager(  421):     54206 kB: Persistent
I/ActivityManager(  421):                19381 kB: com.android.systemui (pid 520)
I/ActivityManager(  421):                15456 kB: com.android.phone (pid 653)
I/ActivityManager(  421):                 4823 kB: com.sec.android.app.sysscope (pid 668)
I/ActivityManager(  421):                 4249 kB: com.sec.android.app.FlashBarService (pid 693)
I/ActivityManager(  421):                 3667 kB: com.samsung.android.providers.context (pid 699)
I/ActivityManager(  421):                 3465 kB: com.sec.android.provider.logsprovider (pid 664)
I/ActivityManager(  421):                 3165 kB: com.sec.android.app.twdvfs (pid 559)
I/ActivityManager(  421):     24969 kB: Foreground
I/ActivityManager(  421):                24969 kB: com.sec.android.app.launcher (pid 709)
I/ActivityManager(  421):     35895 kB: Visible
I/ActivityManager(  421):                14079 kB: com.sec.chaton (pid 4226)
I/ActivityManager(  421):                10823 kB: com.android.email (pid 1092)
I/ActivityManager(  421):                 2882 kB: com.sec.android.widgetapp.ap.hero.accuweather.widget:remote (pid 1270)
I/ActivityManager(  421):                 2867 kB: com.android.server.vpn.enterprise:remote (pid 1087)
I/ActivityManager(  421):                 2686 kB: com.android.smspush (pid 903)
I/ActivityManager(  421):                 2558 kB: com.android.server.device.enterprise:remote (pid 735)
I/ActivityManager(  421):     28889 kB: Perceptible
I/ActivityManager(  421):                20085 kB: com.sec.android.inputmethod (pid 606)
I/ActivityManager(  421):                 4743 kB: com.android.MtpApplication (pid 4865)
I/ActivityManager(  421):                 4061 kB: com.tgrape.android.radar (pid 1887)
I/ActivityManager(  421):     17820 kB: A Services
I/ActivityManager(  421):                 9509 kB: com.google.android.apps.maps (pid 2610)
I/ActivityManager(  421):                 8311 kB: android.process.media (pid 622)
I/ActivityManager(  421):     40905 kB: B Services
I/ActivityManager(  421):                11004 kB: com.android.mms (pid 1063)
I/ActivityManager(  421):                 8361 kB: android.process.acore (pid 1011)
I/ActivityManager(  421):                 7385 kB: com.android.contacts (pid 1437)
I/ActivityManager(  421):                 6151 kB: com.vlingo.midas (pid 4017)
I/ActivityManager(  421):                 5063 kB: com.samsung.videohub (pid 3825)
I/ActivityManager(  421):                 2941 kB: com.sec.phone (pid 3856)
I/ActivityManager(  421):    144690 kB: Background
I/ActivityManager(  421):                12453 kB: com.google.android.apps.plus (pid 2320)
I/ActivityManager(  421):                11640 kB: com.sec.android.app.camera (pid 3517)
I/ActivityManager(  421):                 9501 kB: com.google.process.gapps (pid 780)
I/ActivityManager(  421):                 7849 kB: com.sec.android.gallery3d (pid 2935)
I/ActivityManager(  421):                 7684 kB: com.google.android.youtube (pid 4580)
I/ActivityManager(  421):                 7573 kB: com.google.android.music:main (pid 2755)
I/ActivityManager(  421):                 6960 kB: com.android.vending (pid 1764)
I/ActivityManager(  421):                 6718 kB: com.android.settings (pid 2057)
I/ActivityManager(  421):                 5346 kB: com.sec.android.app.clockpackage (pid 3250)
I/ActivityManager(  421):                 4522 kB: com.sec.factory (pid 4905)
I/ActivityManager(  421):                 4467 kB: com.samsung.music (pid 4515)
I/ActivityManager(  421):                 4397 kB: com.sec.android.app.videoplayer (pid 4533)
I/ActivityManager(  421):                 4345 kB: com.sec.android.app.music:service (pid 2402)
I/ActivityManager(  421):                 4320 kB: com.sec.android.widgetapp.ap.hero.accuweather (pid 3291)
I/ActivityManager(  421):                 3862 kB: com.samsung.helphub (pid 3386)
I/ActivityManager(  421):                 3829 kB: com.google.android.apps.uploader (pid 4501)
I/ActivityManager(  421):                 3434 kB: com.sec.android.provider.badge (pid 3372)
I/ActivityManager(  421):                 3413 kB: com.sec.android.widgetapp.alarmclock (pid 3984)
I/ActivityManager(  421):                 3328 kB: com.sec.android.widgetapp.favoriteswidget (pid 3332)
I/ActivityManager(  421):                 3256 kB: com.sec.android.daemonapp.ap.accuweather (pid 3276)
I/ActivityManager(  421):                 3155 kB: com.sec.android.cloudagent (pid 4482)
I/ActivityManager(  421):                 3154 kB: com.sec.android.app.controlpanel (pid 3319)
I/ActivityManager(  421):                 3126 kB: com.sec.android.widgetapp.programmonitorwidget (pid 3061)
I/ActivityManager(  421):                 3075 kB: com.android.pagebuddynotisvc (pid 3953)
I/ActivityManager(  421):                 3036 kB: com.sec.android.sCloudRelayData (pid 2674)
I/ActivityManager(  421):                 2691 kB: com.sec.android.favoriteappwidget (pid 3305)
I/ActivityManager(  421):                 2661 kB: com.sec.android.app.tmserver (pid 4563)
I/ActivityManager(  421):                 2600 kB: com.sec.android.Kies (pid 2921)
I/ActivityManager(  421):                 2295 kB: com.wssnps (pid 4637)
I/ActivityManager(  421): 
I/ActivityManager(  421): Total PSS: 391368 kB
I/ActivityManager(  421):       KSM: 0 kB saved from shared 0 kB
I/ActivityManager(  421):            0 kB unshared; 0 kB volatile
D/BatteryService(  421): update start
D/BatteryService(  421): level:100 scale:100 status:5 health:2 present:true voltage: 4361 temperature: 281 technology: Li-ion AC powered:false USB powered:true icon:17303267 invalid charger:0 online:0 charge type:0 current avg:0
D/BatteryService(  421): turn on LED for fully charged
D/STATUSBAR-BatteryController(  520): onReceive() - ACTION_BATTERY_CHANGED
D/STATUSBAR-BatteryController(  520): onReceive() - level:100
D/STATUSBAR-BatteryController(  520): onReceive() - plugged:2
D/STATUSBAR-BatteryController(  520): onReceive() - BATTERY_STATUS_FULL:
D/STATUSBAR-PhoneStatusBar(  520): ACTION_BATTERY_CHANGED
D/STATUSBAR-PhoneStatusBar(  520): NORMAL_BATTERY
D/WifiService(  421): ACTION_BATTERY_CHANGED pluggedType: 2
I/ActivityManager(  421): Start proc com.google.android.apps.maps:GoogleLocationService for service com.google.android.apps.maps/com.google.android.location.internal.server.GoogleLocationService: pid=5088 uid=10045 gids={3003, 1015, 1023, 1028}
I/LocationManagerService(  421): request passive (pid 5088) 0 0
I/ActivityManager(  421): Start proc com.google.android.apps.maps:FriendService for broadcast com.google.android.apps.maps/com.google.googlenav.friend.android.ServiceReceiver: pid=5109 uid=10045 gids={3003, 1015, 1023, 1028}
W/AlarmManager(  421): Set alarm: type= 2 triggerAtTime= 59918962
W/AlarmManager(  421): FACTORY_ON= 0
V/AlarmManager(  421): setRepeating (T:2)20120101T224959 com.google.android.apps.maps (59918962,INT:0)
V/AlarmManager(  421): Adding alarm (T:2 at 5) 20120101T224959 PendingIntent{421233f8: PendingIntentRecord{422eb520 broadcastIntent Key{broadcastIntent pkg=com.google.android.apps.maps intent=act=com.google.android.apps.maps.nlp.ALARM_WAKEUP_CACHE_UPDATER flags=0x0}}} (59918962,INT:0)
D/WifiService(  421): acquireWifiLockLocked: WifiLock{NetworkLocationLocator type=2 binder=android.os.BinderProxy@4227ee18}
W/AlarmManager(  421): Set alarm: type= 2 triggerAtTime= 3758960
W/AlarmManager(  421): FACTORY_ON= 0
V/AlarmManager(  421): setRepeating (T:2)20120101T071359 com.google.android.apps.maps (3758960,INT:0)
V/AlarmManager(  421): Adding alarm (T:2 at 0) 20120101T071359 PendingIntent{42c24228: PendingIntentRecord{43014358 broadcastIntent Key{broadcastIntent pkg=com.google.android.apps.maps intent=act=com.google.android.apps.maps.nlp.ALARM_WAKEUP_LOCATOR flags=0x0}}} (3758960,INT:0)
V/AlarmManager(  421): AlarmManager_setLocked to type=2 as =3758 ans=960000000
V/AlarmManager(  421):  remove] PendingIntent{422fbf10: PendingIntentRecord{42309000 broadcastIntent Key{broadcastIntent pkg=com.google.android.apps.maps intent=act=com.google.android.apps.maps.nlp.ALARM_WAKEUP_BURST_COLLECTION_TRIGGER flags=0x0}}}
W/AlarmManager(  421): Set alarm: type= 2 triggerAtTime= 3758960
W/AlarmManager(  421): FACTORY_ON= 0
V/AlarmManager(  421): setRepeating (T:2)20120101T071359 com.google.android.apps.maps (3758960,INT:0)
V/AlarmManager(  421): Adding alarm (T:2 at 0) 20120101T071359 PendingIntent{422d4b60: PendingIntentRecord{43014358 broadcastIntent Key{broadcastIntent pkg=com.google.android.apps.maps intent=act=com.google.android.apps.maps.nlp.ALARM_WAKEUP_LOCATOR flags=0x0}}} (3758960,INT:0)
V/AlarmManager(  421): AlarmManager_setLocked to type=2 as =3758 ans=960000000
V/AlarmManager(  421):  remove] PendingIntent{42107ba8: PendingIntentRecord{42309000 broadcastIntent Key{broadcastIntent pkg=com.google.android.apps.maps intent=act=com.google.android.apps.maps.nlp.ALARM_WAKEUP_BURST_COLLECTION_TRIGGER flags=0x0}}}
V/AlarmManager(  421):  remove] PendingIntent{420f7638: PendingIntentRecord{42309000 broadcastIntent Key{broadcastIntent pkg=com.google.android.apps.maps intent=act=com.google.android.apps.maps.nlp.ALARM_WAKEUP_BURST_COLLECTION_TRIGGER flags=0x0}}}
W/AlarmManager(  421): Set alarm: type= 2 triggerAtTime= 14553903
W/AlarmManager(  421): FACTORY_ON= 0
V/AlarmManager(  421): setRepeating (T:2)20120101T101354 com.google.android.apps.maps (14553903,INT:0)
V/AlarmManager(  421): Adding alarm (T:2 at 5) 20120101T101354 PendingIntent{420eae20: PendingIntentRecord{4206fe60 broadcastIntent Key{broadcastIntent pkg=com.google.android.apps.maps intent=act=com.google.android.apps.maps.nlp.ALARM_WAKEUP_ACTIVE_COLLECTOR flags=0x0}}} (14553903,INT:0)
W/AlarmManager(  421): Set alarm: type= 2 triggerAtTime= 3758960
W/AlarmManager(  421): FACTORY_ON= 0
V/AlarmManager(  421): setRepeating (T:2)20120101T071359 com.google.android.apps.maps (3758960,INT:0)
V/AlarmManager(  421): Adding alarm (T:2 at 0) 20120101T071359 PendingIntent{41f9e588: PendingIntentRecord{43014358 broadcastIntent Key{broadcastIntent pkg=com.google.android.apps.maps intent=act=com.google.android.apps.maps.nlp.ALARM_WAKEUP_LOCATOR flags=0x0}}} (3758960,INT:0)
V/AlarmManager(  421): AlarmManager_setLocked to type=2 as =3758 ans=960000000
V/AlarmManager(  421):  remove] PendingIntent{422711b0: PendingIntentRecord{42309000 broadcastIntent Key{broadcastIntent pkg=com.google.android.apps.maps intent=act=com.google.android.apps.maps.nlp.ALARM_WAKEUP_BURST_COLLECTION_TRIGGER flags=0x0}}}
W/AlarmManager(  421): Set alarm: type= 2 triggerAtTime= 3758988
W/AlarmManager(  421): FACTORY_ON= 0
V/AlarmManager(  421): setRepeating (T:2)20120101T071359 com.google.android.apps.maps (3758988,INT:0)
V/AlarmManager(  421): Adding alarm (T:2 at 0) 20120101T071359 PendingIntent{41f78c80: PendingIntentRecord{43014358 broadcastIntent Key{broadcastIntent pkg=com.google.android.apps.maps intent=act=com.google.android.apps.maps.nlp.ALARM_WAKEUP_LOCATOR flags=0x0}}} (3758988,INT:0)
V/AlarmManager(  421): AlarmManager_setLocked to type=2 as =3758 ans=988000000
W/AlarmManager(  421): Set alarm: type= 2 triggerAtTime= 3758988
W/AlarmManager(  421): FACTORY_ON= 0
V/AlarmManager(  421): setRepeating (T:2)20120101T071359 com.google.android.apps.maps (3758988,INT:0)
V/AlarmManager(  421): Adding alarm (T:2 at 0) 20120101T071359 PendingIntent{4207bae8: PendingIntentRecord{43014358 broadcastIntent Key{broadcastIntent pkg=com.google.android.apps.maps intent=act=com.google.android.apps.maps.nlp.ALARM_WAKEUP_LOCATOR flags=0x0}}} (3758988,INT:0)
V/AlarmManager(  421): AlarmManager_setLocked to type=2 as =3758 ans=988000000
W/AlarmManager(  421): Set alarm: type= 2 triggerAtTime= 3758988
W/AlarmManager(  421): FACTORY_ON= 0
V/AlarmManager(  421): setRepeating (T:2)20120101T071359 com.google.android.apps.maps (3758988,INT:0)
V/AlarmManager(  421): Adding alarm (T:2 at 0) 20120101T071359 PendingIntent{421873e0: PendingIntentRecord{43014358 broadcastIntent Key{broadcastIntent pkg=com.google.android.apps.maps intent=act=com.google.android.apps.maps.nlp.ALARM_WAKEUP_LOCATOR flags=0x0}}} (3758988,INT:0)
V/AlarmManager(  421): AlarmManager_setLocked to type=2 as =3758 ans=988000000
W/AlarmManager(  421): Set alarm: type= 2 triggerAtTime= 3758988
W/AlarmManager(  421): FACTORY_ON= 0
V/AlarmManager(  421): setRepeating (T:2)20120101T071359 com.google.android.apps.maps (3758988,INT:0)
V/AlarmManager(  421): Adding alarm (T:2 at 0) 20120101T071359 PendingIntent{41c6cc50: PendingIntentRecord{43014358 broadcastIntent Key{broadcastIntent pkg=com.google.android.apps.maps intent=act=com.google.android.apps.maps.nlp.ALARM_WAKEUP_LOCATOR flags=0x0}}} (3758988,INT:0)
V/AlarmManager(  421): AlarmManager_setLocked to type=2 as =3758 ans=988000000
W/AlarmManager(  421): Set alarm: type= 2 triggerAtTime= 3758988
W/AlarmManager(  421): FACTORY_ON= 0
V/AlarmManager(  421): setRepeating (T:2)20120101T071359 com.google.android.apps.maps (3758988,INT:0)
V/AlarmManager(  421): Adding alarm (T:2 at 0) 20120101T071359 PendingIntent{4210fdc8: PendingIntentRecord{43014358 broadcastIntent Key{broadcastIntent pkg=com.google.android.apps.maps intent=act=com.google.android.apps.maps.nlp.ALARM_WAKEUP_LOCATOR flags=0x0}}} (3758988,INT:0)
V/AlarmManager(  421): AlarmManager_setLocked to type=2 as =3758 ans=988000000
V/AlarmManager(  421):  remove] PendingIntent{422ca6f0: PendingIntentRecord{42db7d78 startService Key{startService pkg=com.google.android.apps.maps intent=cmp=com.google.android.apps.maps/com.google.googlenav.prefetch.android.PrefetcherService flags=0x0}}}
W/AlarmManager(  421): Set alarm: type= 2 triggerAtTime= 5400000
W/AlarmManager(  421): FACTORY_ON= 0
V/AlarmManager(  421): setRepeating (T:2)20120101T074120 com.google.android.apps.maps (5400000,INT:900000)
V/AlarmManager(  421): Adding alarm (T:2 at 4) 20120101T074120 PendingIntent{422de070: PendingIntentRecord{42db7d78 startService Key{startService pkg=com.google.android.apps.maps intent=cmp=com.google.android.apps.maps/com.google.googlenav.prefetch.android.PrefetcherService flags=0x0}}} (5400000,INT:900000)
I/ActivityManager(  421): Start proc com.google.android.apps.maps:LocationFriendService for broadcast com.google.android.apps.maps/com.google.googlenav.friend.reporting.LocationReportingIntentReceiver: pid=5122 uid=10045 gids={3003, 1015, 1023, 1028}
I/ActivityManager(  421): No longer want com.android.pagebuddynotisvc (pid 3953) (adj 13) : hidden #30
W/ActivityManager(  421): Scheduling restart of crashed service com.android.pagebuddynotisvc/.PageBuddyNotiSvc in 5000ms
W/AlarmManager(  421): Set alarm: type= 2 triggerAtTime= 86432630
W/AlarmManager(  421): FACTORY_ON= 0
V/AlarmManager(  421): setRepeating (T:2)20120102T061153 com.google.android.location (86432630,INT:0)
V/AlarmManager(  421): Adding alarm (T:2 at 7) 20120102T061153 PendingIntent{422c6c68: PendingIntentRecord{422b36d8 broadcastIntent Key{broadcastIntent pkg=com.google.android.location intent=act=com.google.android.location.nlp.ALARM_WAKEUP_LOCATOR flags=0x0}}} (86432630,INT:0)
W/AlarmManager(  421): Set alarm: type= 2 triggerAtTime= 2147487400988
W/AlarmManager(  421): FACTORY_ON= 0
V/AlarmManager(  421): setRepeating (T:2)19431214T045945 com.google.android.apps.maps (2147487400988,INT:0)
V/AlarmManager(  421): Adding alarm (T:2 at 7) 19431214T045945 PendingIntent{422c6608: PendingIntentRecord{43014358 broadcastIntent Key{broadcastIntent pkg=com.google.android.apps.maps intent=act=com.google.android.apps.maps.nlp.ALARM_WAKEUP_LOCATOR flags=0x0}}} (2147487400988,INT:0)
D/WifiService(  421): releaseWifiLockLocked: WifiLock{NetworkLocationLocator type=2 binder=android.os.BinderProxy@4227ee18}
D/BatteryService(  421): update start
V/AlarmManager(  421): waitForAlarm result :4
V/AlarmManager(  421): AlarmManager_setLocked to type=2 as =4500 ans=0
V/AlarmManager(  421): waitForAlarm result :8
V/AlarmManager(  421): AlarmManager_setLocked to type=3 as =4312 ans=919000000
V/AlarmManager(  421): sending alarm Alarm{42e2f2b0 type 3 PendingIntent{42122ad8: PendingIntentRecord{41fe0018 broadcastIntent Key{broadcastIntent pkg=android intent=act=android.intent.action.TIME_TICK flg=0x40000000 flags=0x0}}}}
I/ActivityManager(  421): No longer want com.sec.android.widgetapp.alarmclock (pid 3984) (adj 13) : hidden #30
V/AlarmManager(  421): ClockReceiver onReceive() ACTION_TIME_TICK
W/AlarmManager(  421): Set alarm: type= 3 triggerAtTime= 3819304
W/AlarmManager(  421): FACTORY_ON= 0
V/AlarmManager(  421): setRepeating (T:3)20120101T071500 android (3819304,INT:0)
V/AlarmManager(  421): Adding alarm (T:3 at 0) 20120101T071500 PendingIntent{42122ad8: PendingIntentRecord{41fe0018 broadcastIntent Key{broadcastIntent pkg=android intent=act=android.intent.action.TIME_TICK flg=0x40000000 flags=0x0}}} (3819304,INT:0)
V/AlarmManager(  421): AlarmManager_setLocked to type=3 as =3819 ans=304000000
D/STATUSBAR-Clock(  520): onReceive() - ACTION_TIME_TICK
W/ActivityManager(  421): Scheduling restart of crashed service com.sec.android.widgetapp.alarmclock/.ClockAlarmWidgetService in 10143ms
D/STATUSBAR-Clock(  520): onReceive() - ACTION_TIME_TICK
W/BroadcastQueue(  421): Failure sending broadcast Intent { act=android.intent.action.TIME_TICK flg=0x40000014 (has extras) }
W/BroadcastQueue(  421): android.os.DeadObjectException
W/BroadcastQueue(  421): 	at android.os.BinderProxy.transact(Native Method)
W/BroadcastQueue(  421): 	at android.content.IIntentReceiver$Stub$Proxy.performReceive(IIntentReceiver.java:121)
W/BroadcastQueue(  421): 	at com.android.server.am.BroadcastQueue.performReceiveLocked(BroadcastQueue.java:366)
W/BroadcastQueue(  421): 	at com.android.server.am.BroadcastQueue.deliverToRegisteredReceiverLocked(BroadcastQueue.java:428)
W/BroadcastQueue(  421): 	at com.android.server.am.BroadcastQueue.processNextBroadcast(BroadcastQueue.java:635)
W/BroadcastQueue(  421): 	at com.android.server.am.ActivityManagerService.finishReceiver(ActivityManagerService.java:14069)
W/BroadcastQueue(  421): 	at android.app.ActivityManagerNative.onTransact(ActivityManagerNative.java:366)
W/BroadcastQueue(  421): 	at com.android.server.am.ActivityManagerService.onTransact(ActivityManagerService.java:1754)
W/BroadcastQueue(  421): 	at android.os.Binder.execTransact(Binder.java:367)
W/BroadcastQueue(  421): 	at com.android.server.SystemServer.init1(Native Method)
W/BroadcastQueue(  421): 	at com.android.server.SystemServer.main(SystemServer.java:2105)
W/BroadcastQueue(  421): 	at java.lang.reflect.Method.invokeNative(Native Method)
W/BroadcastQueue(  421): 	at java.lang.reflect.Method.invoke(Method.java:511)
W/BroadcastQueue(  421): 	at com.android.internal.os.ZygoteInit$MethodAndArgsCaller.run(ZygoteInit.java:1038)
W/BroadcastQueue(  421): 	at com.android.internal.os.ZygoteInit.main(ZygoteInit.java:805)
W/BroadcastQueue(  421): 	at dalvik.system.NativeStart.main(Native Method)
I/ActivityManager(  421): Start proc com.android.pagebuddynotisvc for service com.android.pagebuddynotisvc/.PageBuddyNotiSvc: pid=5138 uid=10071 gids={1028}
D/BatteryService(  421): update start
D/BatteryService(  421): update start
I/ActivityManager(  421): Start proc com.sec.android.widgetapp.alarmclock for service com.sec.android.widgetapp.alarmclock/.ClockAlarmWidgetService: pid=5151 uid=10112 gids={1028}
D/BatteryService(  421): update start
D/BatteryService(  421): update start
D/BatteryService(  421): update start
D/BatteryService(  421): level:100 scale:100 status:5 health:2 present:true voltage: 4359 temperature: 281 technology: Li-ion AC powered:false USB powered:true icon:17303267 invalid charger:0 online:0 charge type:0 current avg:0
D/BatteryService(  421): turn on LED for fully charged
D/WifiService(  421): ACTION_BATTERY_CHANGED pluggedType: 2
D/STATUSBAR-BatteryController(  520): onReceive() - ACTION_BATTERY_CHANGED
D/STATUSBAR-BatteryController(  520): onReceive() - level:100
D/STATUSBAR-BatteryController(  520): onReceive() - plugged:2
D/STATUSBAR-BatteryController(  520): onReceive() - BATTERY_STATUS_FULL:
D/STATUSBAR-PhoneStatusBar(  520): ACTION_BATTERY_CHANGED
D/STATUSBAR-PhoneStatusBar(  520): NORMAL_BATTERY
--------- beginning of /dev/log/main
I/logserver( 5175): 1115341.619      0.023 isp-tuner-focus: cf_collect_color_stats_auto_thresh evaluates Auto FOM trigger:
I/logserver( 5175): 1115341.671      0.052 isp-tuner-focus: cf_collect_color_stats_auto_thresh evaluates pwl with 0 as 5000, gives min_stddev as 5000 and max_stddev as 2147483647
I/logserver( 5175): 1115341.723      0.052 isp-tuner-focus: cf_collect_color_stats_auto_thresh: local_stddev 4775, sum_sq 31917110000000.000000, num 17, sum 23293440.000000
I/logserver( 5175): 1115341.780      0.057 isp-tuner-focus: cf_collect_color_stats_auto_thresh: Low threshold is 1360710, Mean is 1370202, high threshold is 1379694. Std dev is 5000, threshold calc was 
I/logserver( 5175): 1115341.824      0.044 isp-tuner-focus: cf_collect_color_stats_auto_thresh evaluates pwl with 0 as 150, gives min_stddev as 150 and max_stddev as 2147483647
I/logserver( 5175): 1115341.878      0.054 isp-tuner-focus: cf_collect_color_stats_auto_thresh: local_stddev 23, sum_sq 5064957.000000, num 10, sum 7113.000000
I/logserver( 5175): 1115341.925      0.047 isp-tuner-focus: cf_collect_color_stats_auto_thresh: Low threshold is 0, Mean is 711, high threshold is 0. Std dev is 150, threshold calc was 
I/logserver( 5175): 1115341.967      0.042 isp-tuner-focus: cf_collect_color_stats_auto_thresh evaluates pwl with 0 as 150, gives min_stddev as 150 and max_stddev as 2147483647
I/logserver( 5175): 1115342.017      0.050 isp-tuner-focus: cf_collect_color_stats_auto_thresh: local_stddev 9, sum_sq 2381275.000000, num 10, sum 4879.000000
I/logserver( 5175): 1115342.068      0.051 isp-tuner-focus: cf_collect_color_stats_auto_thresh: Low threshold is 0, Mean is 487, high threshold is 0. Std dev is 150, threshold calc was 
I/logserver( 5175): 1115342.112      0.044 isp-tuner-focus: cf_collect_color_stats_auto_thresh evaluates pwl with 0 as 150, gives min_stddev as 150 and max_stddev as 2147483647
I/logserver( 5175): 1115342.162      0.050 isp-tuner-focus: cf_collect_color_stats_auto_thresh: local_stddev 21, sum_sq 5925995.000000, num 10, sum 7695.000000
I/logserver( 5175): 1115342.212      0.050 isp-tuner-focus: cf_collect_color_stats_auto_thresh: Low threshold is 0, Mean is 769, high threshold is 0. Std dev is 150, threshold calc was 
I/logserver( 5175): 1115342.260      0.048 isp-tuner-focus: cf_collect_color_stats_auto_thresh evaluates pwl with 0 as 150, gives min_stddev as 150 and max_stddev as 2147483647
I/logserver( 5175): 1115342.312      0.052 isp-tuner-focus: cf_collect_color_stats_auto_thresh: local_stddev 6, sum_sq 1818610.000000, num 10, sum 4264.000000
I/logserver( 5175): 1115342.358      0.046 isp-tuner-focus: cf_collect_color_stats_auto_thresh: Low threshold is 0, Mean is 426, high threshold is 0. Std dev is 150, threshold calc was 
I/logserver( 5175): 1115342.406      0.048 isp-tuner-focus: cf_collect_color_stats_auto_thresh evaluates pwl with 0 as 150, gives min_stddev as 150 and max_stddev as 2147483647
I/logserver( 5175): 1115342.461      0.055 isp-tuner-focus: cf_collect_color_stats_auto_thresh: local_stddev 10, sum_sq 2154923.000000, num 10, sum 4641.000000
I/logserver( 5175): 1115342.510      0.049 isp-tuner-focus: cf_collect_color_stats_auto_thresh: Low threshold is 0, Mean is 464, high threshold is 0. Std dev is 150, threshold calc was 
I/logserver( 5175): 1115342.554      0.044 isp-tuner-focus: cf_collect_color_stats_auto_thresh evaluates pwl with 0 as 150, gives min_stddev as 150 and max_stddev as 2147483647
I/logserver( 5175): 1115342.603      0.049 isp-tuner-focus: cf_collect_color_stats_auto_thresh: local_stddev 19, sum_sq 9519803.000000, num 10, sum 9755.000000
I/logserver( 5175): 1115342.657      0.054 isp-tuner-focus: cf_collect_color_stats_auto_thresh: Low threshold is 0, Mean is 975, high threshold is 0. Std dev is 150, threshold calc was 
I/logserver( 5175): 1115342.704      0.047 isp-tuner-focus: cf_collect_color_stats_auto_thresh evaluates pwl with 0 as 150, gives min_stddev as 150 and max_stddev as 2147483647
I/logserver( 5175): 1115342.758      0.054 isp-tuner-focus: cf_collect_color_stats_auto_thresh: local_stddev 14, sum_sq 6189426.000000, num 10, sum 7866.000000
I/logserver( 5175): 1115342.806      0.048 isp-tuner-focus: cf_collect_color_stats_auto_thresh: Low threshold is 0, Mean is 786, high threshold is 0. Std dev is 150, threshold calc was 
I/logserver( 5175): 1115342.852      0.046 isp-tuner-focus: cf_collect_color_stats_auto_thresh evaluates pwl with 0 as 150, gives min_stddev as 150 and max_stddev as 2147483647
I/logserver( 5175): 1115342.904      0.052 isp-tuner-focus: cf_collect_color_stats_auto_thresh: local_stddev 21, sum_sq 14013720.000000, num 10, sum 11836.000000
I/logserver( 5175): 1115342.954      0.050 isp-tuner-focus: cf_collect_color_stats_auto_thresh: Low threshold is 0, Mean is 1183, high threshold is 0. Std dev is 150, threshold calc was 
I/logserver( 5175): 1115343.056      0.102 isp-tuner-focus: cf_compare_FOM_to_max: max_fom is :1420288:, hysteresis calc gives :77672:, low thresh of :1342616:, upper thresh of :1497960:, min hysteresis of :2781:, current FOM is :1369600:, hill_tol x :0:, hill_tol y :14:  hill_tol_factor is :0:
I/logserver( 5175): 1115343.075      0.019 isp-tuner-focus: cf_compare_FOM_to_max: SAME
I/logserver( 5175): 1115343.104      0.029 isp-tuner-focus: cf_calc_woi_changes: 8 regions out of 8 saw motion. Allow a search? 1
I/logserver( 5175): 1115343.164      0.060 isp-tuner-focus: monitor_green_during_movement: green of :72: last frame was :72: giving diff :0: threshold of :15: min threshold of :400: returns :0:
I/logserver( 5175): 1115343.195      0.031 isp-tuner-focus: cf_check_FOM_change: no search triggers seen
I/logserver( 5175): 1115343.215      0.020 isp-tuner-focus: cf_update_metadata: state: CF_WATCHING 	 metadata: WATCH
I/logserver( 5175): 1115343.322      0.107 isp-tuner-focus: CAF State Machine - End: state=:CF_WATCHING: current_pos :200: rawFOM :1369600: check_post_update :1:, face? :0:, zoom? :0: Best so far, pos:200: fom :1420288: done_both_dir: 1: reason : 0: state_timer_started_at :0:
I/logserver( 5175): 1115343.358      0.036 isp-tuner-focus: CAF Timers - End: current_time: 1115343332: search_start_time :0:
I/logserver( 5175): 1115343.603      0.245 isp-tuner-focus: CAF_MATLAB: 4: 1369600: 0: 6: 1420288: 58: 97: 44: 170: 128: 170: 42: 29992: 29992: 1369600: 1376256: 4: 5000: 5000: 0: 5000: 5000: 72: 72: 0: 0: 0: 72: 6815744: 3251: 5: 200: 42: 102: 1360710: 1379694: done
I/logserver( 5175): 1115351.431      7.828 isp-tuner-focus: CAF_MATLAB_CONFIG_WOI: 0: 979: 734: 979: 1305: 0
I/logserver( 5175): 1115351.471      0.040 isp-tuner-focus: CAF_MATLAB_CONFIG_WOI: 1: 326: 244: 244: 326: 1
I/logserver( 5175): 1115351.509      0.038 isp-tuner-focus: CAF_MATLAB_CONFIG_WOI: 2: 326: 1101: 244: 326: 1
I/logserver( 5175): 1115351.546      0.037 isp-tuner-focus: CAF_MATLAB_CONFIG_WOI: 3: 326: 1958: 244: 326: 1
I/logserver( 5175): 1115351.586      0.040 isp-tuner-focus: CAF_MATLAB_CONFIG_WOI: 4: 1468: 244: 244: 326: 1
I/logserver( 5175): 1115351.624      0.038 isp-tuner-focus: CAF_MATLAB_CONFIG_WOI: 5: 1468: 1958: 244: 326: 1
I/logserver( 5175): 1115351.663      0.039 isp-tuner-focus: CAF_MATLAB_CONFIG_WOI: 6: 2611: 244: 244: 326: 1
I/logserver( 5175): 1115351.704      0.041 isp-tuner-focus: CAF_MATLAB_CONFIG_WOI: 7: 2611: 1101: 244: 326: 1
I/logserver( 5175): 1115351.739      0.035 isp-tuner-focus: CAF_MATLAB_CONFIG_WOI: 8: 2611: 1958: 244: 326: 1
I/logserver( 5175): 1115401.089     49.350 isp-tuner-focus: Start of post_isp_update state:2:substate:4: check_post_isp_update: 1: metadata :0: status: 0: current_pos: 200: status flags 0:  frame: 156:
I/logserver( 5175): 1115401.231      0.142 isp-tuner-focus: CAF State Machine - Start: state=:CF_WATCHING: current_pos :200: rawFOM :1374976: check_post_update :1:, face? :0:, zoom? :0: Best so far, pos:200: fom :1420288: done_both_dir: 1: reason : 0: state_timer_started_at :0:
I/logserver( 5175): 1115401.267      0.036 isp-tuner-focus: CAF Timers - Start: current_time: 1115401243: search_start_time :0:
I/logserver( 5175): 1115401.302      0.035 isp-tuner-focus: cf_collect_color_stats_auto_thresh evaluates Auto green trigger:
I/logserver( 5175): 1115401.344      0.042 isp-tuner-focus: cf_collect_color_stats_auto_thresh evaluates pwl with 0 as 30, gives min_stddev as 15 and max_stddev as 30
I/logserver( 5175): 1115401.396      0.052 isp-tuner-focus: cf_collect_color_stats_auto_thresh: local_stddev 0, sum_sq 78195.000000, num 15, sum 1083.000000
I/logserver( 5175): 1115401.446      0.050 isp-tuner-focus: cf_collect_color_stats_auto_thresh: Low threshold is 42, Mean is 72, high threshold is 102. Std dev is 15, threshold calc was 
I/logserver( 5175): 1115401.467      0.021 isp-tuner-focus: cf_collect_color_stats_auto_thresh evaluates Auto FOM trigger:
I/logserver( 5175): 1115401.509      0.042 isp-tuner-focus: cf_collect_color_stats_auto_thresh evaluates pwl with 0 as 5000, gives min_stddev as 5000 and max_stddev as 2147483647
I/logserver( 5175): 1115401.560      0.051 isp-tuner-focus: cf_collect_color_stats_auto_thresh: local_stddev 4593, sum_sq 31911470000000.000000, num 17, sum 23291390.000000
I/logserver( 5175): 1115401.614      0.054 isp-tuner-focus: cf_collect_color_stats_auto_thresh: Low threshold is 1360589, Mean is 1370081, high threshold is 1379573. Std dev is 5000, threshold calc was 
I/logserver( 5175): 1115401.655      0.041 isp-tuner-focus: cf_collect_color_stats_auto_thresh evaluates pwl with 0 as 150, gives min_stddev as 150 and max_stddev as 2147483647
I/logserver( 5175): 1115401.705      0.050 isp-tuner-focus: cf_collect_color_stats_auto_thresh: local_stddev 22, sum_sq 5044713.000000, num 10, sum 7099.000000
I/logserver( 5175): 1115401.750      0.045 isp-tuner-focus: cf_collect_color_stats_auto_thresh: Low threshold is 0, Mean is 709, high threshold is 0. Std dev is 150, threshold calc was 
I/logserver( 5175): 1115401.791      0.041 isp-tuner-focus: cf_collect_color_stats_auto_thresh evaluates pwl with 0 as 150, gives min_stddev as 150 and max_stddev as 2147483647
I/logserver( 5175): 1115401.838      0.047 isp-tuner-focus: cf_collect_color_stats_auto_thresh: local_stddev 10, sum_sq 2403055.000000, num 10, sum 4901.000000
I/logserver( 5175): 1115401.885      0.047 isp-tuner-focus: cf_collect_color_stats_auto_thresh: Low threshold is 0, Mean is 490, high threshold is 0. Std dev is 150, threshold calc was 
I/logserver( 5175): 1115401.931      0.046 isp-tuner-focus: cf_collect_color_stats_auto_thresh evaluates pwl with 0 as 150, gives min_stddev as 150 and max_stddev as 2147483647
I/logserver( 5175): 1115401.980      0.049 isp-tuner-focus: cf_collect_color_stats_auto_thresh: local_stddev 23, sum_sq 5962174.000000, num 10, sum 7718.000000
I/logserver( 5175): 1115402.026      0.046 isp-tuner-focus: cf_collect_color_stats_auto_thresh: Low threshold is 0, Mean is 771, high threshold is 0. Std dev is 150, threshold calc was 
I/logserver( 5175): 1115402.069      0.043 isp-tuner-focus: cf_collect_color_stats_auto_thresh evaluates pwl with 0 as 150, gives min_stddev as 150 and max_stddev as 2147483647
I/logserver( 5175): 1115402.118      0.049 isp-tuner-focus: cf_collect_color_stats_auto_thresh: local_stddev 5, sum_sq 1844991.000000, num 10, sum 4295.000000
I/logserver( 5175): 1115402.169      0.051 isp-tuner-focus: cf_collect_color_stats_auto_thresh: Low threshold is 0, Mean is 429, high threshold is 0. Std dev is 150, threshold calc was 
I/logserver( 5175): 1115402.211      0.042 isp-tuner-focus: cf_collect_color_stats_auto_thresh evaluates pwl with 0 as 150, gives min_stddev as 150 and max_stddev as 2147483647
I/logserver( 5175): 1115402.259      0.048 isp-tuner-focus: cf_collect_color_stats_auto_thresh: local_stddev 7, sum_sq 2178635.000000, num 10, sum 4667.000000
I/logserver( 5175): 1115402.307      0.048 isp-tuner-focus: cf_collect_color_stats_auto_thresh: Low threshold is 0, Mean is 466, high threshold is 0. Std dev is 150, threshold calc was 
I/logserver( 5175): 1115402.348      0.041 isp-tuner-focus: cf_collect_color_stats_auto_thresh evaluates pwl with 0 as 150, gives min_stddev as 150 and max_stddev as 2147483647
I/logserver( 5175): 1115402.397      0.049 isp-tuner-focus: cf_collect_color_stats_auto_thresh: local_stddev 18, sum_sq 9550715.000000, num 10, sum 9771.000000
I/logserver( 5175): 1115402.447      0.050 isp-tuner-focus: cf_collect_color_stats_auto_thresh: Low threshold is 0, Mean is 977, high threshold is 0. Std dev is 150, threshold calc was 
I/logserver( 5175): 1115402.520      0.073 isp-tuner-focus: cf_collect_color_stats_auto_thresh evaluates pwl with 0 as 150, gives min_stddev as 150 and max_stddev as 2147483647
I/logserver( 5175): 1115402.570      0.050 isp-tuner-focus: cf_collect_color_stats_auto_thresh: local_stddev 13, sum_sq 6198714.000000, num 10, sum 7872.000000
I/logserver( 5175): 1115402.616      0.046 isp-tuner-focus: cf_collect_color_stats_auto_thresh: Low threshold is 0, Mean is 787, high threshold is 0. Std dev is 150, threshold calc was 
I/logserver( 5175): 1115402.658      0.042 isp-tuner-focus: cf_collect_color_stats_auto_thresh evaluates pwl with 0 as 150, gives min_stddev as 150 and max_stddev as 2147483647
I/logserver( 5175): 1115402.707      0.049 isp-tuner-focus: cf_collect_color_stats_auto_thresh: local_stddev 22, sum_sq 14085060.000000, num 10, sum 11866.000000
I/logserver( 5175): 1115402.754      0.047 isp-tuner-focus: cf_collect_color_stats_auto_thresh: Low threshold is 0, Mean is 1186, high threshold is 0. Std dev is 150, threshold calc was 
I/logserver( 5175): 1115402.854      0.100 isp-tuner-focus: cf_compare_FOM_to_max: max_fom is :1420288:, hysteresis calc gives :77672:, low thresh of :1342616:, upper thresh of :1497960:, min hysteresis of :2781:, current FOM is :1374976:, hill_tol x :0:, hill_tol y :14:  hill_tol_factor is :0:
I/logserver( 5175): 1115402.875      0.021 isp-tuner-focus: cf_compare_FOM_to_max: SAME
I/logserver( 5175): 1115402.904      0.029 isp-tuner-focus: cf_calc_woi_changes: 8 regions out of 8 saw motion. Allow a search? 1
I/logserver( 5175): 1115402.959      0.055 isp-tuner-focus: monitor_green_during_movement: green of :72: last frame was :72: giving diff :0: threshold of :15: min threshold of :400: returns :0:
I/logserver( 5175): 1115402.988      0.029 isp-tuner-focus: cf_check_FOM_change: no search triggers seen
I/logserver( 5175): 1115403.008      0.020 isp-tuner-focus: cf_update_metadata: state: CF_WATCHING 	 metadata: WATCH
I/logserver( 5175): 1115403.119      0.111 isp-tuner-focus: CAF State Machine - End: state=:CF_WATCHING: current_pos :200: rawFOM :1374976: check_post_update :1:, face? :0:, zoom? :0: Best so far, pos:200: fom :1420288: done_both_dir: 1: reason : 0: state_timer_started_at :0:
I/logserver( 5175): 1115403.155      0.036 isp-tuner-focus: CAF Timers - End: current_time: 1115403131: search_start_time :0:
I/logserver( 5175): 1115403.397      0.242 isp-tuner-focus: CAF_MATLAB: 4: 1374976: 0: 5: 1420288: 57: 97: 44: 170: 128: 170: 42: 29992: 29992: 1374976: 1369600: 4: 5000: 5000: 0: 5000: 5000: 72: 72: 0: 0: 0: 72: 5505024: 3251: 5: 200: 42: 102: 1360589: 1379573: done
I/logserver( 5175): 1115411.391      7.994 isp-tuner-focus: CAF_MATLAB_CONFIG_WOI: 0: 979: 734: 979: 1305: 0
I/logserver( 5175): 1115411.431      0.040 isp-tuner-focus: CAF_MATLAB_CONFIG_WOI: 1: 326: 244: 244: 326: 1
I/logserver( 5175): 1115411.469      0.038 isp-tuner-focus: CAF_MATLAB_CONFIG_WOI: 2: 326: 1101: 244: 326: 1
I/logserver( 5175): 1115411.507      0.038 isp-tuner-focus: CAF_MATLAB_CONFIG_WOI: 3: 326: 1958: 244: 326: 1
I/logserver( 5175): 1115411.549      0.042 isp-tuner-focus: CAF_MATLAB_CONFIG_WOI: 4: 1468: 244: 244: 326: 1
I/logserver( 5175): 1115411.585      0.036 isp-tuner-focus: CAF_MATLAB_CONFIG_WOI: 5: 1468: 1958: 244: 326: 1
I/logserver( 5175): 1115411.626      0.041 isp-tuner-focus: CAF_MATLAB_CONFIG_WOI: 6: 2611: 244: 244: 326: 1
